
> semforge@0.1.0 verify
> npm run lint && npm run typecheck && npm run test


> semforge@0.1.0 lint
> eslint


> semforge@0.1.0 typecheck
> tsc --noEmit


> semforge@0.1.0 test
> tsx --test "src/**/*.test.ts" "src/**/*.test.tsx" "scripts/**/*.test.ts"

▶ invite CLI argument parsing
  ✔ normalizes the required email and workspace name (1.341958ms)
  ✔ rejects missing, malformed, duplicate, and unsupported arguments (0.333666ms)
✔ invite CLI argument parsing (2.292959ms)
▶ invite CLI execution
  ✔ calls the auth service before printing its raw token exactly once (0.828583ms)
  ✔ returns a nonzero code without leaking database errors or printing a token (0.244708ms)
  ✔ rejects a malformed service token without writing any stdout (0.179458ms)
  ✔ rejects an invite that expires more than seven days after verification (0.266917ms)
  ✔ requests only the operator database role in the production wiring (0.21275ms)
  ✔ hard-fails without OPERATOR_DATABASE_URL (2.151125ms)
  ✔ rejects an existing-workspace invite before calling the service (0.143583ms)
✔ invite CLI execution (4.341083ms)
✔ Next production build는 standalone output을 생성한다 (12.431291ms)
✔ package build script는 secret 없는 build service profile을 강제한다 (1.169625ms)
✔ Dockerfile은 Node 24 web/pipeline/migrator target과 non-root Chromium/Noto runtime을 제공한다 (9.23375ms)
✔ Docker worker는 dispatcher claim과 tenant DB가 분리된 production composition을 사용한다 (4.623083ms)
✔ entrypoint와 compose는 migration 성공 뒤 web/worker/relay/scheduler를 분리 실행한다 (2.486375ms)
✔ Kubernetes 예시는 worker/relay/scheduler secret과 실행 역할을 분리한다 (3.126375ms)
✔ 환경 예시는 report delivery 변수 이름만 제공하고 역할별 env_file secret 주입을 유지한다 (2.690916ms)
✔ nginx 예시는 TLS 1.2+, auth rate limit, streaming proxy 보안을 포함한다 (1.205542ms)
✔ 운영 runbook은 TLS/PITR, object version restore, backup, previous-image rollback을 실행 순서로 고정한다 (1.787958ms)
✔ 공개 홈은 주간 검색 가시성 제품과 초대 전용 베타를 설명한다 (29.135625ms)
✔ 로그인 페이지는 데모 계정 없이 인증 폼을 제공한다 (5.001042ms)
✔ 앱 개요는 실제 사이트·리포트·GSC API를 함께 확인하며 임의 KPI를 표시하지 않는다 (6.777667ms)
✔ 허용 앱 화면은 승인된 v1 API 경계만 사용한다 (64.767833ms)
✔ checkout envelope는 같은 origin의 고정 billing callback 계약만 허용한다 (1.604916ms)
✔ launch는 서버 customerKey로 Toss payment를 만들고 CARD 자동결제 인증을 요청한다 (0.232167ms)
✔ success callback은 authKey/customerKey를 한 번만 파싱하고 provider message는 무시한다 (0.259167ms)
✔ callback POST는 customerKey를 서버 설정과 대조하고 안정적인 멱등키를 보낸다 (94.649459ms)
✔ BrandMark는 독립 SEMForge 이름과 주간 가시성 메시지만 제공한다 (19.090541ms)
✔ AppShell은 허용된 핵심 앱 탐색과 모바일 탐색을 접근 가능하게 렌더링한다 (18.858625ms)
✔ StatusPanel은 loading, error, empty, partial 상태를 숫자 조작 없이 구분한다 (2.454ms)
✔ ProductLimitSummary는 유료 베타의 실제 한도를 고정해 설명한다 (0.683167ms)
✔ AuthForm은 인증 종류별 실제 API 경계를 form에 노출한다 (1.904959ms)
✔ 인증 payload는 식별자 공백만 정리하고 비밀번호 원문은 보존한다 (13.248542ms)
✔ API envelope 분류는 빈 데이터와 일부 데이터를 구분한다 (0.140834ms)
✔ DataEndpointBoundary는 실제 v1 endpoint를 로딩 상태에 표시한다 (0.542209ms)
✔ API 경계는 성공 상태의 비 JSON 응답을 빈 데이터로 오인하지 않는다 (28.792709ms)
✔ WorkspaceSettingsForm은 reports branding API와 정확한 브랜드 입력을 연결한다 (0.972083ms)
✔ 브라우저 mutation은 tenant 식별자 재정의를 fetch 전에 거부한다 (0.724625ms)
✔ 정상 mutation은 같은 origin 쿠키와 매 요청 idempotency key를 사용한다 (18.608625ms)
✔ 사이트 목록은 실제 레코드와 3개 한도를 보여 주되 workspace 식별자는 노출하지 않는다 (39.859667ms)
✔ 사이트 상세 계약은 rank/AIO 추적과 GSC binding을 읽고 tenant override를 버린다 (2.399417ms)
✔ 불변 리포트는 확인된 값과 누락 section을 한글로 렌더하고 workspace ID를 숨긴다 (18.408958ms)
✔ past_due 구독은 과거 리포트 외 화면을 읽기 전용으로 만들고 결제 복구는 허용한다 (10.82ms)
✔ 계약 파서는 임의 KPI·잘못된 색상·불완전 tenant 응답을 수용하지 않는다 (13.373ms)
✔ 개요는 실제 API 건수와 준비 순서만 표시하고 임의 성과 KPI를 만들지 않는다 (5.107542ms)
✔ GSC 연결 목록은 readonly scope와 실제 만료 시각만 보여 주고 tenant ID를 숨긴다 (0.845ms)
✔ Node 24와 TypeScript·TSX 테스트 파일을 모두 실행하는 기본 계약을 고정한다 (0.45675ms)
✔ 삭제된 레거시 기능을 가리키는 실행 스크립트가 없다 (0.840166ms)
✔ 삭제된 레거시 UI 전용 런타임 패키지가 없다 (0.256542ms)
✔ 핵심 웹·PostgreSQL·PDF 자산 의존성은 유지한다 (0.09475ms)
✔ 발견된 App Router 페이지는 제품 페이지 허용 목록 안에만 존재한다 (5.993333ms)
✔ 발견된 Route Handler는 v1 제품 API와 health 허용 목록 안에만 존재한다 (3.808167ms)
✔ 제품 소스에는 레거시 기능 경로와 SQLite·복제 제품 흔적이 없다 (42.763833ms)
✔ 공개 자산과 제품 문서에는 clone 자산·구 URL redirect·SQLite 흔적이 없다 (2.092334ms)
✔ fresh migration과 두 번째 migration 실행이 모두 성공한다 (3598.743917ms)
✔ workspace당 네 번째 site를 거부한다 (62.516958ms)
✔ site당 active rank와 aio query를 각각 20개까지만 허용한다 (90.747208ms)
✔ web role은 transaction-local workspace 밖의 row를 볼 수 없다 (5.708209ms)
✔ web, dispatcher, scheduler, worker, billing role은 BYPASSRLS가 아니다 (3.236208ms)
✔ worker role은 audit_events에 INSERT만 허용하고 기록을 읽을 수 없다 (42.397375ms)
✔ worker role은 transaction-local workspace 밖 tenant row와 global queue에 접근하지 못한다 (6.8175ms)
✔ worker role은 자기 workspace report outbox 최소 컬럼만 INSERT하고 조회·수정·tenant 이탈은 거부된다 (22.206375ms)
✔ dispatcher role은 jobs/outbox만 전역 처리하고 tenant domain row는 읽지 못한다 (4.101042ms)
✔ scheduler role은 canonical collection outbox 입력 컬럼만 사용한다 (3.331584ms)
✔ job/outbox request hash는 직접 변조해도 canonical 중요 필드에서 다시 계산된다 (4.798458ms)
✔ NAVER/GSC provenance schema는 source/status와 tenant 복합 FK를 실제 DB에서 강제한다 (4.422375ms)
✔ billing role은 fingerprint 결제수단과 append-only ledger만 변경한다 (6.467833ms)
✔ DB도 GSC token과 Toss billing key의 평문 저장을 거부한다 (1.096ms)
✔ auth role은 pre-tenant 인증 트랜잭션에 필요한 최소 권한과 RLS 정책만 가진다 (141.239083ms)
✔ auth role은 password reset outbox를 INSERT만 할 수 있고 tenant outbox payload를 SELECT할 수 없다 (12.1605ms)
✔ auth role은 billing provisioning INSERT만 허용하고 billing SELECT를 노출하지 않는다 (8.166416ms)
✔ auth role은 초대 intent에서 신규 workspace·owner membership·session을 원자 생성한다 (41.017875ms)
✔ auth 수락 트랜잭션 중간 실패는 account와 workspace 생성을 전부 rollback한다 (44.60825ms)
✔ invite provisioning 제약은 잘못된 상태·역할·해시와 pending 중복을 거부한다 (30.804458ms)
✔ auth role은 만료된 invite intent를 잠그거나 수락하지 못한다 (3.687375ms)
✔ operator는 만료 intent만 supersede하고 경쟁 재발급에서 pending 하나만 남긴다 (53.737334ms)
✔ operator role은 NOLOGIN 권한 그룹이며 invites SELECT/INSERT 권한만 가진다 (73.028ms)
✔ operator는 7일 초대를 발급하지만 인증·사이트·결제 데이터에는 접근하지 못한다 (51.562458ms)
✔ auth runtime은 AUTH_DATABASE_URL만 사용하고 migration owner URL을 재사용하지 않는다 (2.557542ms)
✔ 공개 상태 enum은 제품 계약과 정확히 일치한다 (1.103709ms)
✔ 모든 tenant domain table은 non-null workspace_id를 가진다 (2.35625ms)
✔ tracked_queries는 workspace와 site를 함께 참조한다 (0.170084ms)
✔ usage reservation은 provider call을 같은 workspace 복합 FK로 고정한다 (0.151459ms)
✔ migration snapshot도 provider call 연결 컬럼을 usage reservation에 기록한다 (1.779458ms)
✔ job/outbox canonical request hash는 schema와 migration snapshot에 함께 존재한다 (0.748458ms)
✔ worker report outbox INSERT tenant policy는 schema와 canonical snapshot에 고정된다 (0.732209ms)
✔ NAVER와 GSC 관측값은 수집 provenance를 tenant 복합 FK로 고정한다 (0.352542ms)
✔ auth_action_throttles는 workspace 없이 action과 SHA-256 hash만 저장한다 (0.144292ms)
✔ invites는 생성 시점부터 최대 7일까지만 유효하다 (0.251792ms)
✔ invites는 신규 workspace intent와 수락한 owner membership을 명시적으로 연결한다 (0.234667ms)
✔ auth guard는 공개 resolveRequestId로 안전한 ID만 재사용한다 (20.205333ms)
✔ 성공 응답은 고정 envelope와 안전한 요청 ID를 반환한다 (2.317583ms)
✔ typed ApiError는 상태 코드와 오류 envelope로 변환된다 (0.502041ms)
✔ RATE_LIMITED 오류는 정수 Retry-After와 canonical 응답 헤더를 반환한다 (1.638125ms)
✔ JSON 본문 파서는 application/json이 아닌 요청을 415로 거부한다 (4.021875ms)
✔ 상태 변경 요청은 cross-origin Origin을 handler 실행 전에 거부한다 (0.496916ms)
✔ 안전하지 않은 요청 ID는 UUID로 교체하고 handler와 응답에 동일하게 전달한다 (0.450916ms)
✔ 성공 응답의 Set-Cookie는 보존하고 임의 x-request-id는 덮어쓴다 (4.310667ms)
✔ 예상하지 못한 오류는 메시지와 비밀값을 숨긴 500 envelope로 변환한다 (1.060125ms)
✔ INTERNAL ApiError의 사용자 지정 메시지도 외부에 노출하지 않는다 (1.693333ms)
✔ apiSuccess는 JSON 본문을 허용하지 않는 성공 status를 런타임에도 거부한다 (0.294459ms)
▶ 깨진 JSON은 400, 스키마 불일치는 422와 필드 오류를 반환한다
  ✔ malformed JSON (0.446667ms)
  ✔ schema mismatch (1.009625ms)
✔ 깨진 JSON은 400, 스키마 불일치는 422와 필드 오류를 반환한다 (2.398209ms)
✔ 정상 JSON은 Zod 변환 결과를 handler에 전달한다 (0.520334ms)
✔ Zod 필드 오류는 Object prototype과 같은 이름도 누락하지 않는다 (0.889417ms)
✔ 비동기 Zod refine 실패도 500이 아닌 422로 변환한다 (1.215667ms)
▶ Origin이 없거나 opaque/null이면 상태 변경 요청을 거부한다
  ✔ missing (0.304167ms)
  ✔ opaque (0.411ms)
  ✔ malformed (0.277959ms)
✔ Origin이 없거나 opaque/null이면 상태 변경 요청을 거부한다 (1.568167ms)
✔ 위조된 forwarded host/proto로 canonical origin을 바꿀 수 없다 (0.228042ms)
✔ Host가 canonical URL host와 다르면 상태 변경 요청을 거부한다 (0.178208ms)
✔ APP_PUBLIC_URL이 설정되면 Host-derived Request URL로 신뢰 origin을 오염시킬 수 없다 (0.179125ms)
▶ production 상태 변경 요청은 HTTPS trusted origin이 없으면 fail closed한다
  ✔ missing APP_PUBLIC_URL (0.158625ms)
  ✔ HTTP APP_PUBLIC_URL (0.117583ms)
  ✔ explicit HTTPS trusted origin (0.16425ms)
✔ production 상태 변경 요청은 HTTPS trusted origin이 없으면 fail closed한다 (0.6315ms)
▶ 읽기 요청과 명시적 외부 webhook 정책은 Origin 검증을 생략한다
  ✔ GET (0.117041ms)
  ✔ external webhook POST (0.124875ms)
✔ 읽기 요청과 명시적 외부 webhook 정책은 Origin 검증을 생략한다 (0.361333ms)
▶ Origin 정책 오타와 none을 사용한 상태 변경 요청은 fail closed한다
  ✔ runtime typo (0.126583ms)
  ✔ none on POST (0.103875ms)
✔ Origin 정책 오타와 none을 사용한 상태 변경 요청은 fail closed한다 (0.33775ms)
✔ API 헬퍼 로드 후 zod 필드 오류가 한국어 우선 정책을 따른다 (7.403375ms)
✔ 암호문은 현재 key id를 포함하고 같은 keyring에서 round-trip 된다 (65.753625ms)
✔ 이전 key id의 암호문은 회전 후 previous key map으로 복호화된다 (337.925834ms)
✔ 변조·알 수 없는 key id·평문은 안전하게 null을 반환한다 (121.693917ms)
✔ AAD가 다른 workspace나 record로 바뀌면 암호문 이동을 거부한다 (72.511708ms)
✔ 환경 keyring wrapper도 key id와 previous key map을 사용한다 (379.197834ms)
✔ production은 database, encryption, billing, Google, NAVER 자격증명을 모두 요구한다 (11.121542ms)
✔ test mode는 외부 키 없이 명시적으로 실행할 수 있다 (0.189541ms)
✔ AUTH_TRUST_PROXY_HEADERS는 명시적인 true/false만 허용한다 (0.445208ms)
✔ previous key map은 유효한 JSON object와 32-byte secret만 허용한다 (0.388417ms)
✔ production public URL은 https만 허용한다 (0.164917ms)
✔ migrate profile은 migration owner DSN과 verify-full TLS만으로 시작할 수 있다 (0.123042ms)
✔ worker profile은 dispatcher claim DB와 tenant worker DB를 분리해 요구한다 (0.954042ms)
✔ web profile은 signed URL용 S3 credentials만 요구하고 email·Chromium secret은 요구하지 않는다 (0.400959ms)
✔ relay와 scheduler profile은 각자의 최소권한 PostgreSQL 역할만 요구한다 (0.155ms)
✔ build profile은 image build 중 운영 secret을 읽지 않는다 (0.144083ms)
✔ production object storage endpoint는 https만 허용한다 (0.126458ms)
✔ 로컬 앱 브라우저가 사용하는 loopback 호스트를 개발 리소스 원본으로 허용한다 (0.444167ms)
✔ 세션 쿠키 옵션은 30일 TTL·HttpOnly·SameSite=Lax·Path=/를 고정한다 (1.648833ms)
✔ Set-Cookie 헤더는 production에서만 Secure를 포함한다 (16.219458ms)
✔ 삭제 옵션과 헤더는 즉시 만료되며 production Secure 정책을 유지한다 (0.134833ms)
✔ Request Cookie 헤더에서 정확한 세션 쿠키만 읽는다 (0.671375ms)
✔ 중복·빈 값·손상된 세션 쿠키는 거부한다 (0.101541ms)
✔ Next 16의 async cookies() 결과도 프레임워크 타입 의존 없이 읽는다 (0.151958ms)
✔ production API session resolver reads the real session cookie and never trusts header tenants (53.427792ms)
✔ production resolver rejects header-only tenants instead of reviving fake auth (0.811041ms)
▶ owner와 admin은 허용된 역할 guard를 통과한다
  ✔ owner (78.156542ms)
  ✔ admin (0.275084ms)
✔ owner와 admin은 허용된 역할 guard를 통과한다 (79.042375ms)
✔ 허용 역할에 없는 member는 FORBIDDEN이다 (0.711875ms)
▶ 누락되거나 만료·폐기된 session은 UNAUTHENTICATED이다
  ✔ missing cookie (0.254209ms)
  ✔ revoked session (0.213875ms)
✔ 누락되거나 만료·폐기된 session은 UNAUTHENTICATED이다 (0.705917ms)
▶ CSRF 검증은 cross-origin과 Host mismatch를 service 실행 전에 거부한다
  ✔ cross-origin (0.287792ms)
  ✔ host mismatch (0.102833ms)
✔ CSRF 검증은 cross-origin과 Host mismatch를 service 실행 전에 거부한다 (0.744958ms)
✔ guard 결과는 raw token과 session/PII를 제거하고 안전한 requestId를 만든다 (0.33875ms)
✔ login은 same-origin JSON만 받고 raw session token을 쿠키에만 기록한다 (62.921292ms)
✔ login throttleKey는 피해자 이메일만으로 고정되지 않고 클라이언트 신호를 해시한다 (7.0065ms)
✔ login throttleKey는 trusted proxy opt-in 없이는 spoofed forwarded IP를 무시한다 (1.52575ms)
✔ login은 cross-origin 요청을 service 실행 전에 거부한다 (0.466292ms)
▶ login은 JSON 형식과 schema 오류를 표준 envelope로 반환한다
  ✔ application/json이 아니면 415 (0.397917ms)
  ✔ 입력 schema가 맞지 않으면 422 (0.76175ms)
  ✔ server-only 필드는 public body에서 422 (0.461584ms)
✔ login은 JSON 형식과 schema 오류를 표준 envelope로 반환한다 (1.919667ms)
✔ invite 수락도 session token을 body에서 제거하고 cookie로만 반환한다 (1.0765ms)
✔ invite 수락 body의 server-only currentSessionToken은 거부한다 (1.279583ms)
✔ logout은 현재 cookie를 revoke하고 삭제 cookie를 반환한다 (2.128625ms)
✔ session GET은 Origin 없이 동작하고 인증되지 않은 요청에 401을 반환한다 (1.729208ms)
✔ forgot password는 존재 여부와 무관한 202 응답만 반환한다 (7.177708ms)
✔ reset password 성공은 기존 session cookie를 삭제한다 (0.439ms)
✔ RATE_LIMITED service 오류는 generic 429와 Retry-After로 변환된다 (0.429541ms)
▶ AuthServiceError는 route별 안전한 public 오류로 변환된다
  ✔ invalid credentials (0.284584ms)
  ✔ invalid invite (0.232667ms)
  ✔ invalid new password (0.216458ms)
  ✔ invalid password reset (0.199459ms)
  ✔ configuration error (0.275334ms)
✔ AuthServiceError는 route별 안전한 public 오류로 변환된다 (1.469417ms)
✔ acceptInviteAtomic provisions billing_customers and account_created subscription in the same transaction (3526.253166ms)
✔ 비밀번호 해시는 파라미터와 salt를 포함한 단일 versioned 문자열이다 (133.088125ms)
✔ 같은 비밀번호도 무작위 salt 때문에 서로 다른 해시를 만든다 (221.601792ms)
✔ 알 수 없는 버전·파라미터·비정규 인코딩은 검증하지 않는다 (120.696375ms)
✔ 새 workspace 초대 수락은 사용자·membership·session·초대 소비를 원자 생성한다 (3316.907792ms)
✔ invite preflight은 유효한 token과 일치 email만 ready로 공개하고 나머지는 invalid로 합친다 (2523.602125ms)
✔ 유효한 pending invite와 email 또는 workspace slug가 겹치면 재발급을 거부한다 (2872.987917ms)
✔ operator store는 직접 호출에서도 email·workspace name·slug 계약을 검증한다 (2058.963ms)
✔ 만료된 pending invite는 DB clock으로 supersede한 뒤 재발급하고 이전 token을 거부한다 (2009.236875ms)
✔ 동시에 같은 초대를 수락해도 한 요청만 성공하고 session도 하나만 남는다 (1866.164417ms)
✔ workspace slug 충돌로 수락 CAS가 실패하면 먼저 만든 user도 rollback되어 orphan이 남지 않는다 (3236.432834ms)
✔ 기존 사용자는 password hash를 CAS 재확인하고 새 workspace owner가 되어도 기존 password를 보존한다 (2822.0005ms)
✔ 초대 수락 session 교체는 다른 사용자의 cookie hash를 revoke하지 않는다 (3227.212958ms)
✔ session rotation은 새 hash 생성과 현재 session revoke를 한 transaction으로 처리한다 (3222.370375ms)
✔ session rotation은 다른 사용자나 workspace의 current token을 revoke하지 않는다 (2341.974583ms)
✔ password reset은 token을 한 번만 소비하고 password 변경과 모든 session revoke를 원자 처리한다 (1674.464833ms)
✔ password reset 생성은 reset token row와 이메일 outbox를 같은 auth transaction에 예약한다 (1048.929625ms)
✔ 동시 password reset은 한 요청만 password를 변경하고 다른 요청은 invalid로 끝난다 (1105.249458ms)
✔ auth throttle은 hash 식별자만 원자 집계하고 5회 이후 15분 동안 차단한다 (1761.560959ms)
✔ 초대 토큰은 7일 만료 SHA-256 해시로만 저장하고 raw token은 호출자에게 한 번 반환한다 (3.275917ms)
✔ 신규 사용자는 강한 비밀번호로 초대를 원자 수락하고 raw session token만 받는다 (219.427625ms)
✔ 기존 사용자는 현재 비밀번호를 검증하되 해시를 덮어쓰지 않는다 (135.347834ms)
✔ 초대 preflight 실패와 기존 사용자 비밀번호 실패는 같은 오류로 응답한다 (133.466375ms)
✔ 로그인은 throttle 통과 후 워크스페이스를 검증하고 기존 cookie session을 원자 회전한다 (143.938958ms)
✔ 존재하지 않는 계정과 잘못된 비밀번호는 같은 로그인 오류를 반환한다 (171.923792ms)
✔ login throttle이 차단하면 계정 조회 전에 retry-after 오류를 반환한다 (0.68ms)
✔ 세션 조회와 로그아웃은 raw cookie를 저장소에 넘기지 않고 폐기는 멱등적이다 (0.464125ms)
✔ 비밀번호 재설정 요청은 30분 해시 토큰과 outbox delivery를 원자 저장 경계에 전달한다 (1.156792ms)
✔ 비밀번호 재설정 요청은 계정 존재·throttle은 숨기되 outbox 영속화 실패는 성공으로 숨기지 않는다 (1.123167ms)
✔ 비밀번호 재설정은 새 해시와 토큰 해시를 원자 소비 경계에 전달한다 (84.0965ms)
✔ 만료·재사용 재설정 토큰과 약한 비밀번호는 안전한 공개 오류로 변환한다 (57.399459ms)
✔ 기본 불투명 토큰은 32 random bytes의 base64url 문자열이다 (3.001709ms)
✔ 요청한 안전한 byte 길이로 토큰을 만들 수 있다 (0.511375ms)
✔ 토큰 저장용 해시는 결정적인 SHA-256 lower hex이다 (0.547167ms)
✔ 코어 스키마와 같은 SubscriptionStatus 목록을 고정한다 (0.902583ms)
✔ 결제 성공 전에 active로 건너뛰지 못하는 상태 머신을 적용한다 (0.408083ms)
✔ 청구기간과 시도 번호로 안정적인 orderId와 idempotency key를 만든다 (5.155333ms)
✔ +1/+3/+5일 재시도와 7일 grace 계약을 절대 시각으로 계산한다 (0.131459ms)
✔ past_due grace 중에는 과거 리포트 read만 허용하고 생성·수정을 차단한다 (0.166583ms)
✔ billing key를 workspace/record AAD에 묶은 AES-GCM envelope로만 보관한다 (129.74675ms)
✔ 기간 말 취소는 일할 환불이 없으며 법정 예외를 명시한다 (0.247ms)
✔ checkout GET은 owner/admin session tenant의 public clientKey·customerKey·고정 callback URL만 반환한다 (31.371458ms)
✔ checkout GET은 query/body workspace override를 받지 않는다 (11.804916ms)
✔ 빌링 callback POST는 CSRF·owner/admin RequireAuth 경계와 필수 멱등키를 지난다 (19.051375ms)
✔ 멱등키가 없는 인증·재결제·취소 POST를 서비스 호출 전에 거부한다 (0.491209ms)
✔ 본문 workspaceId를 받지 않아 auth principal의 tenant를 바꿀 수 없다 (5.254417ms)
✔ 웹훅은 세션 auth를 요구하지 않고 공식 transmission id로 dedupe한다 (0.959125ms)
✔ 웹훅은 과대 본문과 초당 rate limit 초과를 서비스 호출 전에 거부한다 (33.497709ms)
✔ 취소 API는 효력 발생일과 무일할환불·법정예외 정책을 응답한다 (19.560458ms)
✔ external Idempotency-Key replay for retryPastDue returns the same payment attempt and never advances to the next retry (24.241041ms)
✔ PAYMENT_STATUS_CHANGED is an untrusted notification: paymentKey/order fingerprint mismatch is ignored after Toss Query reconciliation (1.441042ms)
✔ PAYMENT_STATUS_CHANGED는 Toss Query로 검증할 수 없으면 body의 DONE만으로 정산하지 않는다 (7.324541ms)
✔ BILLING_DELETED resolves tenant by billing key fingerprint and disables the server-known payment method (7.675417ms)
✔ production origin에서 유효한 session을 보내면 별도의 CSRF cookie 없이 billing 인증을 통과한다 (37.2615ms)
▶ billing 상태 변경은 신뢰할 수 없는 Origin과 Host를 DB 조회 전에 거부한다
  ✔ cross-origin (0.522166ms)
  ✔ missing origin (0.104458ms)
  ✔ host mismatch (0.105459ms)
✔ billing 상태 변경은 신뢰할 수 없는 Origin과 Host를 DB 조회 전에 거부한다 (1.605542ms)
✔ checkout identity는 인증된 workspace의 서버 고정 customerKey만 반환한다 (158.262875ms)
✔ 빌링 인증 직후 49,000원 첫 결제가 성공해야만 active가 된다 (216.9655ms)
✔ 승인 응답 후 로컬 commit이 한 번 실패하면 orderId Query API로 대사한다 (206.175458ms)
✔ 타임아웃 후에는 재청구하지 않고 Query API의 DONE으로 회복한다 (98.90725ms)
✔ 명시적 결제 실패는 past_due와 7일 grace를 남긴다 (173.794542ms)
✔ 같은 callback replay는 같은 멱등키를 쓰고 중복 청구하지 않는다 (216.302667ms)
✔ 결제수단 교체는 past_due의 미납 기간을 즉시 다음 시도로 재청구한다 (96.081958ms)
✔ 웹훅 replay와 역순 이벤트는 모두 Query API 현재 상태로 수렴한다 (135.231208ms)
✔ 취소는 현재 결제기간 끝으로 예약하고 일할환불을 만들지 않는다 (115.593958ms)
✔ 빌링키 발급에 공식 v1 서버 API, Basic auth, 필수 Idempotency-Key를 사용한다 (53.768ms)
✔ 자동결제 승인은 49,000원·고정 주문번호·멱등키를 전달한다 (0.620334ms)
✔ 빈 Idempotency-Key를 외부 호출 전에 거부한다 (0.400041ms)
✔ 타임아웃은 성공 여부가 모호한 재조회 대상 오류로 구분한다 (0.2945ms)
✔ Query API로 orderId의 권위 있는 결제 상태를 읽는다 (0.322833ms)
✔ 로그에 Basic auth·authKey·billingKey·customerKey·paymentKey를 노출하지 않는다 (0.507709ms)
✔ rank와 AIO의 동일 normalized query를 1회 호출하고 최고 순위와 인용을 저장한다 (6.808041ms)
✔ 등록 도메인과 하위 도메인이 top100에 없으면 >100을 null과 명시 플래그로 보존한다 (5.060833ms)
✔ partial organic coverage는 >100 관측을 쓰지 않고 known retryable로 재시도한다 (0.407875ms)
✔ AIO 증거 미제공은 unknown, 명시적 미출현과 검증 인용 미일치는 absent로 저장한다 (0.634375ms)
✔ 완료된 provider call replay는 외부 호출 없이 저장을 복구한다 (1.726417ms)
✔ in_doubt provider call은 중복 외부 호출 없이 retryable로 보류한다 (0.307541ms)
✔ 요청 단위 provider call/billable unit 상한을 예약 전에 차단한다 (0.199083ms)
✔ workspace/site/query 복합 경계가 어긋나면 provider 예약 전에 차단한다 (0.1515ms)
✔ 경로가 섞인 비정규 site domain은 provider 예약 전에 거부한다 (0.200833ms)
✔ TalorData rate limit은 provider call을 실패 처리하고 worker retryable로 반환한다 (0.364041ms)
✔ TalorData timeout은 provider call을 outcome unknown으로 보존한다 (0.248417ms)
✔ 빈 normalized query와 중복 trackedQueryId를 provider 예약 전에 거부한다 (0.174084ms)
✔ 등록 도메인이 www 하위 도메인이면 상위 apex 결과를 순위로 오인하지 않는다 (0.251583ms)
✔ 동일 관측 시각 재실행은 rank/AIO 행을 늘리지 않고 인용을 원자적으로 교체한다 (3372.465708ms)
✔ upsert conflict 경로도 다른 workspace의 site/query/provider call을 혼합하지 못한다 (3.307583ms)
✔ 같은 workspace라도 TalorData Google succeeded call이 아니면 관측값에 연결하지 않는다 (43.115208ms)
✔ pg Pool source는 하나의 leased client에서 BEGIN, RLS 설정, 쓰기, COMMIT을 끝내고 release한다 (3.264208ms)
✔ leased client의 경계 검증 실패는 같은 client에서 rollback 후 반드시 release한다 (1.565584ms)
✔ query는 property를 URL 인코딩하고 bearer 인증과 기간·dimension·rowLimit을 전송해 엄격한 행으로 정규화한다 (98.381041ms)
✔ query는 잘못된 date dimension fixture를 거부하고 provider 원문을 오류에 포함하지 않는다 (23.093292ms)
✔ collector는 14일 date aggregate와 current top query/page를 수집하고 stable key로 멱등 upsert한다 (178.529083ms)
✔ collector는 한 provider 호출 실패 시 성공 행만 저장하고 원문 없는 partial provenance를 반환한다 (4.457791ms)
✔ target loader는 Pool에서 client를 acquire해 BEGIN/SET LOCAL/SELECT/COMMIT을 같은 연결에서 수행한다 (12.398625ms)
✔ target loader는 DB 장애를 UPSTREAM으로 정규화하고 rollback 후 release한다 (0.420875ms)
✔ observation store도 PoolClient 하나에 tenant context와 upsert를 고정하고 release한다 (0.3545ms)
✔ 월요일 08:00 KST 실행은 PT 이전 목요일까지의 7일과 직전 7일을 계산한다 (31.103125ms)
✔ 미국 DST 시작·종료 주에도 PT 달력 기준으로 정확히 7일을 유지한다 (0.34725ms)
✔ 일요일에서 월요일로 넘어가는 KST 경계는 아직 같은 PT 일요일이므로 기간을 앞당기지 않는다 (0.248917ms)
✔ handler는 세 provider call을 안정 키로 예약하고 providerCallId를 collector·success에 연결한다 (110.777084ms)
✔ handler는 replay를 재호출하지 않고 execute operation만 collector에 전달한다 (5.797ms)
✔ handler는 모든 reservation이 replay면 collector 외부 호출 없이 성공 처리한다 (0.403625ms)
✔ replay provenance에 원 수집시각이 없으면 성공으로 위장하지 않는다 (0.458625ms)
✔ handler는 partial 결과의 성공 call을 확정하고 retryable call을 실패 기록 후 재시도한다 (0.44375ms)
✔ handler는 in_doubt를 재호출하지 않고 retryable로 분류하며 마지막 시도에는 dead로 보낸다 (0.468167ms)
✔ 후속 reserve 예외는 앞서 execute 예약된 provider call을 실패 처리해 예약 누수를 남기지 않는다 (0.29475ms)
✔ provider 호출 뒤 collector throw는 reservation을 fail하지 않아 재시도 외부 호출을 in_doubt로 차단한다 (0.466083ms)
✔ provider 호출 전 target/token access 실패는 execute reservation을 안전하게 fail한다 (1.574209ms)
✔ handler는 payload와 context workspace 불일치를 provider 예약 전에 dead로 거부한다 (1.404792ms)
✔ production wrapper는 job 전체에서 전용 worker client 하나를 collector factory에 전달하고 release한다 (1.230292ms)
✔ production GSC 체인은 target·token rotation·공식 HTTP·observation을 동일 pinned physical client에서 처리한다 (108.872667ms)
✔ pinned physical GSC chain은 observation 실패를 rollback하고 release하며 호출 결과를 in_doubt로 보존한다 (182.005709ms)
✔ 501개 관측값은 한 tenant transaction에서 250개 이하 3개 bind-parameter batch로 upsert한다 (4.316459ms)
✔ 동일 workspace/binding/date/dimension은 한 행으로 upsert되고 provenance와 최신 metrics를 유지한다 (3414.853084ms)
✔ target loader는 workspace/site/binding/connection을 하나로 고정하고 다른 workspace binding을 숨긴다 (3759.821875ms)
✔ token broker는 5분 이내 만료 token을 refresh하고 access/refresh rotation을 암호화 저장한다 (120.632ms)
✔ token broker는 다른 workspace connection을 NOT_FOUND로 처리하고 refresh하지 않는다 (11.247333ms)
✔ token broker는 token 저장소 장애를 안전한 UPSTREAM 오류로 정규화한다 (1.562959ms)
✔ token refresh 성공 뒤 rotation 저장 실패도 UPSTREAM으로 분류한다 (20.780333ms)
✔ 모든 source의 provenance와 qualifier를 보존해 안정 키로 idempotent upsert한다 (3.051791ms)
✔ call budget을 넘는 source는 provider를 호출하지 않고 나머지는 계속 수집한다 (0.347333ms)
✔ 429는 retryable이며 source 하나의 실패가 다른 source 수집과 upsert를 막지 않는다 (0.380417ms)
✔ source reservation의 providerCallId를 저장 계약까지 전달한다 (0.201042ms)
✔ 직접 collector 호출도 비정상 달력 날짜와 비정규 timestamp를 provider 전에 거부한다 (0.422333ms)
✔ payload와 context workspace가 다르면 provider/reservation/store 전에 dead 처리한다 (2.945417ms)
✔ job ID와 attempt/maxAttempts가 lease context와 다르면 provider 전에 dead 처리한다 (0.860208ms)
✔ 잘못된 날짜/기간/budget/식별자는 reservation 전에 payload invalid로 종료한다 (0.316709ms)
✔ source별 execute/replay 예약을 적용하고 실행한 call만 확정한다 (1.138916ms)
✔ in_doubt 예약은 provider를 재호출하지 않고 안정 retryable로 분류한다 (0.384916ms)
✔ provider 실행 뒤 observation 저장 실패는 모든 call을 outcome_in_doubt로 감사한다 (0.468625ms)
✔ 후속 reserve 예외 전 확보한 execute reservation은 미실행 코드로 정리한다 (0.251167ms)
✔ 후속 in_doubt 전 확보한 execute reservation을 정리하되 불확실 call은 건드리지 않는다 (0.625459ms)
✔ 모든 source가 replay면 정규화 metadata만 복원하고 provider를 한 번도 호출하지 않는다 (0.410458ms)
✔ 429 실행 실패는 coordinator.fail 후 재시도하고 최대 시도에서는 dead 처리한다 (0.532375ms)
✔ DB 멱등 경계로 partial source를 보강하고 <10 qualifier/provenance를 보존한다 (4046.210792ms)
✔ Pool에서는 connect로 얻은 단일 client에서 BEGIN/SET LOCAL/upsert/COMMIT 후 release한다 (1.332ms)
✔ Search Console sites.list는 공식 REST endpoint와 Bearer access token만 사용한다 (15.664583ms)
✔ 토큰 revoke는 공식 OAuth revoke endpoint에 form body로 전송하고 비밀값을 오류에 노출하지 않는다 (0.577458ms)
✔ Google OAuth URL은 Search Console readonly 단일 scope와 offline refresh 계약만 요청한다 (1.150792ms)
✔ OAuth state는 32-byte random raw만 클라이언트에 주고 SHA-256 해시만 저장 대상으로 만든다 (0.46675ms)
✔ GSC callback returnPath는 allowlisted relative path로만 제한한다 (0.295834ms)
✔ connect POST는 실제 auth guard에 CSRF와 owner/admin role을 요구하고 workspaceId body override를 거부한다 (75.943084ms)
✔ callback GET은 code/state와 현재 session principal을 service에 전달하고 raw token을 응답하지 않는다 (0.689792ms)
✔ properties, bindings, disconnect는 인증된 workspace만 사용하고 connection/site ID를 body/header tenant로 덮어쓰지 않는다 (1.255958ms)
✔ startConnection은 raw 32-byte state를 반환하지만 DB에는 SHA-256 state와 label/returnPath만 저장한다 (3889.569875ms)
✔ callback은 state를 1회 소비하고 단일 readonly scope·refresh token을 암호화해 connection을 만든다 (36.496875ms)
✔ callback은 변조·만료 state와 추가 OAuth scope를 거부한다 (23.598542ms)
✔ refresh는 Google이 새 refresh_token을 반환하지 않으면 기존 refresh token을 보존하고 반환하면 rotation한다 (24.710542ms)
✔ properties 조회와 binding은 다른 workspace/site IDOR를 거부한다 (63.792458ms)
✔ bindProperty는 Google sites.list에 exact property URI가 없으면 저장 전에 NOT_FOUND로 거부한다 (13.255458ms)
✔ bindProperty는 Google sites.list timeout을 UPSTREAM으로 반환하고 저장하지 않는다 (11.888166ms)
✔ disconnect는 복호화한 refresh token을 Google revoke에 전달한 뒤 connection을 숨긴다 (23.574ms)
✔ GSC store는 Pool transaction을 하나의 client에 고정하고 성공·실패 후 release한다 (1.569666ms)
✔ operation 오류는 rollback/release 실패보다 우선하며 cleanup은 끝까지 시도한다 (0.515333ms)
✔ commit/release 인프라 오류를 드러내면서 client release를 보장한다 (0.543416ms)
✔ OAuth state는 SHA-256만 저장하고 user/workspace에 바인딩된 10분 1회용 CAS로 소비된다 (3770.973166ms)
✔ GSC connection은 workspace별 다중 label을 허용하고 동일 workspace label 중복은 거부한다 (10.697292ms)
✔ property binding은 site와 connection의 workspace 복합 경계를 강제한다 (36.109833ms)
✔ liveness는 외부 의존성 없이 no-store 200을 반환한다 (23.253125ms)
✔ readiness는 PostgreSQL SELECT 1 성공 뒤에만 ready 200을 반환한다 (0.402917ms)
✔ readiness 실패는 DB 오류와 DSN을 숨긴 동일한 503만 반환한다 (0.365334ms)
✔ readiness는 제한 시간을 넘긴 DB 확인을 503으로 종료한다 (68.204208ms)
✔ connection helper는 아직 통합되지 않은 queue 모듈에 의존하지 않는다 (7.189875ms)
✔ job callback은 하나의 connected client를 쓰고 성공·실패 모두 release한다 (3.895ms)
✔ worker transaction은 전용 connection에서 commit하고 오류면 rollback한 뒤 release한다 (0.338916ms)
✔ collector handler는 workspace/lease/provider-call 경계를 하나의 실행 context로 받는다 (1.109083ms)
✔ handler 결과 helper는 retry 시각과 DLQ 사유를 손실 없이 보존한다 (0.123583ms)
✔ 같은 provider idempotency를 경쟁 예약해도 한 worker만 execute하고 완료 뒤에는 metadata를 replay한다 (3324.429583ms)
✔ 잘못된 usage reservation으로 완료를 시도하면 provider call과 실제 reservation이 모두 원상태다 (2255.093083ms)
✔ idempotency 충돌은 provider call, usage reservation, audit를 하나도 추가하지 않는다 (1733.57325ms)
✔ 같은 workspace의 다른 provider call reservation으로 완료할 수 없다 (1748.017333ms)
✔ usage 전환 중 DB 오류가 발생하면 앞선 provider call 변경과 audit도 rollback한다 (3393.5195ms)
✔ usage reservation의 provider call 복합 FK는 cross-workspace 연결을 거부한다 (3999.392333ms)
✔ known retryable 실패는 다음 job attempt에서 정확히 한 번 다시 execute할 수 있다 (1811.536041ms)
✔ aged started와 outcome unknown은 자동 재실행하지 않고 명시적 reconciliation 뒤에만 execute한다 (3349.488083ms)
✔ 동일한 canonical enqueue replay와 claim은 workspace가 고정된 lease를 반환한다 (3031.157417ms)
✔ 동시 worker 중 하나만 claim하고 만료 뒤 재임대한 generation이 이전 worker를 fence한다 (2293.498917ms)
✔ retryable 작업은 backoff 뒤 재시도하고 max attempts와 crash expiry에서 DLQ로 간다 (1805.645209ms)
✔ 같은 idempotency key의 canonical 요청이 다르면 기존 job을 재사용하지 않는다 (2542.305ms)
✔ RelKwdStat는 timestamp.method.path HMAC 서명과 공식 인증 헤더를 사용한다 (100.943208ms)
✔ 월간 검색수의 <10 qualifier를 보존하고 PPC 지표는 공개 결과에서 제거한다 (1.367959ms)
✔ count helper는 exact와 qualifier 합계를 범위로 반환한다 (0.327375ms)
✔ seed는 최대 5개이며 검증 실패 시 공급자를 호출하지 않는다 (0.362375ms)
✔ 429는 inline retry 없이 typed rate-limit 오류로 반환한다 (0.444334ms)
✔ Search Ads 자격 증명이 없으면 typed unavailable 오류를 반환한다 (0.135208ms)
✔ JSON 로그는 상관관계 필드를 고정하고 token, billing key, PII, DSN 비밀번호를 마스킹한다 (3.840375ms)
✔ 상관관계가 없는 로그도 requestId, workspaceId, jobId, provider를 null로 직렬화한다 (0.171708ms)
✔ 동시 relay 중 하나만 outbox를 claim하고 publish replay에도 job 하나만 남는다 (3364.959708ms)
✔ job insert 뒤 publish crash가 발생해도 transaction 전체가 rollback되고 같은 lease로 복구된다 (1880.304208ms)
✔ 만료된 마지막 outbox attempt는 명시적 DLQ가 되고 다시 claim되지 않는다 (1634.279ms)
✔ 기존 job과 canonical 요청이 충돌하면 outbox는 unpublished 상태를 유지한다 (3482.367791ms)
✔ production relay는 collection topic만 claim하고 canonical job type으로 publish한다 (3414.508791ms)
✔ production relay는 report PDF·email outbox payload를 그대로 canonical jobs로 publish한다 (2093.545209ms)
✔ 공식 NAVER Open API URL/헤더와 Search Ads fixture를 허용 데이터로만 정규화한다 (229.329333ms)
✔ Open API 자격증명 누락과 429를 안전하고 안정적인 오류로 구분한다 (0.757583ms)
✔ 공식 응답 픽스처를 KR/ko/desktop/top100 AIO 결과로 변환한다 (72.088916ms)
✔ 공식 rate limit은 worker가 재시도할 수 있는 오류로 분류한다 (1.789958ms)
✔ 공식 timeout은 재시도 가능한 provider timeout으로 분류한다 (0.899959ms)
✔ worker abort signal을 HTTP 경계까지 전파하고 retryable aborted로 분류한다 (0.381041ms)
✔ 공식 code=400 collection pipeline 실패는 retryable provider로 분류한다 (0.842166ms)
✔ 공식 code=401 인증 실패는 재시도하지 않는 terminal로 분류한다 (0.729959ms)
✔ provider token은 명시적으로 주입해야 하며 process.env fallback을 사용하지 않는다 (0.277125ms)
✔ member는 브랜딩을 읽을 수 있지만 쓰지 못하고 owner/admin만 same-origin PATCH할 수 있다 (2969.642167ms)
✔ 브랜딩 PATCH는 tenant override, 길이/색상, 위험 URL과 private DNS를 거부한다 (15.127334ms)
✔ 브랜딩 변경은 현재 workspace에만 반영되고 이미 생성된 report snapshot은 불변이다 (72.276792ms)
✔ PDF와 email jobs는 같은 report snapshot hash를 결과·audit에 기록하고 recipient PII는 남기지 않는다 (2.604125ms)
✔ 24시간 provider 멱등 창이 끝난 delivery는 중복 위험 없이 terminal 처리한다 (0.334ms)
✔ Resend idempotency payload 충돌은 재시도하지 않고 terminal 처리한다 (0.176625ms)
✔ snapshot 생성은 PDF와 owner email delivery outbox를 자동·멱등 예약한다 (3265.386417ms)
✔ auth가 해석한 owner 수신자로 worker role도 users 접근 없이 delivery를 예약한다 (42.548208ms)
✔ Resend POST는 attachment와 snapshot header를 같은 256자 이하 idempotency key로 보낸다 (28.430542ms)
✔ Resend 오류 본문·API key·수신 PII는 예외에 노출하지 않는다 (0.692416ms)
✔ Resend 409는 idempotency 충돌 종류에 따라 terminal과 retryable을 구분한다 (0.467959ms)
✔ 인증 tenant의 PDF asset만 60초 signed URL로 반환하고 응답을 캐시하지 않는다 (81.579375ms)
✔ 다른 tenant session은 asset 존재 여부와 signed URL을 알 수 없다 (0.701166ms)
✔ worker registry는 PDF와 email handler를 고정 job type으로 자동 연결한다 (1.070209ms)
✔ Resend 수락 직후 crash가 나도 retry/duplicate는 같은 snapshot과 idempotency key로 이메일 1건만 만든다 (3251.6625ms)
✔ provider가 idempotency payload를 거부하면 terminal 상태를 보존한다 (2810.975291ms)
✔ Resend 24시간 멱등 보장 창이 끝난 in-doubt delivery는 재발송해 중복을 만들지 않는다 (3587.407875ms)
✔ object PUT 성공 뒤 DB crash가 나도 immutable snapshot identity로 기존 PDF를 복구한다 (2264.281583ms)
✔ report.snapshot 작업은 월요일 08:00 KST 전이면 정확한 snapshot 시각까지 retry한다 (65.825375ms)
✔ report.snapshot 작업은 기존 job 계약으로 멱등 생성기를 호출한다 (0.515875ms)
✔ report.snapshot 작업은 잘못된 payload와 workspace 경계를 terminal로 거부한다 (0.484666ms)
✔ 동일 snapshot HTML은 한글·partial·빈 데이터를 표현하고 비밀값과 HTML을 안전하게 처리한다 (17.753958ms)
✔ 깨진 로고와 허용량을 넘는 로고는 대체 표시로 안전하게 복구한다 (27.770875ms)
✔ 큰 픽셀 치수의 정상 로고는 PDF 안전 크기 PNG data URI로 고정한다 (115.396417ms)
✔ DNS가 private 주소로 해석되는 로고 호스트는 네트워크 요청 전에 거부한다 (0.634958ms)
✔ 실제 Chromium은 Noto Sans KR로 장문·빈·partial·깨진 로고 snapshot을 다중 페이지 PDF로 만든다 (4227.888333ms)
✔ snapshot은 rank/AIO/NAVER/GSC를 한 객체로 동결하고 누락 provider를 수집 시각과 함께 partial로 남긴다 (4478.924375ms)
✔ 같은 site+period 재생성은 같은 report를 반환하며 이후 workspace 브랜딩을 소급 반영하지 않는다 (104.061333ms)
✔ snapshot 준비 후 내용과 section은 DB에서도 봉인되며 delivered report는 삭제할 수 없다 (43.789375ms)
✔ GET reports API는 session workspace envelope만 반환하고 다른 tenant report IDOR를 404로 숨긴다 (149.706208ms)
✔ KST 월요일 주기는 일요일 18시 수집, 월요일 07시 마감, 08시 snapshot으로 고정된다 (40.901625ms)
✔ GSC mature window는 PT DST 시작일에도 이전 목요일 포함 7일과 직전 7일을 유지한다 (1.137416ms)
✔ 수집 retry는 월요일 07:00 KST 이전에만 예약된다 (0.61225ms)
✔ 사이트 도메인은 URL 또는 bare IDNA domain을 canonical ASCII host로 정규화한다 (10.010875ms)
✔ 사이트 도메인은 경로, 자격 증명, 포트, IP와 내부용 host를 거부한다 (0.577459ms)
✔ 공개 IP 판정은 private, loopback, link-local, documentation 대역을 차단한다 (1.224084ms)
✔ 등록 안전성 검사는 DNS 결과가 없거나 하나라도 비공개 주소이면 거부한다 (0.481541ms)
✔ listSites also runs inside a transaction-local app.workspace_id for semforge_web RLS (1.17125ms)
✔ POST /api/v1/sites는 Idempotency-Key를 요구하고 생성 결과를 envelope로 반환한다 (4323.931792ms)
✔ GET /api/v1/sites는 cursor 페이지를 workspace 내부로만 반환한다 (5.637041ms)
✔ PATCH /api/v1/sites/[siteId]와 /tracking/[trackingId]는 다른 workspace IDOR를 NOT_FOUND로 막는다 (15.697709ms)
✔ GET /api/v1/sites/[siteId]는 비활성 tracking까지 포함한 현재 상태와 활성 GSC binding만 tenant 내에 반환한다 (76.863917ms)
✔ createSite는 canonical domain, idempotency, outbox, cursor list를 실제 PostgreSQL에 반영한다 (3922.811708ms)
✔ createSite는 duplicate, site 3개 제한, DNS SSRF, RLS/IDOR를 차단한다 (65.425542ms)
✔ disableSite와 reactivateSite는 workspace 경계와 outbox idempotency를 지킨다 (22.296958ms)
✔ createTrackedQuery는 normalized duplicate, rank20/aio20 제한, 고정 수집 설정과 outbox를 보장한다 (416.354167ms)
✔ private PUT은 checksum·서버 암호화·If-None-Match를 서명하고 public ACL을 만들지 않는다 (100.130208ms)
✔ 동일 key가 이미 있으면 metadata checksum을 검증하고 덮어쓰지 않는다 (3.778166ms)
✔ signed GET URL은 최대 15분의 짧은 TTL과 고정 만료 시각을 갖고 secret을 노출하지 않는다 (2.240958ms)
✔ 공식 POST/form 요청 계약과 Bearer 인증을 사용한다 (142.476292ms)
✔ 일시적인 Collection failed 응답 뒤 성공하면 재시도 결과를 반환한다 (2.804916ms)
✔ 인증 실패는 재시도하지 않고 즉시 토큰 오류로 반환한다 (1.272583ms)
✔ 수집 엔진 실패가 계속되면 횟수와 원인을 포함한 안전한 오류를 반환한다 (3.345417ms)
✔ AIO 키 미존재와 명시적 부재를 구분하고 우선 키의 false를 보존한다 (62.969042ms)
✔ AIO 본문은 있지만 검증 가능한 인용 URL이 없으면 인용 확인 불가로 보존한다 (3.035916ms)
✔ worker abort는 client 내부 재시도나 backoff를 만들지 않고 즉시 전파한다 (3.170458ms)
✔ 공식 data.result 봉투를 풀고 AIO 요청을 명시하여 하나의 SERP로 반환한다 (6.961458ms)
✔ 공식 code=400 파라미터 오류는 재시도하지 않는다 (0.482292ms)
✔ TalorData 공개 API는 Google organic과 AIO 수집 표면만 노출한다 (2.484833ms)
✔ production worker는 collection과 snapshot·PDF·email report jobs를 모두 등록한다 (0.980208ms)
✔ 두 runtime이 경쟁해도 handler는 한 번만 실행되고 workspace audit과 succeeded가 남는다 (4734.973041ms)
✔ shutdown은 새 claim을 중단하고 grace 안에 끝난 handler는 성공시키며 다음 job은 queued로 둔다 (2003.744459ms)
✔ grace를 넘긴 handler는 abort되어 retryable로 복구되고 다음 runtime이 성공시킨다 (983.006583ms)
✔ 등록되지 않은 job type은 실행하지 않고 즉시 DLQ로 보낸다 (1200.5755ms)
✔ handler context는 고정 workspace의 audit, providerCalls, clock과 lease를 연결한다 (2053.039791ms)
✔ heartbeat가 lease fence를 잃으면 handler signal을 abort하고 stale 완료를 기록하지 않는다 (1408.924125ms)
✔ retryable 결과는 지수 backoff를 적용하고 maxAttempts에서는 dead가 된다 (1259.463334ms)
✔ shutdown은 여러 inflight를 grace 동안 함께 완료하고 미claim 작업을 남긴다 (688.335583ms)
✔ crashed worker의 만료 lease를 다음 runtime이 회수해 성공시킨다 (811.674958ms)
✔ 실제 runtime은 TalorData 429를 known retryable로 보존하고 다음 attempt에서 성공한다 (895.416666ms)
✔ scheduler는 DB의 active site/query/binding만 canonical payload로 outbox에 멱등 예약한다 (4229.752208ms)
ℹ tests 456
ℹ suites 2
ℹ pass 456
ℹ fail 0
ℹ cancelled 0
ℹ skipped 0
ℹ todo 0
ℹ duration_ms 43914.851625
