
> semforge@0.1.0 test:pg16:docker
> bash scripts/test-pg16.sh

[?25l[0G[+] up 0/1
 [33m⠋[0m Network semforge-pg16-test_default Creating                              [34m0.0s[0m
[?25h[?25l[2A[0G[+] up 1/2
 [32m✔[0m Network semforge-pg16-test_default      [32mCreated[0m                          [34m0.0s[0m
 [33m⠋[0m Container semforge-pg16-test-postgres-1 Creating                         [34m0.1s[0m
[?25h[?25l[3A[0G[+] up 2/2
 [32m✔[0m Network semforge-pg16-test_default      [32mCreated[0m                          [34m0.0s[0m
 [32m✔[0m Container semforge-pg16-test-postgres-1 [32mCreated[0m                          [34m0.1s[0m
[?25h[?25l[3A[0G[+] up 1/2
 [32m✔[0m Network semforge-pg16-test_default      [32mCreated[0m                          [34m0.0s[0m
 [33m⠙[0m Container semforge-pg16-test-postgres-1 Waiting                          [34m0.3s[0m
[?25h[?25l[3A[0G[+] up 1/2
 [32m✔[0m Network semforge-pg16-test_default      [32mCreated[0m                          [34m0.0s[0m
 [33m⠹[0m Container semforge-pg16-test-postgres-1 Waiting                          [34m0.4s[0m
[?25h[?25l[3A[0G[+] up 1/2
 [32m✔[0m Network semforge-pg16-test_default      [32mCreated[0m                          [34m0.0s[0m
 [33m⠸[0m Container semforge-pg16-test-postgres-1 Waiting                          [34m0.5s[0m
[?25h[?25l[3A[0G[+] up 1/2
 [32m✔[0m Network semforge-pg16-test_default      [32mCreated[0m                          [34m0.0s[0m
 [33m⠼[0m Container semforge-pg16-test-postgres-1 Waiting                          [34m0.6s[0m
[?25h[?25l[3A[0G[+] up 1/2
 [32m✔[0m Network semforge-pg16-test_default      [32mCreated[0m                          [34m0.0s[0m
 [33m⠴[0m Container semforge-pg16-test-postgres-1 Waiting                          [34m0.7s[0m
[?25h[?25l[3A[0G[+] up 1/2
 [32m✔[0m Network semforge-pg16-test_default      [32mCreated[0m                          [34m0.0s[0m
 [33m⠦[0m Container semforge-pg16-test-postgres-1 Waiting                          [34m0.8s[0m
[?25h[?25l[3A[0G[+] up 1/2
 [32m✔[0m Network semforge-pg16-test_default      [32mCreated[0m                          [34m0.0s[0m
 [33m⠧[0m Container semforge-pg16-test-postgres-1 Waiting                          [34m0.9s[0m
[?25h[?25l[3A[0G[+] up 1/2
 [32m✔[0m Network semforge-pg16-test_default      [32mCreated[0m                          [34m0.0s[0m
 [33m⠇[0m Container semforge-pg16-test-postgres-1 Waiting                          [34m1.0s[0m
[?25h[?25l[3A[0G[+] up 1/2
 [32m✔[0m Network semforge-pg16-test_default      [32mCreated[0m                          [34m0.0s[0m
 [33m⠏[0m Container semforge-pg16-test-postgres-1 Waiting                          [34m1.1s[0m
[?25h[?25l[3A[0G[+] up 1/2
 [32m✔[0m Network semforge-pg16-test_default      [32mCreated[0m                          [34m0.0s[0m
 [33m⠋[0m Container semforge-pg16-test-postgres-1 Waiting                          [34m1.2s[0m
[?25h[?25l[3A[0G[+] up 1/2
 [32m✔[0m Network semforge-pg16-test_default      [32mCreated[0m                          [34m0.0s[0m
 [33m⠙[0m Container semforge-pg16-test-postgres-1 Waiting                          [34m1.3s[0m
[?25h[?25l[3A[0G[+] up 1/2
 [32m✔[0m Network semforge-pg16-test_default      [32mCreated[0m                          [34m0.0s[0m
 [33m⠹[0m Container semforge-pg16-test-postgres-1 Waiting                          [34m1.4s[0m
[?25h[?25l[3A[0G[+] up 1/2
 [32m✔[0m Network semforge-pg16-test_default      [32mCreated[0m                          [34m0.0s[0m
 [33m⠸[0m Container semforge-pg16-test-postgres-1 Waiting                          [34m1.5s[0m
[?25h[?25l[3A[0G[+] up 1/2
 [32m✔[0m Network semforge-pg16-test_default      [32mCreated[0m                          [34m0.0s[0m
 [33m⠼[0m Container semforge-pg16-test-postgres-1 Waiting                          [34m1.6s[0m
[?25h[?25l[3A[0G[+] up 1/2
 [32m✔[0m Network semforge-pg16-test_default      [32mCreated[0m                          [34m0.0s[0m
 [33m⠴[0m Container semforge-pg16-test-postgres-1 Waiting                          [34m1.7s[0m
[?25h[?25l[3A[0G[+] up 1/2
 [32m✔[0m Network semforge-pg16-test_default      [32mCreated[0m                          [34m0.0s[0m
 [33m⠦[0m Container semforge-pg16-test-postgres-1 Waiting                          [34m1.8s[0m
[?25h[?25l[3A[0G[+] up 1/2
 [32m✔[0m Network semforge-pg16-test_default      [32mCreated[0m                          [34m0.0s[0m
 [33m⠧[0m Container semforge-pg16-test-postgres-1 Waiting                          [34m1.9s[0m
[?25h[?25l[3A[0G[+] up 1/2
 [32m✔[0m Network semforge-pg16-test_default      [32mCreated[0m                          [34m0.0s[0m
 [33m⠇[0m Container semforge-pg16-test-postgres-1 Waiting                          [34m2.0s[0m
[?25h[?25l[3A[0G[+] up 1/2
 [32m✔[0m Network semforge-pg16-test_default      [32mCreated[0m                          [34m0.0s[0m
 [33m⠏[0m Container semforge-pg16-test-postgres-1 Waiting                          [34m2.1s[0m
[?25h[?25l[3A[0G[+] up 1/2
 [32m✔[0m Network semforge-pg16-test_default      [32mCreated[0m                          [34m0.0s[0m
 [33m⠋[0m Container semforge-pg16-test-postgres-1 Waiting                          [34m2.2s[0m
[?25h[?25l[3A[0G[+] up 1/2
 [32m✔[0m Network semforge-pg16-test_default      [32mCreated[0m                          [34m0.0s[0m
 [33m⠙[0m Container semforge-pg16-test-postgres-1 Waiting                          [34m2.3s[0m
[?25h[?25l[3A[0G[+] up 1/2
 [32m✔[0m Network semforge-pg16-test_default      [32mCreated[0m                          [34m0.0s[0m
 [33m⠹[0m Container semforge-pg16-test-postgres-1 Waiting                          [34m2.4s[0m
[?25h[?25l[3A[0G[+] up 1/2
 [32m✔[0m Network semforge-pg16-test_default      [32mCreated[0m                          [34m0.0s[0m
 [33m⠸[0m Container semforge-pg16-test-postgres-1 Waiting                          [34m2.5s[0m
[?25h[?25l[3A[0G[+] up 1/2
 [32m✔[0m Network semforge-pg16-test_default      [32mCreated[0m                          [34m0.0s[0m
 [33m⠼[0m Container semforge-pg16-test-postgres-1 Waiting                          [34m2.6s[0m
[?25h[?25l[3A[0G[+] up 1/2
 [32m✔[0m Network semforge-pg16-test_default      [32mCreated[0m                          [34m0.0s[0m
 [33m⠴[0m Container semforge-pg16-test-postgres-1 Waiting                          [34m2.7s[0m
[?25h[?25l[3A[0G[+] up 2/2
 [32m✔[0m Network semforge-pg16-test_default      [32mCreated[0m                          [34m0.0s[0m
 [32m✔[0m Container semforge-pg16-test-postgres-1 [32mHealthy[0m                          [34m2.8s[0m
[?25h
> semforge@0.1.0 db:migrate
> tsx src/db/migrate.ts

/Users/user01/Music/SEMForge-worktrees/parallel-p4-final-pg-qa/semforge/semforge/node_modules/src/pg-core/session.ts:73
				throw new DrizzleQueryError(queryString, params, e as Error);
				      ^

DrizzleQueryError: Failed query: CREATE SCHEMA IF NOT EXISTS "drizzle"
params:
    at NodePgPreparedQuery.queryWithCache (/Users/user01/Music/SEMForge-worktrees/parallel-p4-final-pg-qa/semforge/semforge/node_modules/src/pg-core/session.ts:73:11)
    at process.processTicksAndRejections (node:internal/process/task_queues:104:5)
    at async PgDialect.migrate (/Users/user01/Music/SEMForge-worktrees/parallel-p4-final-pg-qa/semforge/semforge/node_modules/src/pg-core/dialect.ts:85:3)
    at async migrate (/Users/user01/Music/SEMForge-worktrees/parallel-p4-final-pg-qa/semforge/semforge/node_modules/src/node-postgres/migrator.ts:10:2)
    at async main (/Users/user01/Music/SEMForge-worktrees/parallel-p4-final-pg-qa/semforge/semforge/src/db/migrate.ts:33:5) {
  query: 'CREATE SCHEMA IF NOT EXISTS "drizzle"',
  params: [],
  cause: Error: connect ECONNREFUSED 127.0.0.1:55439
      at /Users/user01/Music/SEMForge-worktrees/parallel-p4-final-pg-qa/semforge/semforge/node_modules/pg-pool/index.js:45:11
      at process.processTicksAndRejections (node:internal/process/task_queues:104:5)
      at async <anonymous> (/Users/user01/Music/SEMForge-worktrees/parallel-p4-final-pg-qa/semforge/semforge/node_modules/src/node-postgres/session.ts:149:14)
      at async NodePgPreparedQuery.queryWithCache (/Users/user01/Music/SEMForge-worktrees/parallel-p4-final-pg-qa/semforge/semforge/node_modules/src/pg-core/session.ts:71:12)
      at async PgDialect.migrate (/Users/user01/Music/SEMForge-worktrees/parallel-p4-final-pg-qa/semforge/semforge/node_modules/src/pg-core/dialect.ts:85:3)
      at async migrate (/Users/user01/Music/SEMForge-worktrees/parallel-p4-final-pg-qa/semforge/semforge/node_modules/src/node-postgres/migrator.ts:10:2)
      at async main (/Users/user01/Music/SEMForge-worktrees/parallel-p4-final-pg-qa/semforge/semforge/src/db/migrate.ts:33:5) {
    errno: -61,
    code: 'ECONNREFUSED',
    syscall: 'connect',
    address: '127.0.0.1',
    port: 55439
  }
}

Node.js v24.19.0
