/Users/user01/Music/SEMForge-worktrees/parallel-p4-final-pg-qa/semforge/semforge/node_modules/pg-pool/index.js:45
    Error.captureStackTrace(err)
          ^

error: permission denied for table outbox
    at /Users/user01/Music/SEMForge-worktrees/parallel-p4-final-pg-qa/semforge/semforge/node_modules/pg-pool/index.js:45:11
    at process.processTicksAndRejections (node:internal/process/task_queues:104:5)
    at async PostgresWeeklyCollectionScheduler.insertOutbox (/Users/user01/Music/SEMForge-worktrees/parallel-p4-final-pg-qa/semforge/semforge/src/worker/scheduler.ts:158:20)
    at async PostgresWeeklyCollectionScheduler.schedule (/Users/user01/Music/SEMForge-worktrees/parallel-p4-final-pg-qa/semforge/semforge/src/worker/scheduler.ts:94:17)
    at async main (/Users/user01/Music/SEMForge-worktrees/parallel-p4-final-pg-qa/semforge/semforge/.omo/evidence/phase4-final-pg-docker-qa/red-report-scheduler-repro.ts:43:22) {
  length: 94,
  severity: 'ERROR',
  code: '42501',
  detail: undefined,
  hint: undefined,
  position: undefined,
  internalPosition: undefined,
  internalQuery: undefined,
  where: undefined,
  schema: undefined,
  table: undefined,
  column: undefined,
  dataType: undefined,
  constraint: undefined,
  file: 'aclchk.c',
  line: '2812',
  routine: 'aclcheck_error'
}

Node.js v24.19.0
