✔ KST 월요일 주기는 일요일 18시 수집, 월요일 07시 마감, 08시 snapshot으로 고정된다 (39.748458ms)
✔ GSC mature window는 PT DST 시작일에도 이전 목요일 포함 7일과 직전 7일을 유지한다 (0.3465ms)
✔ 수집 retry는 월요일 07:00 KST 이전에만 예약된다 (0.171ms)
✖ report snapshot 실행은 KST 월요일의 cycleMonday를 지연 재실행에도 유지한다 (0.115208ms)
✖ report snapshot 실행은 KST 월요일이 아닌 시각을 거부한다 (1.121708ms)
ℹ tests 5
ℹ suites 0
ℹ pass 3
ℹ fail 2
ℹ cancelled 0
ℹ skipped 0
ℹ todo 0
ℹ duration_ms 263.208625

✖ failing tests:

test at src/server/reports/schedule.test.ts:2:3199
✖ report snapshot 실행은 KST 월요일의 cycleMonday를 지연 재실행에도 유지한다 (0.115208ms)
  TypeError: (0 , import_schedule.cycleMondayForReportSnapshotRun) is not a function
      at <anonymous> (/Users/user01/Music/SEMForge-worktrees/parallel-p4-final-pg-qa/semforge/semforge/src/server/reports/schedule.test.ts:54:22)
      at Array.map (<anonymous>)
      at TestContext.<anonymous> (/Users/user01/Music/SEMForge-worktrees/parallel-p4-final-pg-qa/semforge/semforge/src/server/reports/schedule.test.ts:54:7)
      at Test.runInAsyncScope (node:async_hooks:227:14)
      at Test.run (node:internal/test_runner/test:1382:25)
      at Test.processPendingSubtests (node:internal/test_runner/test:960:18)
      at Test.postRun (node:internal/test_runner/test:1522:19)
      at Test.run (node:internal/test_runner/test:1447:12)
      at async Test.processPendingSubtests (node:internal/test_runner/test:960:7)

test at src/server/reports/schedule.test.ts:2:3623
✖ report snapshot 실행은 KST 월요일이 아닌 시각을 거부한다 (1.121708ms)
  AssertionError [ERR_ASSERTION]: The input did not match the regular expression /KST Monday/u. Input:

  'TypeError: (0 , import_schedule.cycleMondayForReportSnapshotRun) is not a function'

      at TestContext.<anonymous> (/Users/user01/Music/SEMForge-worktrees/parallel-p4-final-pg-qa/semforge/semforge/src/server/reports/schedule.test.ts:60:10)
      at Test.runInAsyncScope (node:async_hooks:227:14)
      at Test.run (node:internal/test_runner/test:1382:25)
      at Test.processPendingSubtests (node:internal/test_runner/test:960:18)
      at Test.postRun (node:internal/test_runner/test:1522:19)
      at Test.run (node:internal/test_runner/test:1447:12)
      at async Test.processPendingSubtests (node:internal/test_runner/test:960:7) {
    generatedMessage: true,
    code: 'ERR_ASSERTION',
    actual: TypeError: (0 , import_schedule.cycleMondayForReportSnapshotRun) is not a function
        at <anonymous> (/Users/user01/Music/SEMForge-worktrees/parallel-p4-final-pg-qa/semforge/semforge/src/server/reports/schedule.test.ts:61:11)
        at getActual (node:assert:611:5)
        at strict.throws (node:assert:759:24)
        at TestContext.<anonymous> (/Users/user01/Music/SEMForge-worktrees/parallel-p4-final-pg-qa/semforge/semforge/src/server/reports/schedule.test.ts:60:10)
        at Test.runInAsyncScope (node:async_hooks:227:14)
        at Test.run (node:internal/test_runner/test:1382:25)
        at Test.processPendingSubtests (node:internal/test_runner/test:960:18)
        at Test.postRun (node:internal/test_runner/test:1522:19)
        at Test.run (node:internal/test_runner/test:1447:12)
        at async Test.processPendingSubtests (node:internal/test_runner/test:960:7),
    expected: /KST Monday/u,
    operator: 'throws',
    diff: 'simple'
  }
