✔ Next production build는 standalone output을 생성한다 (4.9665ms)
✔ package build script는 secret 없는 build service profile을 강제한다 (0.60875ms)
✔ Dockerfile은 Node 24 web/pipeline/migrator target과 non-root Chromium/Noto runtime을 제공한다 (1.049875ms)
✔ Docker worker는 dispatcher claim과 tenant DB가 분리된 production composition을 사용한다 (0.9935ms)
✖ entrypoint와 compose는 migration 성공 뒤 web/worker/relay와 collection/report scheduler를 분리 실행한다 (2.376083ms)
✖ Kubernetes 예시는 worker/relay와 일요일 collection·월요일 report scheduler를 분리한다 (2.628084ms)
✔ 환경 예시는 report delivery 변수 이름만 제공하고 역할별 env_file secret 주입을 유지한다 (1.302541ms)
✔ nginx 예시는 TLS 1.2+, auth rate limit, streaming proxy 보안을 포함한다 (2.022417ms)
✔ 운영 runbook은 TLS/PITR, object version restore, backup, previous-image rollback을 실행 순서로 고정한다 (1.130959ms)
ℹ tests 9
ℹ suites 0
ℹ pass 7
ℹ fail 2
ℹ cancelled 0
ℹ skipped 0
ℹ todo 0
ℹ duration_ms 256.977834

✖ failing tests:

test at scripts/ops/deployment.contract.test.ts:2:4100
✖ entrypoint와 compose는 migration 성공 뒤 web/worker/relay와 collection/report scheduler를 분리 실행한다 (2.376083ms)
  AssertionError [ERR_ASSERTION]: The input did not match the regular expression /exec node --import tsx scripts\/ops\/report-scheduler\.ts/u. Input:

  '#!/bin/sh\n' +
    '# @TASK P4-O1-T1 - Fail-fast container entrypoint with exec signal semantics\n' +
    '# @SPEC docs/planning/06-tasks.md#p4-o1-t1--node-24-docker와-운영-도구\n' +
    'set -eu\n' +
    '\n' +
    'profile="${1:-}"\n' +
    'node scripts/ops/preflight.mjs "$profile"\n' +
    '\n' +
    'case "$profile" in\n' +
    '  web)\n' +
    '    exec node server.js\n' +
    '    ;;\n' +
    '  worker)\n' +
    '    exec node --import tsx scripts/ops/worker.ts\n' +
    '    ;;\n' +
    '  relay)\n' +
    '    exec node --import tsx scripts/ops/relay.ts\n' +
    '    ;;\n' +
    '  scheduler)\n' +
    '    exec node --import tsx scripts/ops/scheduler.ts\n' +
    '    ;;\n' +
    '  migrate)\n' +
    '    exec node --import tsx src/db/migrate.ts\n' +
    '    ;;\n' +
    '  *)\n' +
    `    echo '{"level":"error","message":"invalid runtime profile"}' >&2\n` +
    '    exit 64\n' +
    '    ;;\n' +
    'esac\n'

      at TestContext.<anonymous> (/Users/user01/Music/SEMForge-worktrees/parallel-p4-final-pg-qa/semforge/semforge/scripts/ops/deployment.contract.test.ts:79:10)
      at async Test.run (node:internal/test_runner/test:1389:7)
      at async Test.processPendingSubtests (node:internal/test_runner/test:960:7) {
    generatedMessage: true,
    code: 'ERR_ASSERTION',
    actual: '#!/bin/sh\n# @TASK P4-O1-T1 - Fail-fast container entrypoint with exec signal semantics\n# @SPEC docs/planning/06-tasks.md#p4-o1-t1--node-24-docker와-운영-도구\nset -eu\n\nprofile="${1:-}"\nnode scripts/ops/preflight.mjs "$profile"\n\ncase "$profile" in\n  web)\n    exec node server.js\n    ;;\n  worker)\n    exec node --import tsx scripts/ops/worker.ts\n    ;;\n  relay)\n    exec node --import tsx scripts/ops/relay.ts\n    ;;\n  scheduler)\n    exec node --import tsx scripts/ops/scheduler.ts\n    ;;\n  migrate)\n    exec node --import tsx src/db/migrate.ts\n    ;;\n  *)\n    echo \'{"level":"error","message":"invalid runtime profile"}\' >&2\n    exit 64\n    ;;\nesac\n',
    expected: /exec node --import tsx scripts\/ops\/report-scheduler\.ts/u,
    operator: 'match',
    diff: 'simple'
  }

test at scripts/ops/deployment.contract.test.ts:2:5644
✖ Kubernetes 예시는 worker/relay와 일요일 collection·월요일 report scheduler를 분리한다 (2.628084ms)
  AssertionError [ERR_ASSERTION]: The input did not match the regular expression /schedule:\s*"0 9 \* \* 0"/u. Input:

  ''

      at TestContext.<anonymous> (/Users/user01/Music/SEMForge-worktrees/parallel-p4-final-pg-qa/semforge/semforge/scripts/ops/deployment.contract.test.ts:136:10)
      at async Test.run (node:internal/test_runner/test:1389:7)
      at async Test.processPendingSubtests (node:internal/test_runner/test:960:7) {
    generatedMessage: true,
    code: 'ERR_ASSERTION',
    actual: '',
    expected: /schedule:\s*"0 9 \* \* 0"/u,
    operator: 'match',
    diff: 'simple'
  }
