^D✔ fresh migration과 두 번째 migration 실행이 모두 성공한다 (934.313459ms)
✔ workspace당 네 번째 site를 거부한다 (5.629083ms)
✔ site당 active rank와 aio query를 각각 20개까지만 허용한다 (20.974083ms)
✔ web role은 transaction-local workspace 밖의 row를 볼 수 없다 (4.211959ms)
✔ web, dispatcher, scheduler, worker, billing role은 BYPASSRLS가 아니다 (1.747791ms)
✖ web role은 billing 고객·결제수단·구독 테이블 권한을 전혀 갖지 않는다 (5.440042ms)
✖ scheduler role은 최소 subscription/outbox 컬럼과 제한된 topic 정책만 가진다 (7.284417ms)
✔ worker role은 audit_events에 INSERT만 허용하고 기록을 읽을 수 없다 (5.21975ms)
✔ worker role은 transaction-local workspace 밖 tenant row와 global queue에 접근하지 못한다 (4.549125ms)
✔ worker role은 자기 workspace report outbox 최소 컬럼만 INSERT하고 조회·수정·tenant 이탈은 거부된다 (17.717917ms)
✔ dispatcher role은 jobs/outbox만 전역 처리하고 tenant domain row는 읽지 못한다 (3.772875ms)
✔ scheduler role은 canonical collection outbox 입력 컬럼만 사용한다 (2.842459ms)
✔ job/outbox request hash는 직접 변조해도 canonical 중요 필드에서 다시 계산된다 (3.01425ms)
✔ NAVER/GSC provenance schema는 source/status와 tenant 복합 FK를 실제 DB에서 강제한다 (3.748583ms)
✔ billing role은 fingerprint 결제수단과 append-only ledger만 변경한다 (5.599833ms)
✔ DB도 GSC token과 Toss billing key의 평문 저장을 거부한다 (1.024583ms)
✔ auth role은 pre-tenant 인증 트랜잭션에 필요한 최소 권한과 RLS 정책만 가진다 (20.165125ms)
✔ auth role은 password reset outbox를 INSERT만 할 수 있고 tenant outbox payload를 SELECT할 수 없다 (4.831417ms)
✔ auth role은 billing provisioning INSERT만 허용하고 billing SELECT를 노출하지 않는다 (5.787459ms)
✔ auth role은 초대 intent에서 신규 workspace·owner membership·session을 원자 생성한다 (12.065708ms)
✔ auth 수락 트랜잭션 중간 실패는 account와 workspace 생성을 전부 rollback한다 (4.504458ms)
✔ invite provisioning 제약은 잘못된 상태·역할·해시와 pending 중복을 거부한다 (3.949208ms)
✔ auth role은 만료된 invite intent를 잠그거나 수락하지 못한다 (4.639584ms)
✔ operator는 만료 intent만 supersede하고 경쟁 재발급에서 pending 하나만 남긴다 (4.868167ms)
✔ operator role은 NOLOGIN 권한 그룹이며 invites SELECT/INSERT 권한만 가진다 (13.088459ms)
✔ operator는 7일 초대를 발급하지만 인증·사이트·결제 데이터에는 접근하지 못한다 (9.823125ms)
ℹ tests 26
ℹ suites 0
ℹ pass 24
ℹ fail 2
ℹ cancelled 0
ℹ skipped 0
ℹ todo 0
ℹ duration_ms 1507.318125

✖ failing tests:

test at src/db/migrations/core.integration.test.ts:2:5332
✖ web role은 billing 고객·결제수단·구독 테이블 권한을 전혀 갖지 않는다 (5.440042ms)
  AssertionError [ERR_ASSERTION]: Expected values to be strictly deep-equal:
  + actual - expected

  + [
  +   {
  +     privilege_type: 'DELETE',
  +     table_name: 'billing_customers'
  +   },
  +   {
  +     privilege_type: 'INSERT',
  +     table_name: 'billing_customers'
  +   },
  +   {
  +     privilege_type: 'SELECT',
  +     table_name: 'billing_customers'
  +   },
  +   {
  +     privilege_type: 'UPDATE',
  +     table_name: 'billing_customers'
  +   },
  +   {
  +     privilege_type: 'DELETE',
  +     table_name: 'payment_methods'
  +   },
  +   {
  +     privilege_type: 'INSERT',
  +     table_name: 'payment_methods'
  +   },
  +   {
  +     privilege_type: 'SELECT',
  +     table_name: 'payment_methods'
  +   },
  +   {
  +     privilege_type: 'UPDATE',
  +     table_name: 'payment_methods'
  +   },
  +   {
  +     privilege_type: 'DELETE',
  +     table_name: 'subscriptions'
  +   },
  +   {
  +     privilege_type: 'INSERT',
  +     table_name: 'subscriptions'
  +   },
  +   {
  +     privilege_type: 'SELECT',
  +     table_name: 'subscriptions'
  +   },
  +   {
  +     privilege_type: 'UPDATE',
  +     table_name: 'subscriptions'
  +   }
  + ]
  - []

      at TestContext.<anonymous> (/Users/user01/Music/SEMForge-worktrees/parallel-p4-final-pg-qa/semforge/semforge/src/db/migrations/core.integration.test.ts:135:10)
      at async Test.run (node:internal/test_runner/test:1389:7)
      at async Test.processPendingSubtests (node:internal/test_runner/test:960:7) {
    generatedMessage: true,
    code: 'ERR_ASSERTION',
    actual: [ { table_name: 'billing_customers', privilege_type: 'DELETE' }, { table_name: 'billing_customers', privilege_type: 'INSERT' }, { table_name: 'billing_customers', privilege_type: 'SELECT' }, { table_name: 'billing_customers', privilege_type: 'UPDATE' }, { table_name: 'payment_methods', privilege_type: 'DELETE' }, { table_name: 'payment_methods', privilege_type: 'INSERT' }, { table_name: 'payment_methods', privilege_type: 'SELECT' }, { table_name: 'payment_methods', privilege_type: 'UPDATE' }, { table_name: 'subscriptions', privilege_type: 'DELETE' }, { table_name: 'subscriptions', privilege_type: 'INSERT' }, { table_name: 'subscriptions', privilege_type: 'SELECT' }, { table_name: 'subscriptions', privilege_type: 'UPDATE' } ],
    expected: [],
    operator: 'deepStrictEqual',
    diff: 'simple'
  }

test at src/db/migrations/core.integration.test.ts:8:517
✖ scheduler role은 최소 subscription/outbox 컬럼과 제한된 topic 정책만 가진다 (7.284417ms)
  AssertionError [ERR_ASSERTION]: Expected values to be strictly deep-equal:
  + actual - expected

  + []
  - [
  -   'current_period_end',
  -   'status',
  -   'workspace_id'
  - ]

      at TestContext.<anonymous> (/Users/user01/Music/SEMForge-worktrees/parallel-p4-final-pg-qa/semforge/semforge/src/db/migrations/core.integration.test.ts:181:10)
      at async Test.run (node:internal/test_runner/test:1389:7)
      at async Test.processPendingSubtests (node:internal/test_runner/test:960:7) {
    generatedMessage: true,
    code: 'ERR_ASSERTION',
    actual: [],
    expected: [ 'current_period_end', 'status', 'workspace_id' ],
    operator: 'deepStrictEqual',
    diff: 'simple'
  }
