^D✔ fresh migration과 두 번째 migration 실행이 모두 성공한다 (2480.727542ms)
✔ workspace당 네 번째 site를 거부한다 (12.134125ms)
✔ site당 active rank와 aio query를 각각 20개까지만 허용한다 (35.468833ms)
✔ web role은 transaction-local workspace 밖의 row를 볼 수 없다 (15.785041ms)
✔ web, dispatcher, scheduler, worker, billing role은 BYPASSRLS가 아니다 (3.889792ms)
✔ web role은 billing 고객·결제수단·구독 테이블 권한을 전혀 갖지 않는다 (16.897459ms)
✔ scheduler role은 최소 subscription/outbox 컬럼과 제한된 topic 정책만 가진다 (26.66525ms)
✔ worker role은 audit_events에 INSERT만 허용하고 기록을 읽을 수 없다 (10.036125ms)
✔ worker role은 transaction-local workspace 밖 tenant row와 global queue에 접근하지 못한다 (9.815042ms)
✔ worker role은 자기 workspace report outbox 최소 컬럼만 INSERT하고 조회·수정·tenant 이탈은 거부된다 (27.385833ms)
✔ dispatcher role은 jobs/outbox만 전역 처리하고 tenant domain row는 읽지 못한다 (8.161292ms)
✖ scheduler role은 canonical collection outbox 입력 컬럼만 사용한다 (3.453875ms)
✔ job/outbox request hash는 직접 변조해도 canonical 중요 필드에서 다시 계산된다 (6.5895ms)
✔ NAVER/GSC provenance schema는 source/status와 tenant 복합 FK를 실제 DB에서 강제한다 (7.001375ms)
✔ billing role은 fingerprint 결제수단과 append-only ledger만 변경한다 (12.071291ms)
✔ DB도 GSC token과 Toss billing key의 평문 저장을 거부한다 (1.956667ms)
✔ auth role은 pre-tenant 인증 트랜잭션에 필요한 최소 권한과 RLS 정책만 가진다 (40.952875ms)
✔ auth role은 password reset outbox를 INSERT만 할 수 있고 tenant outbox payload를 SELECT할 수 없다 (10.728708ms)
✔ auth role은 billing provisioning INSERT만 허용하고 billing SELECT를 노출하지 않는다 (12.549375ms)
✔ auth role은 초대 intent에서 신규 workspace·owner membership·session을 원자 생성한다 (23.507583ms)
✔ auth 수락 트랜잭션 중간 실패는 account와 workspace 생성을 전부 rollback한다 (9.596708ms)
✔ invite provisioning 제약은 잘못된 상태·역할·해시와 pending 중복을 거부한다 (9.571416ms)
✔ auth role은 만료된 invite intent를 잠그거나 수락하지 못한다 (3.775417ms)
✔ operator는 만료 intent만 supersede하고 경쟁 재발급에서 pending 하나만 남긴다 (9.809958ms)
✔ operator role은 NOLOGIN 권한 그룹이며 invites SELECT/INSERT 권한만 가진다 (28.404166ms)
✔ operator는 7일 초대를 발급하지만 인증·사이트·결제 데이터에는 접근하지 못한다 (21.15625ms)
ℹ tests 26
ℹ suites 0
ℹ pass 25
ℹ fail 1
ℹ cancelled 0
ℹ skipped 0
ℹ todo 0
ℹ duration_ms 3211.94725

✖ failing tests:

test at src/db/migrations/core.integration.test.ts:23:2292
✖ scheduler role은 canonical collection outbox 입력 컬럼만 사용한다 (3.453875ms)
  error: new row violates row-level security policy for table "outbox"
      at be.$r (/Users/user01/Music/SEMForge-worktrees/parallel-p4-final-pg-qa/semforge/semforge/node_modules/@electric-sql/pglite/dist/index.cjs:3:22154)
      at be.Na (/Users/user01/Music/SEMForge-worktrees/parallel-p4-final-pg-qa/semforge/semforge/node_modules/@electric-sql/pglite/dist/index.cjs:3:19524)
      at be.parse (/Users/user01/Music/SEMForge-worktrees/parallel-p4-final-pg-qa/semforge/semforge/node_modules/@electric-sql/pglite/dist/index.cjs:3:18257)
      at <anonymous> (/Users/user01/Music/SEMForge-worktrees/parallel-p4-final-pg-qa/semforge/semforge/node_modules/@electric-sql/pglite/dist/index.cjs:12:224824)
      at wasm://wasm/021d3ac6:wasm-function[3717]:0x27f7ed
      at wasm://wasm/021d3ac6:wasm-function[3727]:0x27fb64
      at wasm://wasm/021d3ac6:wasm-function[9511]:0x50b432
      at wasm://wasm/021d3ac6:wasm-function[175]:0x5ad13
      at invoke_v (/Users/user01/Music/SEMForge-worktrees/parallel-p4-final-pg-qa/semforge/semforge/node_modules/@electric-sql/pglite/dist/index.cjs:12:209340)
      at wasm://wasm/021d3ac6:wasm-function[178]:0x5b558 {
    length: 129,
    severity: 'ERROR',
    code: '42501',
    detail: undefined,
    hint: undefined,
    position: undefined,
    internalPosition: undefined,
    internalQuery: undefined,
    where: undefined,
    schema: undefined,
    table: undefined,
    column: undefined,
    dataType: undefined,
    constraint: undefined,
    file: 'execMain.c',
    line: '2162',
    routine: 'ExecWithCheckOptions',
    query: "insert into outbox (workspace_id, topic, payload, idempotency_key)\n       values ($1, 'collection.google.weekly', '{}'::jsonb, 'scheduler-valid')",
    params: [ '00000000-0000-4000-8000-000000000114' ],
    queryOptions: undefined
  }
