^D
> semforge@0.1.0 test:pg16
> tsx --test src/db/postgres16.multisession.pg16.ts

✖ PostgreSQL 16 실제 세션은 SKIP LOCKED, provider canonical visibility, outbox crash recovery와 RLS 경계를 보장한다 (70.077417ms)
✖ PostgreSQL 16 실제 role은 구독 후보·report 동시 멱등·billing gate와 최소 권한을 강제한다 (33.971833ms)
ℹ tests 2
ℹ suites 0
ℹ pass 0
ℹ fail 2
ℹ cancelled 0
ℹ skipped 0
ℹ todo 0
ℹ duration_ms 227.610917

✖ failing tests:

test at src/db/postgres16.multisession.pg16.ts:2:1929
✖ PostgreSQL 16 실제 세션은 SKIP LOCKED, provider canonical visibility, outbox crash recovery와 RLS 경계를 보장한다 (70.077417ms)
  AssertionError [ERR_ASSERTION]: Expected values to be strictly equal:

  0 !== 1

      at TestContext.<anonymous> (/Users/user01/Music/SEMForge-worktrees/parallel-p4-final-pg-qa/semforge/semforge/src/db/postgres16.multisession.pg16.ts:187:12)
      at process.processTicksAndRejections (node:internal/process/task_queues:104:5)
      at async Test.run (node:internal/test_runner/test:1389:7)
      at async startSubtestAfterBootstrap (node:internal/test_runner/harness:387:3) {
    generatedMessage: true,
    code: 'ERR_ASSERTION',
    actual: 0,
    expected: 1,
    operator: 'strictEqual',
    diff: 'simple'
  }

test at src/db/postgres16.multisession.pg16.ts:6:2550
✖ PostgreSQL 16 실제 role은 구독 후보·report 동시 멱등·billing gate와 최소 권한을 강제한다 (33.971833ms)
  AssertionError [ERR_ASSERTION]: Expected values to be strictly deep-equal:
  + actual - expected

    {
  +   google: 3,
  -   google: 2,
      gsc: 0,
  +   naver: 3
  -   naver: 2
    }

      at TestContext.<anonymous> (/Users/user01/Music/SEMForge-worktrees/parallel-p4-final-pg-qa/semforge/semforge/src/db/postgres16.multisession.pg16.ts:302:12)
      at process.processTicksAndRejections (node:internal/process/task_queues:104:5)
      at async Test.run (node:internal/test_runner/test:1389:7)
      at async Test.processPendingSubtests (node:internal/test_runner/test:960:7) {
    generatedMessage: true,
    code: 'ERR_ASSERTION',
    actual: { google: 3, naver: 3, gsc: 0 },
    expected: { google: 2, naver: 2, gsc: 0 },
    operator: 'deepStrictEqual',
    diff: 'simple'
  }
