^D
> semforge@0.1.0 verify
> npm run lint && npm run typecheck && npm run test


> semforge@0.1.0 lint
> eslint


> semforge@0.1.0 typecheck
> tsc --noEmit


> semforge@0.1.0 test
> tsx --test "src/**/*.test.ts" "src/**/*.test.tsx" "scripts/**/*.test.ts"

▶ invite CLI argument parsing
  ✔ normalizes the required email and workspace name (1.479ms)
  ✔ rejects missing, malformed, duplicate, and unsupported arguments (0.380583ms)
✔ invite CLI argument parsing (2.529625ms)
▶ invite CLI execution
  ✔ calls the auth service before printing its raw token exactly once (0.928458ms)
  ✔ returns a nonzero code without leaking database errors or printing a token (0.381167ms)
  ✔ rejects a malformed service token without writing any stdout (0.200875ms)
  ✔ rejects an invite that expires more than seven days after verification (0.19325ms)
  ✔ requests only the operator database role in the production wiring (0.298ms)
  ✔ hard-fails without OPERATOR_DATABASE_URL (2.091042ms)
  ✔ rejects an existing-workspace invite before calling the service (0.1445ms)
✔ invite CLI execution (4.588792ms)
✔ Next production build는 standalone output을 생성한다 (33.204708ms)
✔ package build script는 secret 없는 build service profile을 강제한다 (3.071167ms)
✔ Dockerfile은 Node 24 web/pipeline/migrator target과 non-root Chromium/Noto runtime을 제공한다 (2.588792ms)
✖ Docker worker는 dispatcher claim과 tenant DB가 분리된 production composition을 사용한다 (13.385208ms)
✔ entrypoint와 compose는 migration 성공 뒤 web/worker/relay와 collection/report scheduler를 분리 실행한다 (4.357417ms)
✔ Kubernetes 예시는 worker/relay와 일요일 collection·월요일 report scheduler를 분리한다 (3.089958ms)
✔ 환경 예시는 report delivery 변수 이름만 제공하고 역할별 env_file secret 주입을 유지한다 (1.842458ms)
✔ nginx 예시는 TLS 1.2+, auth rate limit, streaming proxy 보안을 포함한다 (1.259667ms)
✔ 운영 runbook은 TLS/PITR, object version restore, backup, previous-image rollback을 실행 순서로 고정한다 (2.620417ms)
✔ 공개 홈은 주간 검색 가시성 제품과 초대 전용 베타를 설명한다 (16.428209ms)
✔ 로그인 페이지는 데모 계정 없이 인증 폼을 제공한다 (4.4915ms)
✔ 앱 개요는 실제 사이트·리포트·GSC API를 함께 확인하며 임의 KPI를 표시하지 않는다 (6.7665ms)
✔ 허용 앱 화면은 승인된 v1 API 경계만 사용한다 (103.582667ms)
✔ checkout envelope는 같은 origin의 고정 billing callback 계약만 허용한다 (2.044333ms)
✔ launch는 서버 customerKey로 Toss payment를 만들고 CARD 자동결제 인증을 요청한다 (0.257709ms)
✔ success callback은 authKey/customerKey를 한 번만 파싱하고 provider message는 무시한다 (0.506042ms)
✔ callback POST는 customerKey를 서버 설정과 대조하고 안정적인 멱등키를 보낸다 (87.75675ms)
✔ BrandMark는 독립 SEMForge 이름과 주간 가시성 메시지만 제공한다 (5.009583ms)
✔ AppShell은 허용된 핵심 앱 탐색과 모바일 탐색을 접근 가능하게 렌더링한다 (79.779292ms)
✔ StatusPanel은 loading, error, empty, partial 상태를 숫자 조작 없이 구분한다 (18.919333ms)
✔ ProductLimitSummary는 유료 베타의 실제 한도를 고정해 설명한다 (2.965542ms)
✔ AuthForm은 인증 종류별 실제 API 경계를 form에 노출한다 (15.184792ms)
✔ 인증 payload는 식별자 공백만 정리하고 비밀번호 원문은 보존한다 (95.167ms)
✔ API envelope 분류는 빈 데이터와 일부 데이터를 구분한다 (3.409084ms)
✔ DataEndpointBoundary는 실제 v1 endpoint를 로딩 상태에 표시한다 (1.405542ms)
✔ API 경계는 성공 상태의 비 JSON 응답을 빈 데이터로 오인하지 않는다 (3.748292ms)
✔ WorkspaceSettingsForm은 reports branding API와 정확한 브랜드 입력을 연결한다 (1.60275ms)
✔ 브라우저 mutation은 tenant 식별자 재정의를 fetch 전에 거부한다 (1.811291ms)
✔ 정상 mutation은 같은 origin 쿠키와 매 요청 idempotency key를 사용한다 (27.400125ms)
✔ 사이트 목록은 실제 레코드와 3개 한도를 보여 주되 workspace 식별자는 노출하지 않는다 (58.136917ms)
✔ 사이트 상세 계약은 rank/AIO 추적과 GSC binding을 읽고 tenant override를 버린다 (7.572084ms)
✔ 불변 리포트는 확인된 값과 누락 section을 한글로 렌더하고 workspace ID를 숨긴다 (52.511834ms)
✔ past_due 구독은 과거 리포트 외 화면을 읽기 전용으로 만들고 결제 복구는 허용한다 (14.935333ms)
✔ 계약 파서는 임의 KPI·잘못된 색상·불완전 tenant 응답을 수용하지 않는다 (0.4705ms)
✔ 개요는 실제 API 건수와 준비 순서만 표시하고 임의 성과 KPI를 만들지 않는다 (6.733375ms)
✔ GSC 연결 목록은 readonly scope와 실제 만료 시각만 보여 주고 tenant ID를 숨긴다 (2.021375ms)
✔ Node 24와 TypeScript·TSX 테스트 파일을 모두 실행하는 기본 계약을 고정한다 (0.516041ms)
✔ 삭제된 레거시 기능을 가리키는 실행 스크립트가 없다 (0.439541ms)
✔ 삭제된 레거시 UI 전용 런타임 패키지가 없다 (0.135875ms)
✔ 핵심 웹·PostgreSQL·PDF 자산 의존성은 유지한다 (0.213833ms)
✔ 발견된 App Router 페이지는 제품 페이지 허용 목록 안에만 존재한다 (18.134208ms)
✔ 발견된 Route Handler는 v1 제품 API와 health 허용 목록 안에만 존재한다 (6.771042ms)
✔ 제품 소스에는 레거시 기능 경로와 SQLite·복제 제품 흔적이 없다 (33.291292ms)
✔ 공개 자산과 제품 문서에는 clone 자산·구 URL redirect·SQLite 흔적이 없다 (1.815416ms)
✔ fresh migration과 두 번째 migration 실행이 모두 성공한다 (3185.509875ms)
✔ workspace당 네 번째 site를 거부한다 (8.929167ms)
✔ site당 active rank와 aio query를 각각 20개까지만 허용한다 (101.339916ms)
✔ web role은 transaction-local workspace 밖의 row를 볼 수 없다 (4.9525ms)
✔ web, dispatcher, scheduler, worker, billing role은 BYPASSRLS가 아니다 (2.384291ms)
✔ web role은 billing 고객·결제수단·구독 테이블 권한을 전혀 갖지 않는다 (89.412917ms)
✔ scheduler role은 최소 subscription/outbox 컬럼과 제한된 topic 정책만 가진다 (103.09825ms)
✔ worker role은 audit_events에 INSERT만 허용하고 기록을 읽을 수 없다 (22.41425ms)
✔ worker role은 transaction-local workspace 밖 tenant row와 global queue에 접근하지 못한다 (15.095333ms)
✔ worker role은 자기 workspace report outbox 최소 컬럼만 INSERT하고 조회·수정·tenant 이탈은 거부된다 (84.017042ms)
✔ dispatcher role은 jobs/outbox만 전역 처리하고 tenant domain row는 읽지 못한다 (67.91175ms)
✔ scheduler role은 canonical collection outbox 입력 컬럼만 사용한다 (21.005083ms)
✔ job/outbox request hash는 직접 변조해도 canonical 중요 필드에서 다시 계산된다 (17.111875ms)
✔ NAVER/GSC provenance schema는 source/status와 tenant 복합 FK를 실제 DB에서 강제한다 (4.1975ms)
✔ billing role은 fingerprint 결제수단과 append-only ledger만 변경한다 (6.124542ms)
✔ DB도 GSC token과 Toss billing key의 평문 저장을 거부한다 (1.092791ms)
✔ auth role은 pre-tenant 인증 트랜잭션에 필요한 최소 권한과 RLS 정책만 가진다 (81.859666ms)
✔ auth role은 password reset outbox를 INSERT만 할 수 있고 tenant outbox payload를 SELECT할 수 없다 (9.907125ms)
✔ auth role은 billing provisioning INSERT만 허용하고 billing SELECT를 노출하지 않는다 (32.616458ms)
✔ auth role은 초대 intent에서 신규 workspace·owner membership·session을 원자 생성한다 (30.480458ms)
✔ auth 수락 트랜잭션 중간 실패는 account와 workspace 생성을 전부 rollback한다 (6.248375ms)
✔ invite provisioning 제약은 잘못된 상태·역할·해시와 pending 중복을 거부한다 (5.239125ms)
✔ auth role은 만료된 invite intent를 잠그거나 수락하지 못한다 (7.696708ms)
✔ operator는 만료 intent만 supersede하고 경쟁 재발급에서 pending 하나만 남긴다 (6.063125ms)
✔ operator role은 NOLOGIN 권한 그룹이며 invites SELECT/INSERT 권한만 가진다 (59.112833ms)
✔ operator는 7일 초대를 발급하지만 인증·사이트·결제 데이터에는 접근하지 못한다 (65.809ms)
✔ auth runtime은 AUTH_DATABASE_URL만 사용하고 migration owner URL을 재사용하지 않는다 (6.000208ms)
✔ 공개 상태 enum은 제품 계약과 정확히 일치한다 (1.02425ms)
✔ 모든 tenant domain table은 non-null workspace_id를 가진다 (5.516167ms)
✔ tracked_queries는 workspace와 site를 함께 참조한다 (0.204709ms)
✔ usage reservation은 provider call을 같은 workspace 복합 FK로 고정한다 (0.167625ms)
✔ migration snapshot도 provider call 연결 컬럼을 usage reservation에 기록한다 (1.822ms)
✔ job/outbox canonical request hash는 schema와 migration snapshot에 함께 존재한다 (0.813916ms)
✔ worker report outbox INSERT tenant policy는 schema와 canonical snapshot에 고정된다 (0.783792ms)
✔ NAVER와 GSC 관측값은 수집 provenance를 tenant 복합 FK로 고정한다 (0.395208ms)
✔ auth_action_throttles는 workspace 없이 action과 SHA-256 hash만 저장한다 (0.162916ms)
✔ invites는 생성 시점부터 최대 7일까지만 유효하다 (0.2695ms)
✔ invites는 신규 workspace intent와 수락한 owner membership을 명시적으로 연결한다 (0.236875ms)
✔ auth guard는 공개 resolveRequestId로 안전한 ID만 재사용한다 (12.4405ms)
✔ 성공 응답은 고정 envelope와 안전한 요청 ID를 반환한다 (13.850458ms)
✔ typed ApiError는 상태 코드와 오류 envelope로 변환된다 (0.89725ms)
✔ RATE_LIMITED 오류는 정수 Retry-After와 canonical 응답 헤더를 반환한다 (0.618625ms)
✔ JSON 본문 파서는 application/json이 아닌 요청을 415로 거부한다 (1.831666ms)
✔ 상태 변경 요청은 cross-origin Origin을 handler 실행 전에 거부한다 (0.400625ms)
✔ 안전하지 않은 요청 ID는 UUID로 교체하고 handler와 응답에 동일하게 전달한다 (0.33525ms)
✔ 성공 응답의 Set-Cookie는 보존하고 임의 x-request-id는 덮어쓴다 (0.453833ms)
✔ 예상하지 못한 오류는 메시지와 비밀값을 숨긴 500 envelope로 변환한다 (0.424167ms)
✔ INTERNAL ApiError의 사용자 지정 메시지도 외부에 노출하지 않는다 (0.338708ms)
✔ apiSuccess는 JSON 본문을 허용하지 않는 성공 status를 런타임에도 거부한다 (0.256458ms)
▶ 깨진 JSON은 400, 스키마 불일치는 422와 필드 오류를 반환한다
  ✔ malformed JSON (0.389417ms)
  ✔ schema mismatch (1.018416ms)
✔ 깨진 JSON은 400, 스키마 불일치는 422와 필드 오류를 반환한다 (2.156708ms)
✔ 정상 JSON은 Zod 변환 결과를 handler에 전달한다 (4.664833ms)
✔ Zod 필드 오류는 Object prototype과 같은 이름도 누락하지 않는다 (1.728583ms)
✔ 비동기 Zod refine 실패도 500이 아닌 422로 변환한다 (0.826042ms)
▶ Origin이 없거나 opaque/null이면 상태 변경 요청을 거부한다
  ✔ missing (0.18725ms)
  ✔ opaque (0.150333ms)
  ✔ malformed (0.123791ms)
✔ Origin이 없거나 opaque/null이면 상태 변경 요청을 거부한다 (0.661208ms)
✔ 위조된 forwarded host/proto로 canonical origin을 바꿀 수 없다 (0.155208ms)
✔ Host가 canonical URL host와 다르면 상태 변경 요청을 거부한다 (0.14375ms)
✔ APP_PUBLIC_URL이 설정되면 Host-derived Request URL로 신뢰 origin을 오염시킬 수 없다 (0.154584ms)
▶ production 상태 변경 요청은 HTTPS trusted origin이 없으면 fail closed한다
  ✔ missing APP_PUBLIC_URL (0.129083ms)
  ✔ HTTP APP_PUBLIC_URL (0.115ms)
  ✔ explicit HTTPS trusted origin (0.146ms)
✔ production 상태 변경 요청은 HTTPS trusted origin이 없으면 fail closed한다 (0.544792ms)
▶ 읽기 요청과 명시적 외부 webhook 정책은 Origin 검증을 생략한다
  ✔ GET (0.102125ms)
  ✔ external webhook POST (0.113791ms)
✔ 읽기 요청과 명시적 외부 webhook 정책은 Origin 검증을 생략한다 (0.316834ms)
▶ Origin 정책 오타와 none을 사용한 상태 변경 요청은 fail closed한다
  ✔ runtime typo (0.1165ms)
  ✔ none on POST (0.102792ms)
✔ Origin 정책 오타와 none을 사용한 상태 변경 요청은 fail closed한다 (0.316666ms)
✔ API 헬퍼 로드 후 zod 필드 오류가 한국어 우선 정책을 따른다 (2.557041ms)
✔ 암호문은 현재 key id를 포함하고 같은 keyring에서 round-trip 된다 (97.0765ms)
✔ 이전 key id의 암호문은 회전 후 previous key map으로 복호화된다 (289.909333ms)
✔ 변조·알 수 없는 key id·평문은 안전하게 null을 반환한다 (58.151125ms)
✔ AAD가 다른 workspace나 record로 바뀌면 암호문 이동을 거부한다 (78.104667ms)
✔ 환경 keyring wrapper도 key id와 previous key map을 사용한다 (249.752791ms)
✔ production은 database, encryption, billing, Google, NAVER 자격증명을 모두 요구한다 (16.497875ms)
✔ test mode는 외부 키 없이 명시적으로 실행할 수 있다 (0.554916ms)
✔ AUTH_TRUST_PROXY_HEADERS는 명시적인 true/false만 허용한다 (0.632209ms)
✔ previous key map은 유효한 JSON object와 32-byte secret만 허용한다 (0.494291ms)
✔ production public URL은 https만 허용한다 (0.17975ms)
✔ migrate profile은 migration owner DSN과 verify-full TLS만으로 시작할 수 있다 (0.141041ms)
✔ worker profile은 dispatcher claim DB와 tenant worker DB를 분리해 요구한다 (11.531916ms)
✔ web profile은 signed URL용 S3 credentials만 요구하고 email·Chromium secret은 요구하지 않는다 (0.479292ms)
✔ relay와 scheduler profile은 각자의 최소권한 PostgreSQL 역할만 요구한다 (0.177667ms)
✔ build profile은 image build 중 운영 secret을 읽지 않는다 (0.145417ms)
✔ production object storage endpoint는 https만 허용한다 (0.160875ms)
✔ 로컬 앱 브라우저가 사용하는 loopback 호스트를 개발 리소스 원본으로 허용한다 (0.467667ms)
✔ 세션 쿠키 옵션은 30일 TTL·HttpOnly·SameSite=Lax·Path=/를 고정한다 (2.223083ms)
✔ Set-Cookie 헤더는 production에서만 Secure를 포함한다 (35.532541ms)
✔ 삭제 옵션과 헤더는 즉시 만료되며 production Secure 정책을 유지한다 (0.386625ms)
✔ Request Cookie 헤더에서 정확한 세션 쿠키만 읽는다 (10.745667ms)
✔ 중복·빈 값·손상된 세션 쿠키는 거부한다 (0.180375ms)
✔ Next 16의 async cookies() 결과도 프레임워크 타입 의존 없이 읽는다 (0.16825ms)
✔ production API session resolver reads the real session cookie and never trusts header tenants (61.775333ms)
✔ production resolver rejects header-only tenants instead of reviving fake auth (2.169333ms)
▶ owner와 admin은 허용된 역할 guard를 통과한다
  ✔ owner (47.543375ms)
  ✔ admin (0.23025ms)
✔ owner와 admin은 허용된 역할 guard를 통과한다 (48.352458ms)
✔ 허용 역할에 없는 member는 FORBIDDEN이다 (1.002125ms)
▶ 누락되거나 만료·폐기된 session은 UNAUTHENTICATED이다
  ✔ missing cookie (1.237ms)
  ✔ revoked session (0.268458ms)
✔ 누락되거나 만료·폐기된 session은 UNAUTHENTICATED이다 (1.998ms)
▶ CSRF 검증은 cross-origin과 Host mismatch를 service 실행 전에 거부한다
  ✔ cross-origin (0.391583ms)
  ✔ host mismatch (0.125834ms)
✔ CSRF 검증은 cross-origin과 Host mismatch를 service 실행 전에 거부한다 (0.9435ms)
✔ guard 결과는 raw token과 session/PII를 제거하고 안전한 requestId를 만든다 (0.372ms)
✔ login은 same-origin JSON만 받고 raw session token을 쿠키에만 기록한다 (39.562ms)
✔ login throttleKey는 피해자 이메일만으로 고정되지 않고 클라이언트 신호를 해시한다 (1.370458ms)
✔ login throttleKey는 trusted proxy opt-in 없이는 spoofed forwarded IP를 무시한다 (1.149083ms)
✔ login은 cross-origin 요청을 service 실행 전에 거부한다 (0.387125ms)
▶ login은 JSON 형식과 schema 오류를 표준 envelope로 반환한다
  ✔ application/json이 아니면 415 (0.757833ms)
  ✔ 입력 schema가 맞지 않으면 422 (0.826083ms)
  ✔ server-only 필드는 public body에서 422 (0.478875ms)
✔ login은 JSON 형식과 schema 오류를 표준 envelope로 반환한다 (3.459667ms)
✔ invite 수락도 session token을 body에서 제거하고 cookie로만 반환한다 (0.801416ms)
✔ invite 수락 body의 server-only currentSessionToken은 거부한다 (0.36775ms)
✔ logout은 현재 cookie를 revoke하고 삭제 cookie를 반환한다 (0.811541ms)
✔ session GET은 Origin 없이 동작하고 인증되지 않은 요청에 401을 반환한다 (0.296667ms)
✔ forgot password는 존재 여부와 무관한 202 응답만 반환한다 (0.447042ms)
✔ reset password 성공은 기존 session cookie를 삭제한다 (0.324ms)
✔ RATE_LIMITED service 오류는 generic 429와 Retry-After로 변환된다 (0.4335ms)
▶ AuthServiceError는 route별 안전한 public 오류로 변환된다
  ✔ invalid credentials (0.300333ms)
  ✔ invalid invite (0.250958ms)
  ✔ invalid new password (0.245958ms)
  ✔ invalid password reset (0.229584ms)
  ✔ configuration error (5.49625ms)
✔ AuthServiceError는 route별 안전한 public 오류로 변환된다 (6.836541ms)
✔ acceptInviteAtomic provisions billing_customers and account_created subscription in the same transaction (3388.482125ms)
✔ 비밀번호 해시는 파라미터와 salt를 포함한 단일 versioned 문자열이다 (139.557833ms)
✔ 같은 비밀번호도 무작위 salt 때문에 서로 다른 해시를 만든다 (199.681667ms)
✔ 알 수 없는 버전·파라미터·비정규 인코딩은 검증하지 않는다 (51.781666ms)
✔ 새 workspace 초대 수락은 사용자·membership·session·초대 소비를 원자 생성한다 (3194.097875ms)
✔ invite preflight은 유효한 token과 일치 email만 ready로 공개하고 나머지는 invalid로 합친다 (3010.399958ms)
✔ 유효한 pending invite와 email 또는 workspace slug가 겹치면 재발급을 거부한다 (3365.451042ms)
✔ operator store는 직접 호출에서도 email·workspace name·slug 계약을 검증한다 (3171.435958ms)
✔ 만료된 pending invite는 DB clock으로 supersede한 뒤 재발급하고 이전 token을 거부한다 (4660.338375ms)
✔ 동시에 같은 초대를 수락해도 한 요청만 성공하고 session도 하나만 남는다 (7192.093584ms)
✔ workspace slug 충돌로 수락 CAS가 실패하면 먼저 만든 user도 rollback되어 orphan이 남지 않는다 (8222.24825ms)
✔ 기존 사용자는 password hash를 CAS 재확인하고 새 workspace owner가 되어도 기존 password를 보존한다 (5519.864541ms)
✔ 초대 수락 session 교체는 다른 사용자의 cookie hash를 revoke하지 않는다 (4450.518333ms)
✔ session rotation은 새 hash 생성과 현재 session revoke를 한 transaction으로 처리한다 (3869.32275ms)
✔ session rotation은 다른 사용자나 workspace의 current token을 revoke하지 않는다 (2443.3625ms)
✔ password reset은 token을 한 번만 소비하고 password 변경과 모든 session revoke를 원자 처리한다 (1247.125375ms)
✔ password reset 생성은 reset token row와 이메일 outbox를 같은 auth transaction에 예약한다 (741.568208ms)
✔ 동시 password reset은 한 요청만 password를 변경하고 다른 요청은 invalid로 끝난다 (1372.881ms)
✔ auth throttle은 hash 식별자만 원자 집계하고 5회 이후 15분 동안 차단한다 (819.500375ms)
✔ 초대 토큰은 7일 만료 SHA-256 해시로만 저장하고 raw token은 호출자에게 한 번 반환한다 (39.150833ms)
✔ 신규 사용자는 강한 비밀번호로 초대를 원자 수락하고 raw session token만 받는다 (92.121083ms)
✔ 기존 사용자는 현재 비밀번호를 검증하되 해시를 덮어쓰지 않는다 (81.5655ms)
✔ 초대 preflight 실패와 기존 사용자 비밀번호 실패는 같은 오류로 응답한다 (91.841875ms)
✔ 로그인은 throttle 통과 후 워크스페이스를 검증하고 기존 cookie session을 원자 회전한다 (98.01275ms)
✔ 존재하지 않는 계정과 잘못된 비밀번호는 같은 로그인 오류를 반환한다 (145.092458ms)
✔ login throttle이 차단하면 계정 조회 전에 retry-after 오류를 반환한다 (0.379125ms)
✔ 세션 조회와 로그아웃은 raw cookie를 저장소에 넘기지 않고 폐기는 멱등적이다 (0.233459ms)
✔ 비밀번호 재설정 요청은 30분 해시 토큰과 outbox delivery를 원자 저장 경계에 전달한다 (0.548417ms)
✔ 비밀번호 재설정 요청은 계정 존재·throttle은 숨기되 outbox 영속화 실패는 성공으로 숨기지 않는다 (0.423375ms)
✔ 비밀번호 재설정은 새 해시와 토큰 해시를 원자 소비 경계에 전달한다 (87.653917ms)
✔ 만료·재사용 재설정 토큰과 약한 비밀번호는 안전한 공개 오류로 변환한다 (61.120334ms)
✔ 기본 불투명 토큰은 32 random bytes의 base64url 문자열이다 (0.702125ms)
✔ 요청한 안전한 byte 길이로 토큰을 만들 수 있다 (0.302584ms)
✔ 토큰 저장용 해시는 결정적인 SHA-256 lower hex이다 (0.13525ms)
✔ 코어 스키마와 같은 SubscriptionStatus 목록을 고정한다 (2.240292ms)
✔ 결제 성공 전에 active로 건너뛰지 못하는 상태 머신을 적용한다 (0.979709ms)
✔ 청구기간과 시도 번호로 안정적인 orderId와 idempotency key를 만든다 (41.894ms)
✔ +1/+3/+5일 재시도와 7일 grace 계약을 절대 시각으로 계산한다 (0.385833ms)
✔ past_due grace 중에는 과거 리포트 read만 허용하고 생성·수정을 차단한다 (0.534292ms)
✔ billing key를 workspace/record AAD에 묶은 AES-GCM envelope로만 보관한다 (155.329417ms)
✔ 기간 말 취소는 일할 환불이 없으며 법정 예외를 명시한다 (0.109708ms)
✔ checkout GET은 owner/admin session tenant의 public clientKey·customerKey·고정 callback URL만 반환한다 (33.261709ms)
✔ checkout GET은 query/body workspace override를 받지 않는다 (2.610625ms)
✔ 빌링 callback POST는 CSRF·owner/admin RequireAuth 경계와 필수 멱등키를 지난다 (4.120958ms)
✔ 멱등키가 없는 인증·재결제·취소 POST를 서비스 호출 전에 거부한다 (9.256125ms)
✔ 본문 workspaceId를 받지 않아 auth principal의 tenant를 바꿀 수 없다 (2.493625ms)
✔ 웹훅은 세션 auth를 요구하지 않고 공식 transmission id로 dedupe한다 (1.011541ms)
✔ 웹훅은 과대 본문과 초당 rate limit 초과를 서비스 호출 전에 거부한다 (65.461916ms)
✔ 취소 API는 효력 발생일과 무일할환불·법정예외 정책을 응답한다 (3.087334ms)
✔ external Idempotency-Key replay for retryPastDue returns the same payment attempt and never advances to the next retry (4.4105ms)
✔ PAYMENT_STATUS_CHANGED is an untrusted notification: paymentKey/order fingerprint mismatch is ignored after Toss Query reconciliation (0.793208ms)
✔ PAYMENT_STATUS_CHANGED는 Toss Query로 검증할 수 없으면 body의 DONE만으로 정산하지 않는다 (1.533417ms)
✔ BILLING_DELETED resolves tenant by billing key fingerprint and disables the server-known payment method (0.720833ms)
✔ production origin에서 유효한 session을 보내면 별도의 CSRF cookie 없이 billing 인증을 통과한다 (31.135167ms)
▶ billing 상태 변경은 신뢰할 수 없는 Origin과 Host를 DB 조회 전에 거부한다
  ✔ cross-origin (0.427ms)
  ✔ missing origin (0.116917ms)
  ✔ host mismatch (0.118083ms)
✔ billing 상태 변경은 신뢰할 수 없는 Origin과 Host를 DB 조회 전에 거부한다 (1.312167ms)
✔ checkout identity는 인증된 workspace의 서버 고정 customerKey만 반환한다 (113.623209ms)
✔ 빌링 인증 직후 49,000원 첫 결제가 성공해야만 active가 된다 (96.50675ms)
✔ 승인 응답 후 로컬 commit이 한 번 실패하면 orderId Query API로 대사한다 (169.801125ms)
✔ 타임아웃 후에는 재청구하지 않고 Query API의 DONE으로 회복한다 (136.959833ms)
✔ 명시적 결제 실패는 past_due와 7일 grace를 남긴다 (316.691667ms)
✔ 같은 callback replay는 같은 멱등키를 쓰고 중복 청구하지 않는다 (139.338958ms)
✔ 결제수단 교체는 past_due의 미납 기간을 즉시 다음 시도로 재청구한다 (142.912208ms)
✔ 웹훅 replay와 역순 이벤트는 모두 Query API 현재 상태로 수렴한다 (117.483292ms)
✔ 취소는 현재 결제기간 끝으로 예약하고 일할환불을 만들지 않는다 (80.104792ms)
✔ 빌링키 발급에 공식 v1 서버 API, Basic auth, 필수 Idempotency-Key를 사용한다 (22.671792ms)
✔ 자동결제 승인은 49,000원·고정 주문번호·멱등키를 전달한다 (4.350541ms)
✔ 빈 Idempotency-Key를 외부 호출 전에 거부한다 (1.702583ms)
✔ 타임아웃은 성공 여부가 모호한 재조회 대상 오류로 구분한다 (0.372667ms)
✔ Query API로 orderId의 권위 있는 결제 상태를 읽는다 (0.369042ms)
✔ 로그에 Basic auth·authKey·billingKey·customerKey·paymentKey를 노출하지 않는다 (0.462333ms)
✔ rank와 AIO의 동일 normalized query를 1회 호출하고 최고 순위와 인용을 저장한다 (14.225542ms)
✔ 등록 도메인과 하위 도메인이 top100에 없으면 >100을 null과 명시 플래그로 보존한다 (2.632625ms)
✔ partial organic coverage는 >100 관측을 쓰지 않고 known retryable로 재시도한다 (0.366458ms)
✔ AIO 증거 미제공은 unknown, 명시적 미출현과 검증 인용 미일치는 absent로 저장한다 (0.594292ms)
✔ 완료된 provider call replay는 외부 호출 없이 저장을 복구한다 (1.550917ms)
✔ in_doubt provider call은 중복 외부 호출 없이 retryable로 보류한다 (30.739375ms)
✔ 요청 단위 provider call/billable unit 상한을 예약 전에 차단한다 (0.369125ms)
✔ workspace/site/query 복합 경계가 어긋나면 provider 예약 전에 차단한다 (0.173792ms)
✔ 경로가 섞인 비정규 site domain은 provider 예약 전에 거부한다 (0.235333ms)
✔ TalorData rate limit은 provider call을 실패 처리하고 worker retryable로 반환한다 (4.901959ms)
✔ TalorData timeout은 provider call을 outcome unknown으로 보존한다 (1.339292ms)
✔ 빈 normalized query와 중복 trackedQueryId를 provider 예약 전에 거부한다 (0.889541ms)
✔ 등록 도메인이 www 하위 도메인이면 상위 apex 결과를 순위로 오인하지 않는다 (0.806667ms)
✔ 동일 관측 시각 재실행은 rank/AIO 행을 늘리지 않고 인용을 원자적으로 교체한다 (3664.58775ms)
✔ upsert conflict 경로도 다른 workspace의 site/query/provider call을 혼합하지 못한다 (38.247583ms)
✔ 같은 workspace라도 TalorData Google succeeded call이 아니면 관측값에 연결하지 않는다 (30.688625ms)
✔ pg Pool source는 하나의 leased client에서 BEGIN, RLS 설정, 쓰기, COMMIT을 끝내고 release한다 (0.369625ms)
✔ leased client의 경계 검증 실패는 같은 client에서 rollback 후 반드시 release한다 (0.18075ms)
✔ query는 property를 URL 인코딩하고 bearer 인증과 기간·dimension·rowLimit을 전송해 엄격한 행으로 정규화한다 (31.800958ms)
✔ query는 잘못된 date dimension fixture를 거부하고 provider 원문을 오류에 포함하지 않는다 (39.883083ms)
✔ collector는 14일 date aggregate와 current top query/page를 수집하고 stable key로 멱등 upsert한다 (168.802958ms)
✔ collector는 한 provider 호출 실패 시 성공 행만 저장하고 원문 없는 partial provenance를 반환한다 (29.668333ms)
✔ target loader는 Pool에서 client를 acquire해 BEGIN/SET LOCAL/SELECT/COMMIT을 같은 연결에서 수행한다 (1.345625ms)
✔ target loader는 DB 장애를 UPSTREAM으로 정규화하고 rollback 후 release한다 (0.458208ms)
✔ observation store도 PoolClient 하나에 tenant context와 upsert를 고정하고 release한다 (0.346333ms)
✔ 월요일 08:00 KST 실행은 PT 이전 목요일까지의 7일과 직전 7일을 계산한다 (77.676917ms)
✔ 미국 DST 시작·종료 주에도 PT 달력 기준으로 정확히 7일을 유지한다 (0.678917ms)
✔ 일요일에서 월요일로 넘어가는 KST 경계는 아직 같은 PT 일요일이므로 기간을 앞당기지 않는다 (0.963292ms)
✔ handler는 세 provider call을 안정 키로 예약하고 providerCallId를 collector·success에 연결한다 (49.707959ms)
✔ handler는 replay를 재호출하지 않고 execute operation만 collector에 전달한다 (0.569583ms)
✔ handler는 모든 reservation이 replay면 collector 외부 호출 없이 성공 처리한다 (0.317292ms)
✔ replay provenance에 원 수집시각이 없으면 성공으로 위장하지 않는다 (0.384916ms)
✔ handler는 partial 결과의 성공 call을 확정하고 retryable call을 실패 기록 후 재시도한다 (0.393416ms)
✔ handler는 in_doubt를 재호출하지 않고 retryable로 분류하며 마지막 시도에는 dead로 보낸다 (0.432834ms)
✔ 후속 reserve 예외는 앞서 execute 예약된 provider call을 실패 처리해 예약 누수를 남기지 않는다 (0.292917ms)
✔ provider 호출 뒤 collector throw는 reservation을 fail하지 않아 재시도 외부 호출을 in_doubt로 차단한다 (1.953292ms)
✔ provider 호출 전 target/token access 실패는 execute reservation을 안전하게 fail한다 (1.45475ms)
✔ handler는 payload와 context workspace 불일치를 provider 예약 전에 dead로 거부한다 (0.286875ms)
✔ production wrapper는 job 전체에서 전용 worker client 하나를 collector factory에 전달하고 release한다 (0.616375ms)
✔ production GSC 체인은 target·token rotation·공식 HTTP·observation을 동일 pinned physical client에서 처리한다 (165.641417ms)
✔ pinned physical GSC chain은 observation 실패를 rollback하고 release하며 호출 결과를 in_doubt로 보존한다 (134.61225ms)
✔ 501개 관측값은 한 tenant transaction에서 250개 이하 3개 bind-parameter batch로 upsert한다 (12.780042ms)
✔ 동일 workspace/binding/date/dimension은 한 행으로 upsert되고 provenance와 최신 metrics를 유지한다 (3563.873166ms)
✔ target loader는 workspace/site/binding/connection을 하나로 고정하고 다른 workspace binding을 숨긴다 (3890.331292ms)
✔ token broker는 5분 이내 만료 token을 refresh하고 access/refresh rotation을 암호화 저장한다 (5.750292ms)
✔ token broker는 다른 workspace connection을 NOT_FOUND로 처리하고 refresh하지 않는다 (1.494083ms)
✔ token broker는 token 저장소 장애를 안전한 UPSTREAM 오류로 정규화한다 (0.297708ms)
✔ token refresh 성공 뒤 rotation 저장 실패도 UPSTREAM으로 분류한다 (0.643625ms)
✔ 모든 source의 provenance와 qualifier를 보존해 안정 키로 idempotent upsert한다 (5.261875ms)
✔ call budget을 넘는 source는 provider를 호출하지 않고 나머지는 계속 수집한다 (1.085ms)
✔ 429는 retryable이며 source 하나의 실패가 다른 source 수집과 upsert를 막지 않는다 (0.583916ms)
✔ source reservation의 providerCallId를 저장 계약까지 전달한다 (0.280375ms)
✔ 직접 collector 호출도 비정상 달력 날짜와 비정규 timestamp를 provider 전에 거부한다 (0.511208ms)
✔ payload와 context workspace가 다르면 provider/reservation/store 전에 dead 처리한다 (3.249167ms)
✔ job ID와 attempt/maxAttempts가 lease context와 다르면 provider 전에 dead 처리한다 (1.082ms)
✔ 잘못된 날짜/기간/budget/식별자는 reservation 전에 payload invalid로 종료한다 (1.082792ms)
✔ source별 execute/replay 예약을 적용하고 실행한 call만 확정한다 (4.866083ms)
✔ in_doubt 예약은 provider를 재호출하지 않고 안정 retryable로 분류한다 (1.194042ms)
✔ provider 실행 뒤 observation 저장 실패는 모든 call을 outcome_in_doubt로 감사한다 (2.994959ms)
✔ 후속 reserve 예외 전 확보한 execute reservation은 미실행 코드로 정리한다 (1.674417ms)
✔ 후속 in_doubt 전 확보한 execute reservation을 정리하되 불확실 call은 건드리지 않는다 (0.290292ms)
✔ 모든 source가 replay면 정규화 metadata만 복원하고 provider를 한 번도 호출하지 않는다 (1.586542ms)
✔ 429 실행 실패는 coordinator.fail 후 재시도하고 최대 시도에서는 dead 처리한다 (0.574458ms)
✔ DB 멱등 경계로 partial source를 보강하고 <10 qualifier/provenance를 보존한다 (3846.5055ms)
✔ Pool에서는 connect로 얻은 단일 client에서 BEGIN/SET LOCAL/upsert/COMMIT 후 release한다 (0.71875ms)
✔ Search Console sites.list는 공식 REST endpoint와 Bearer access token만 사용한다 (21.903334ms)
✔ 토큰 revoke는 공식 OAuth revoke endpoint에 form body로 전송하고 비밀값을 오류에 노출하지 않는다 (0.56775ms)
✔ Google OAuth URL은 Search Console readonly 단일 scope와 offline refresh 계약만 요청한다 (1.054959ms)
✔ OAuth state는 32-byte random raw만 클라이언트에 주고 SHA-256 해시만 저장 대상으로 만든다 (0.454375ms)
✔ GSC callback returnPath는 allowlisted relative path로만 제한한다 (0.3065ms)
✔ connect POST는 실제 auth guard에 CSRF와 owner/admin role을 요구하고 workspaceId body override를 거부한다 (22.360458ms)
✔ callback GET은 code/state와 현재 session principal을 service에 전달하고 raw token을 응답하지 않는다 (0.915791ms)
✔ properties, bindings, disconnect는 인증된 workspace만 사용하고 connection/site ID를 body/header tenant로 덮어쓰지 않는다 (34.656042ms)
✔ startConnection은 raw 32-byte state를 반환하지만 DB에는 SHA-256 state와 label/returnPath만 저장한다 (3844.9555ms)
✔ callback은 state를 1회 소비하고 단일 readonly scope·refresh token을 암호화해 connection을 만든다 (37.244584ms)
✔ callback은 변조·만료 state와 추가 OAuth scope를 거부한다 (120.017125ms)
✔ refresh는 Google이 새 refresh_token을 반환하지 않으면 기존 refresh token을 보존하고 반환하면 rotation한다 (32.673958ms)
✔ properties 조회와 binding은 다른 workspace/site IDOR를 거부한다 (23.488583ms)
✔ bindProperty는 Google sites.list에 exact property URI가 없으면 저장 전에 NOT_FOUND로 거부한다 (7.282458ms)
✔ bindProperty는 Google sites.list timeout을 UPSTREAM으로 반환하고 저장하지 않는다 (25.374458ms)
✔ disconnect는 복호화한 refresh token을 Google revoke에 전달한 뒤 connection을 숨긴다 (90.261875ms)
✔ GSC store는 Pool transaction을 하나의 client에 고정하고 성공·실패 후 release한다 (1.476708ms)
✔ operation 오류는 rollback/release 실패보다 우선하며 cleanup은 끝까지 시도한다 (0.21275ms)
✔ commit/release 인프라 오류를 드러내면서 client release를 보장한다 (0.201625ms)
✔ OAuth state는 SHA-256만 저장하고 user/workspace에 바인딩된 10분 1회용 CAS로 소비된다 (4034.870292ms)
✔ GSC connection은 workspace별 다중 label을 허용하고 동일 workspace label 중복은 거부한다 (90.85925ms)
✔ property binding은 site와 connection의 workspace 복합 경계를 강제한다 (38.854875ms)
✔ liveness는 외부 의존성 없이 no-store 200을 반환한다 (18.078ms)
✔ readiness는 PostgreSQL SELECT 1 성공 뒤에만 ready 200을 반환한다 (0.464292ms)
✔ readiness 실패는 DB 오류와 DSN을 숨긴 동일한 503만 반환한다 (0.37175ms)
✔ readiness는 제한 시간을 넘긴 DB 확인을 503으로 종료한다 (26.582ms)
✔ connection helper는 아직 통합되지 않은 queue 모듈에 의존하지 않는다 (146.371458ms)
✔ job callback은 하나의 connected client를 쓰고 성공·실패 모두 release한다 (2.724208ms)
✔ worker transaction은 전용 connection에서 commit하고 오류면 rollback한 뒤 release한다 (0.401334ms)
✔ collector handler는 workspace/lease/provider-call 경계를 하나의 실행 context로 받는다 (10.330292ms)
✔ handler 결과 helper는 retry 시각과 DLQ 사유를 손실 없이 보존한다 (1.544333ms)
✔ 같은 provider idempotency를 경쟁 예약해도 한 worker만 execute하고 완료 뒤에는 metadata를 replay한다 (4490.0295ms)
✔ 잘못된 usage reservation으로 완료를 시도하면 provider call과 실제 reservation이 모두 원상태다 (2957.239666ms)
✔ idempotency 충돌은 provider call, usage reservation, audit를 하나도 추가하지 않는다 (5207.568708ms)
✔ 같은 workspace의 다른 provider call reservation으로 완료할 수 없다 (8064.164959ms)
✔ usage 전환 중 DB 오류가 발생하면 앞선 provider call 변경과 audit도 rollback한다 (7910.371667ms)
✔ usage reservation의 provider call 복합 FK는 cross-workspace 연결을 거부한다 (5286.114209ms)
✔ known retryable 실패는 다음 job attempt에서 정확히 한 번 다시 execute할 수 있다 (4225.334709ms)
✔ aged started와 outcome unknown은 자동 재실행하지 않고 명시적 reconciliation 뒤에만 execute한다 (4094.305542ms)
✔ 동일한 canonical enqueue replay와 claim은 workspace가 고정된 lease를 반환한다 (4474.648875ms)
✔ 동시 worker 중 하나만 claim하고 만료 뒤 재임대한 generation이 이전 worker를 fence한다 (2855.615833ms)
✔ retryable 작업은 backoff 뒤 재시도하고 max attempts와 crash expiry에서 DLQ로 간다 (6439.372334ms)
✔ 같은 idempotency key의 canonical 요청이 다르면 기존 job을 재사용하지 않는다 (8530.257917ms)
✔ RelKwdStat는 timestamp.method.path HMAC 서명과 공식 인증 헤더를 사용한다 (81.258375ms)
✔ 월간 검색수의 <10 qualifier를 보존하고 PPC 지표는 공개 결과에서 제거한다 (1.229958ms)
✔ count helper는 exact와 qualifier 합계를 범위로 반환한다 (0.311291ms)
✔ seed는 최대 5개이며 검증 실패 시 공급자를 호출하지 않는다 (0.354375ms)
✔ 429는 inline retry 없이 typed rate-limit 오류로 반환한다 (0.482542ms)
✔ Search Ads 자격 증명이 없으면 typed unavailable 오류를 반환한다 (0.138583ms)
✔ JSON 로그는 상관관계 필드를 고정하고 token, billing key, PII, DSN 비밀번호를 마스킹한다 (5.012167ms)
✔ 상관관계가 없는 로그도 requestId, workspaceId, jobId, provider를 null로 직렬화한다 (0.441541ms)
✔ 동시 relay 중 하나만 outbox를 claim하고 publish replay에도 job 하나만 남는다 (4716.027959ms)
✔ job insert 뒤 publish crash가 발생해도 transaction 전체가 rollback되고 같은 lease로 복구된다 (4038.9335ms)
✔ 만료된 마지막 outbox attempt는 명시적 DLQ가 되고 다시 claim되지 않는다 (6540.988292ms)
✔ 기존 job과 canonical 요청이 충돌하면 outbox는 unpublished 상태를 유지한다 (7980.16425ms)
✔ production relay는 collection topic만 claim하고 canonical job type으로 publish한다 (6494.746292ms)
✔ production relay는 report PDF·email outbox payload를 그대로 canonical jobs로 publish한다 (4783.842584ms)
✔ 공식 NAVER Open API URL/헤더와 Search Ads fixture를 허용 데이터로만 정규화한다 (115.576167ms)
✔ Open API 자격증명 누락과 429를 안전하고 안정적인 오류로 구분한다 (1.773542ms)
✔ 공식 응답 픽스처를 KR/ko/desktop/top100 AIO 결과로 변환한다 (27.714542ms)
✔ 공식 rate limit은 worker가 재시도할 수 있는 오류로 분류한다 (1.722583ms)
✔ 공식 timeout은 재시도 가능한 provider timeout으로 분류한다 (0.827958ms)
✔ worker abort signal을 HTTP 경계까지 전파하고 retryable aborted로 분류한다 (0.393667ms)
✔ 공식 code=400 collection pipeline 실패는 retryable provider로 분류한다 (0.837875ms)
✔ 공식 code=401 인증 실패는 재시도하지 않는 terminal로 분류한다 (0.498958ms)
✔ provider token은 명시적으로 주입해야 하며 process.env fallback을 사용하지 않는다 (0.200167ms)
✔ member는 브랜딩을 읽을 수 있지만 쓰지 못하고 owner/admin만 same-origin PATCH할 수 있다 (4225.6295ms)
✔ 브랜딩 PATCH는 tenant override, 길이/색상, 위험 URL과 private DNS를 거부한다 (10.622083ms)
✔ 브랜딩 변경은 현재 workspace에만 반영되고 이미 생성된 report snapshot은 불변이다 (161.784166ms)
✔ PDF와 email jobs는 같은 report snapshot hash를 결과·audit에 기록하고 recipient PII는 남기지 않는다 (5.865709ms)
✔ 24시간 provider 멱등 창이 끝난 delivery는 중복 위험 없이 terminal 처리한다 (0.782875ms)
✔ Resend idempotency payload 충돌은 재시도하지 않고 terminal 처리한다 (0.249ms)
✔ snapshot 생성은 PDF와 owner email delivery outbox를 자동·멱등 예약한다 (5676.497334ms)
✔ auth가 해석한 owner 수신자로 worker role도 users 접근 없이 delivery를 예약한다 (115.1935ms)
✔ Resend POST는 attachment와 snapshot header를 같은 256자 이하 idempotency key로 보낸다 (145.489334ms)
✔ Resend 오류 본문·API key·수신 PII는 예외에 노출하지 않는다 (0.7345ms)
✔ Resend 409는 idempotency 충돌 종류에 따라 terminal과 retryable을 구분한다 (0.491333ms)
✔ 인증 tenant의 PDF asset만 60초 signed URL로 반환하고 응답을 캐시하지 않는다 (159.658ms)
✔ 다른 tenant session은 asset 존재 여부와 signed URL을 알 수 없다 (0.754708ms)
✔ worker registry는 PDF와 email handler를 고정 job type으로 자동 연결한다 (8.070375ms)
✔ Resend 수락 직후 crash가 나도 retry/duplicate는 같은 snapshot과 idempotency key로 이메일 1건만 만든다 (9544.82525ms)
✔ provider가 idempotency payload를 거부하면 terminal 상태를 보존한다 (8808.3415ms)
✔ Resend 24시간 멱등 보장 창이 끝난 in-doubt delivery는 재발송해 중복을 만들지 않는다 (6358.214292ms)
✔ object PUT 성공 뒤 DB crash가 나도 immutable snapshot identity로 기존 PDF를 복구한다 (4368.414083ms)
✔ report.snapshot 작업은 월요일 08:00 KST 전이면 정확한 snapshot 시각까지 retry한다 (209.40575ms)
✔ report.snapshot 작업은 기존 job 계약으로 멱등 생성기를 호출한다 (3.90525ms)
✔ report.snapshot 작업은 잘못된 payload와 workspace 경계를 terminal로 거부한다 (2.916083ms)
✔ 동일 snapshot HTML은 한글·partial·빈 데이터를 표현하고 비밀값과 HTML을 안전하게 처리한다 (214.641584ms)
✔ 깨진 로고와 허용량을 넘는 로고는 대체 표시로 안전하게 복구한다 (105.923709ms)
✔ 큰 픽셀 치수의 정상 로고는 PDF 안전 크기 PNG data URI로 고정한다 (325.092833ms)
✔ DNS가 private 주소로 해석되는 로고 호스트는 네트워크 요청 전에 거부한다 (1.248416ms)
✔ 실제 Chromium은 Noto Sans KR로 장문·빈·partial·깨진 로고 snapshot을 다중 페이지 PDF로 만든다 (5207.830709ms)
✔ snapshot은 rank/AIO/NAVER/GSC를 한 객체로 동결하고 누락 provider를 수집 시각과 함께 partial로 남긴다 (12278.489042ms)
✔ 같은 site+period 재생성은 같은 report를 반환하며 이후 workspace 브랜딩을 소급 반영하지 않는다 (321.429083ms)
✔ snapshot 준비 후 내용과 section은 DB에서도 봉인되며 delivered report는 삭제할 수 없다 (225.009833ms)
✔ GET reports API는 session workspace envelope만 반환하고 다른 tenant report IDOR를 404로 숨긴다 (353.453167ms)
✔ KST 월요일 주기는 일요일 18시 수집, 월요일 07시 마감, 08시 snapshot으로 고정된다 (223.173208ms)
✔ GSC mature window는 PT DST 시작일에도 이전 목요일 포함 7일과 직전 7일을 유지한다 (1.283375ms)
✔ 수집 retry는 월요일 07:00 KST 이전에만 예약된다 (0.758167ms)
✔ report snapshot 실행은 KST 월요일의 cycleMonday를 지연 재실행에도 유지한다 (1.197708ms)
✔ report snapshot 실행은 KST 월요일이 아닌 시각을 거부한다 (1.328625ms)
✔ 사이트 도메인은 URL 또는 bare IDNA domain을 canonical ASCII host로 정규화한다 (44.131958ms)
✔ 사이트 도메인은 경로, 자격 증명, 포트, IP와 내부용 host를 거부한다 (1.420166ms)
✔ 공개 IP 판정은 private, loopback, link-local, documentation 대역을 차단한다 (1.110084ms)
✔ 등록 안전성 검사는 DNS 결과가 없거나 하나라도 비공개 주소이면 거부한다 (0.454709ms)
✔ listSites also runs inside a transaction-local app.workspace_id for semforge_web RLS (2.421708ms)
✔ POST /api/v1/sites는 Idempotency-Key를 요구하고 생성 결과를 envelope로 반환한다 (9610.071125ms)
✔ GET /api/v1/sites는 cursor 페이지를 workspace 내부로만 반환한다 (9.640167ms)
✔ PATCH /api/v1/sites/[siteId]와 /tracking/[trackingId]는 다른 workspace IDOR를 NOT_FOUND로 막는다 (188.741583ms)
✔ GET /api/v1/sites/[siteId]는 비활성 tracking까지 포함한 현재 상태와 활성 GSC binding만 tenant 내에 반환한다 (227.763917ms)
✔ createSite는 canonical domain, idempotency, outbox, cursor list를 실제 PostgreSQL에 반영한다 (7633.020959ms)
✔ createSite는 duplicate, site 3개 제한, DNS SSRF, RLS/IDOR를 차단한다 (182.8775ms)
✔ disableSite와 reactivateSite는 workspace 경계와 outbox idempotency를 지킨다 (29.923083ms)
✔ createTrackedQuery는 normalized duplicate, rank20/aio20 제한, 고정 수집 설정과 outbox를 보장한다 (1147.048042ms)
✔ private PUT은 checksum·서버 암호화·If-None-Match를 서명하고 public ACL을 만들지 않는다 (118.470375ms)
✔ 동일 key가 이미 있으면 metadata checksum을 검증하고 덮어쓰지 않는다 (54.483416ms)
✔ signed GET URL은 최대 15분의 짧은 TTL과 고정 만료 시각을 갖고 secret을 노출하지 않는다 (11.961833ms)
✔ 공식 POST/form 요청 계약과 Bearer 인증을 사용한다 (153.839459ms)
✔ 일시적인 Collection failed 응답 뒤 성공하면 재시도 결과를 반환한다 (35.944958ms)
✔ 인증 실패는 재시도하지 않고 즉시 토큰 오류로 반환한다 (36.371792ms)
✔ 수집 엔진 실패가 계속되면 횟수와 원인을 포함한 안전한 오류를 반환한다 (37.128125ms)
✔ AIO 키 미존재와 명시적 부재를 구분하고 우선 키의 false를 보존한다 (0.98275ms)
✔ AIO 본문은 있지만 검증 가능한 인용 URL이 없으면 인용 확인 불가로 보존한다 (10.780958ms)
✔ worker abort는 client 내부 재시도나 backoff를 만들지 않고 즉시 전파한다 (6.407667ms)
✔ 공식 data.result 봉투를 풀고 AIO 요청을 명시하여 하나의 SERP로 반환한다 (0.450875ms)
✔ 공식 code=400 파라미터 오류는 재시도하지 않는다 (0.285458ms)
✔ TalorData 공개 API는 Google organic과 AIO 수집 표면만 노출한다 (1.981875ms)
✔ billing gate는 허용된 collection만 provider handler로 전달한다 (3.102ms)
✔ billing gate는 past_due collection과 report.snapshot을 provider/generator 호출 없이 terminal-success skip한다 (3.050292ms)
✔ production worker는 collection과 snapshot·PDF·email report jobs를 모두 등록한다 (2.193583ms)
✔ 두 runtime이 경쟁해도 handler는 한 번만 실행되고 workspace audit과 succeeded가 남는다 (6175.159667ms)
✔ shutdown은 새 claim을 중단하고 grace 안에 끝난 handler는 성공시키며 다음 job은 queued로 둔다 (2019.458584ms)
✔ grace를 넘긴 handler는 abort되어 retryable로 복구되고 다음 runtime이 성공시킨다 (930.69825ms)
✔ 등록되지 않은 job type은 실행하지 않고 즉시 DLQ로 보낸다 (1212.694083ms)
✔ handler context는 고정 workspace의 audit, providerCalls, clock과 lease를 연결한다 (1008.521167ms)
✔ heartbeat가 lease fence를 잃으면 handler signal을 abort하고 stale 완료를 기록하지 않는다 (772.336208ms)
✔ retryable 결과는 지수 backoff를 적용하고 maxAttempts에서는 dead가 된다 (865.705542ms)
✔ shutdown은 여러 inflight를 grace 동안 함께 완료하고 미claim 작업을 남긴다 (632.099584ms)
✔ crashed worker의 만료 lease를 다음 runtime이 회수해 성공시킨다 (561.526417ms)
✔ 실제 runtime은 TalorData 429를 known retryable로 보존하고 다음 attempt에서 성공한다 (588.388125ms)
✔ scheduler는 DB의 active site/query/binding만 canonical payload로 outbox에 멱등 예약한다 (5949.415208ms)
✔ report scheduler는 KST cycleMonday와 active site로 snapshot outbox를 지연 재실행에도 한 건만 예약한다 (111.353625ms)
✔ scheduler는 active 또는 아직 만료되지 않은 cancel_at_period_end workspace만 예약한다 (27.132ms)
ℹ tests 464
ℹ suites 2
ℹ pass 463
ℹ fail 1
ℹ cancelled 0
ℹ skipped 0
ℹ todo 0
ℹ duration_ms 58675.100208

✖ failing tests:

test at scripts/ops/deployment.contract.test.ts:2:3068
✖ Docker worker는 dispatcher claim과 tenant DB가 분리된 production composition을 사용한다 (13.385208ms)
  AssertionError [ERR_ASSERTION]: The input did not match the regular expression /composeProductionWorkerJobHandlers\(\{ google, naver, gsc, reports \}\)/u. Input:

  '// @TASK P3-P1-FIX - Production worker/relay/scheduler composition root\n' +
    '// @SPEC docs/planning/06-tasks.md#p3-w1-t1--lease-기반-작업-큐와-transactional-outbox\n' +
    'import { hostname } from "node:os";\n' +
    '\n' +
    'import type { Pool } from "pg";\n' +
    '\n' +
    'import { getPool } from "@/db/client";\n' +
    'import { decryptSecret, decryptSecretOrThrow, encryptSecret, type SecretCrypto } from "@/lib/crypto";\n' +
    'import { getServerEnv, type ServerEnv } from "@/lib/env";\n' +
    'import type { JobHandler } from "@/server/jobs/contracts";\n' +
    'import { createGscSearchAnalyticsClient } from "@/server/collectors/gsc/client";\n' +
    'import { createGscWeeklyCollector } from "@/server/collectors/gsc/collector";\n' +
    'import { createDedicatedGscCollectionJobHandler } from "@/server/collectors/gsc/handler";\n' +
    'import { createPostgresGscObservationStore } from "@/server/collectors/gsc/observation-store";\n' +
    'import { createGscTokenBroker } from "@/server/collectors/gsc/token-broker";\n' +
    'import { loadGscCollectionTarget } from "@/server/collectors/gsc/target";\n' +
    'import { createGoogleCollectionJobHandler } from "@/server/collectors/google/collector";\n' +
    'import { createPostgresGoogleObservationRepository } from "@/server/collectors/google/observation-store";\n' +
    'import { createNaverCollectionJobHandler } from "@/server/collectors/naver/handler";\n' +
    'import { createPostgresNaverObservationStore } from "@/server/collectors/naver/postgres-store";\n' +
    'import { createNaverProductionProvider } from "@/server/providers/naver/production";\n' +
    'import { createTalordataGoogleProvider } from "@/server/providers/talordata/provider";\n' +
    'import { createRuntimeReportJobHandlers } from "@/server/reports/runtime";\n' +
    'import { CollectionOutboxRelayRuntime } from "@/worker/relay-runtime";\n' +
    'import { createBillingAccessGuardedJobHandler } from "@/worker/billing-gate";\n' +
    'import {\n' +
    '  PostgresWeeklyCollectionScheduler,\n' +
    '  PostgresWeeklyReportScheduler,\n' +
    '} from "@/worker/scheduler";\n' +
    'import { WorkerRuntime, type WorkerRuntimeOptions } from "@/worker/runtime";\n' +
    '\n' +
    'function requireEnv<K extends keyof ServerEnv>(env: ServerEnv, key: K): NonNullable<ServerEnv[K]> {\n' +
    '  const value = env[key];\n' +
    '  if (value === undefined || value === null || value === "") throw new Error(`${String(key)} is required`);\n' +
    '  return value as NonNullable<ServerEnv[K]>;\n' +
    '}\n' +
    '\n' +
    'function runtimeCrypto(): SecretCrypto {\n' +
    '  return {\n' +
    '    encrypt: encryptSecret,\n' +
    '    decrypt: decryptSecret,\n' +
    '    decryptOrThrow: decryptSecretOrThrow,\n' +
    '  };\n' +
    '}\n' +
    '\n' +
    'function processIdentity(kind: string): string {\n' +
    '  return `${kind}:${hostname()}:${process.pid}`;\n' +
    '}\n' +
    '\n' +
    'export interface ProductionWorkerComposition {\n' +
    '  readonly runtime: WorkerRuntime;\n' +
    '  readonly authPool: Pool;\n' +
    '  readonly dispatcherPool: Pool;\n' +
    '  readonly workerPool: Pool;\n' +
    '  close(): Promise<void>;\n' +
    '}\n' +
    '\n' +
    'type ProductionJobHandler = WorkerRuntimeOptions["handlers"][string];\n' +
    '\n' +
    'export function composeProductionWorkerJobHandlers(input: {\n' +
    '  readonly google: ProductionJobHandler;\n' +
    '  readonly naver: ProductionJobHandler;\n' +
    '  readonly gsc: ProductionJobHandler;\n' +
    '  readonly reports: Readonly<Record<string, ProductionJobHandler>>;\n' +
    '}) {\n' +
    '  return {\n' +
    '    "collect.google": input.google,\n' +
    '    "collect.naver": input.naver,\n' +
    '    "collect.gsc.weekly": input.gsc,\n' +
    '    ...input.reports,\n' +
    '  };\n' +
    '}\n' +
    '\n' +
    'export function createProductionWorkerComposition(\n' +
    '  env: ServerEnv = getServerEnv(),\n' +
    '): ProductionWorkerComposition {\n' +
    '  const authPool = getPool("auth");\n' +
    '  const dispatcherPool = getPool("dispatcher");\n' +
    '  const workerPool = getPool("worker");\n' +
    '  const google = createGoogleCollectionJobHandler({\n' +
    '    provider: createTalordataGoogleProvider({\n' +
    '      token: requireEnv(env, "TALORDATA_API_TOKEN"),\n' +
    '    }),\n' +
    '    observations: createPostgresGoogleObservationRepository(workerPool),\n' +
    '  });\n' +
    '  const naver = createNaverCollectionJobHandler({\n' +
    '    provider: createNaverProductionProvider({\n' +
    '      credentials: {\n' +
    '        clientId: requireEnv(env, "NAVER_OPEN_API_CLIENT_ID"),\n' +
    '        clientSecret: requireEnv(env, "NAVER_OPEN_API_CLIENT_SECRET"),\n' +
    '      },\n' +
    '      searchAdsOptions: {\n' +
    '        credentials: {\n' +
    '          accessLicense: requireEnv(env, "NAVER_SEARCH_AD_ACCESS_LICENSE"),\n' +
    '          secretKey: requireEnv(env, "NAVER_SEARCH_AD_SECRET_KEY"),\n' +
    '          customerId: requireEnv(env, "NAVER_SEARCH_AD_CUSTOMER_ID"),\n' +
    '        },\n' +
    '      },\n' +
    '    }),\n' +
    '    store: createPostgresNaverObservationStore(workerPool),\n' +
    '  });\n' +
    '  const gsc = createDedicatedGscCollectionJobHandler({\n' +
    '    pool: workerPool,\n' +
    '    createCollector: (client) => createGscWeeklyCollector({\n' +
    '      targetLoader: (input) => loadGscCollectionTarget(client, input),\n' +
    '      tokenBroker: createGscTokenBroker({\n' +
    '        db: client,\n' +
    '        crypto: runtimeCrypto(),\n' +
    '        oauthConfig: {\n' +
    '          clientId: requireEnv(env, "GOOGLE_CLIENT_ID"),\n' +
    '          clientSecret: requireEnv(env, "GOOGLE_CLIENT_SECRET"),\n' +
    '          redirectUri: env.GSC_REDIRECT_URI ??\n' +
    '            `${requireEnv(env, "APP_PUBLIC_URL")}/api/v1/integrations/gsc/callback`,\n' +
    '        },\n' +
    '      }),\n' +
    '      searchAnalyticsClient: createGscSearchAnalyticsClient(),\n' +
    '      observationStore: createPostgresGscObservationStore(client),\n' +
    '    }),\n' +
    '  });\n' +
    '  const reports = createRuntimeReportJobHandlers({\n' +
    '    workerDatabase: workerPool,\n' +
    '    authDatabase: authPool,\n' +
    '    env,\n' +
    '  });\n' +
    '  const billingGuard = <TPayload extends Record<string, unknown>>(delegate: JobHandler<TPayload>) =>\n' +
    '    createBillingAccessGuardedJobHandler({ database: workerPool, delegate });\n' +
    '  const handlers = composeProductionWorkerJobHandlers({\n' +
    '    google: billingGuard(google),\n' +
    '    naver: billingGuard(naver),\n' +
    '    gsc: billingGuard(gsc),\n' +
    '    reports: {\n' +
    '      ...reports,\n' +
    '      "report.snapshot": billingGuard(reports["report.snapshot"]),\n' +
    '    },\n' +
    '  });\n' +
    '  const runtime = new WorkerRuntime({\n' +
    '    database: dispatcherPool,\n' +
    '    tenantDatabase: workerPool,\n' +
    '    handlers,\n' +
    '    workerId: processIdentity("worker"),\n' +
    '    concurrency: Math.min(10, env.PGPOOL_MAX),\n' +
    '  });\n' +
    '  return {\n' +
    '    runtime,\n' +
    '    authPool,\n' +
    '    dispatcherPool,\n' +
    '    workerPool,\n' +
    '    async close() {\n' +
    '      await Promise.all([authPool.end(), dispatcherPool.end(), workerPool.end()]);\n' +
    '    },\n' +
    '  };\n' +
    '}\n' +
    '\n' +
    'export function createProductionRelayComposition(env: ServerEnv = getServerEnv()) {\n' +
    '  void env;\n' +
    '  const dispatcherPool = getPool("dispatcher");\n' +
    '  return {\n' +
    '    runtime: new CollectionOutboxRelayRuntime({\n' +
    '      database: dispatcherPool,\n' +
    '      relayId: processIdentity("relay"),\n' +
    '    }),\n' +
    '    async close() { await dispatcherPool.end(); },\n' +
    '  };\n' +
    '}\n' +
    '\n' +
    'export function createProductionSchedulerComposition(env: ServerEnv = getServerEnv()) {\n' +
    '  void env;\n' +
    '  const schedulerPool = getPool("scheduler");\n' +
    '  return {\n' +
    '    scheduler: new PostgresWeeklyCollectionScheduler(schedulerPool),\n' +
    '    async close() { await schedulerPool.end(); },\n' +
    '  };\n' +
    '}\n' +
    '\n' +
    'export function createProductionReportSchedulerComposition(env: ServerEnv = getServerEnv()) {\n' +
    '  void env;\n' +
    '  const schedulerPool = getPool("scheduler");\n' +
    '  return {\n' +
    '    scheduler: new PostgresWeeklyReportScheduler(schedulerPool),\n' +
    '    async close() { await schedulerPool.end(); },\n' +
    '  };\n' +
    '}\n'

      at TestContext.<anonymous> (/Users/user01/Music/SEMForge-worktrees/parallel-p4-final-pg-qa/semforge/semforge/scripts/ops/deployment.contract.test.ts:65:10)
      at async Test.run (node:internal/test_runner/test:1389:7)
      at async Test.processPendingSubtests (node:internal/test_runner/test:960:7) {
    generatedMessage: true,
    code: 'ERR_ASSERTION',
    actual: '// @TASK P3-P1-FIX - Production worker/relay/scheduler composition root\n// @SPEC docs/planning/06-tasks.md#p3-w1-t1--lease-기반-작업-큐와-transactional-outbox\nimport { hostname } from "node:os";\n\nimport type { Pool } from "pg";\n\nimport { getPool } from "@/db/client";\nimport { decryptSecret, decryptSecretOrThrow, encryptSecret, type SecretCrypto } from "@/lib/crypto";\nimport { getServerEnv, type ServerEnv } from "@/lib/env";\nimport type { JobHandler } from "@/server/jobs/contracts";\nimport { createGscSearchAnalyticsClient } from "@/server/collectors/gsc/client";\nimport { createGscWeeklyCollector } from "@/server/collectors/gsc/collector";\nimport { createDedicatedGscCollectionJobHandler } from "@/server/collectors/gsc/handler";\nimport { createPostgresGscObservationStore } from "@/server/collectors/gsc/observation-store";\nimport { createGscTokenBroker } from "@/server/collectors/gsc/token-broker";\nimport { loadGscCollectionTarget } from "@/server/collectors/gsc/target";\nimport { createGoogleCollectionJobHandler } from "@/server/collectors/google/collector";\nimport { createPostgresGoogleObservationRepository } from "@/server/collectors/google/observation-store";\nimport { createNaverCollectionJobHandler } from "@/server/collectors/naver/handler";\nimport { createPostgresNaverObservationStore } from "@/server/collectors/naver/postgres-store";\nimport { createNaverProductionProvider } from "@/server/providers/naver/production";\nimport { createTalordataGoogleProvider } from "@/server/providers/talordata/provider";\nimport { createRuntimeReportJobHandlers } from "@/server/reports/runtime";\nimport { CollectionOutboxRelayRuntime } from "@/worker/relay-runtime";\nimport { createBillingAccessGuardedJobHandler } from "@/worker/billing-gate";\nimport {\n  PostgresWeeklyCollectionScheduler,\n  PostgresWeeklyReportScheduler,\n} from "@/worker/scheduler";\nimport { WorkerRuntime, type WorkerRuntimeOptions } from "@/worker/runtime";\n\nfunction requireEnv<K extends keyof ServerEnv>(env: ServerEnv, key: K): NonNullable<ServerEnv[K]> {\n  const value = env[key];\n  if (value === undefined || value === null || value === "") throw new Error(`${String(key)} is required`);\n  return value as NonNullable<ServerEnv[K]>;\n}\n\nfunction runtimeCrypto(): SecretCrypto {\n  return {\n    encrypt: encryptSecret,\n    decrypt: decryptSecret,\n    decryptOrThrow: decryptSecretOrThrow,\n  };\n}\n\nfunction processIdentity(kind: string): string {\n  return `${kind}:${hostname()}:${process.pid}`;\n}\n\nexport interface ProductionWorkerComposition {\n  readonly runtime: WorkerRuntime;\n  readonly authPool: Pool;\n  readonly dispatcherPool: Pool;\n  readonly workerPool: Pool;\n  close(): Promise<void>;\n}\n\ntype ProductionJobHandler = WorkerRuntimeOptions["handlers"][string];\n\nexport function composeProductionWorkerJobHandlers(input: {\n  readonly google: ProductionJobHandler;\n  readonly naver: ProductionJobHandler;\n  readonly gsc: ProductionJobHandler;\n  readonly reports: Readonly<Record<string, ProductionJobHandler>>;\n}) {\n  return {\n    "collect.google": input.google,\n    "collect.naver": input.naver,\n    "collect.gsc.weekly": input.gsc,\n    ...input.reports,\n  };\n}\n\nexport function createProductionWorkerComposition(\n  env: ServerEnv = getServerEnv(),\n): ProductionWorkerComposition {\n  const authPool = getPool("auth");\n  const dispatcherPool = getPool("dispatcher");\n  const workerPool = getPool("worker");\n  const google = createGoogleCollectionJobHandler({\n    provider: createTalordataGoogleProvider({\n      token: requireEnv(env, "TALORDATA_API_TOKEN"),\n    }),\n    observations: createPostgresGoogleObservationRepository(workerPool),\n  });\n  const naver = createNaverCollectionJobHandler({\n    provider: createNaverProductionProvider({\n      credentials: {\n        clientId: requireEnv(env, "NAVER_OPEN_API_CLIENT_ID"),\n        clientSecret: requireEnv(env, "NAVER_OPEN_API_CLIENT_SECRET"),\n      },\n      searchAdsOptions: {\n        credentials: {\n          accessLicense: requireEnv(env, "NAVER_SEARCH_AD_ACCESS_LICENSE"),\n          secretKey: requireEnv(env, "NAVER_SEARCH_AD_SECRET_KEY"),\n          customerId: requireEnv(env, "NAVER_SEARCH_AD_CUSTOMER_ID"),\n        },\n      },\n    }),\n    store: createPostgresNaverObservationStore(workerPool),\n  });\n  const gsc = createDedicatedGscCollectionJobHandler({\n    pool: workerPool,\n    createCollector: (client) => createGscWeeklyCollector({\n      targetLoader: (input) => loadGscCollectionTarget(client, input),\n      tokenBroker: createGscTokenBroker({\n        db: client,\n        crypto: runtimeCrypto(),\n        oauthConfig: {\n          clientId: requireEnv(env, "GOOGLE_CLIENT_ID"),\n          clientSecret: requireEnv(env, "GOOGLE_CLIENT_SECRET"),\n          redirectUri: env.GSC_REDIRECT_URI ??\n            `${requireEnv(env, "APP_PUBLIC_URL")}/api/v1/integrations/gsc/callback`,\n        },\n      }),\n      searchAnalyticsClient: createGscSearchAnalyticsClient(),\n      observationStore: createPostgresGscObservationStore(client),\n    }),\n  });\n  const reports = createRuntimeReportJobHandlers({\n    workerDatabase: workerPool,\n    authDatabase: authPool,\n    env,\n  });\n  const billingGuard = <TPayload extends Record<string, unknown>>(delegate: JobHandler<TPayload>) =>\n    createBillingAccessGuardedJobHandler({ database: workerPool, delegate });\n  const handlers = composeProductionWorkerJobHandlers({\n    google: billingGuard(google),\n    naver: billingGuard(naver),\n    gsc: billingGuard(gsc),\n    reports: {\n      ...reports,\n      "report.snapshot": billingGuard(reports["report.snapshot"]),\n    },\n  });\n  const runtime = new WorkerRuntime({\n    database: dispatcherPool,\n    tenantDatabase: workerPool,\n    handlers,\n    workerId: processIdentity("worker"),\n    concurrency: Math.min(10, env.PGPOOL_MAX),\n  });\n  return {\n    runtime,\n    authPool,\n    dispatcherPool,\n    workerPool,\n    async close() {\n      await Promise.all([authPool.end(), dispatcherPool.end(), workerPool.end()]);\n    },\n  };\n}\n\nexport function createProductionRelayComposition(env: ServerEnv = getServerEnv()) {\n  void env;\n  const dispatcherPool = getPool("dispatcher");\n  return {\n    runtime: new CollectionOutboxRelayRuntime({\n      database: dispatcherPool,\n      relayId: processIdentity("relay"),\n    }),\n    async close() { await dispatcherPool.end(); },\n  };\n}\n\nexport function createProductionSchedulerComposition(env: ServerEnv = getServerEnv()) {\n  void env;\n  const schedulerPool = getPool("scheduler");\n  return {\n    scheduler: new PostgresWeeklyCollectionScheduler(schedulerPool),\n    async close() { await schedulerPool.end(); },\n  };\n}\n\nexport function createProductionReportSchedulerComposition(env: ServerEnv = getServerEnv()) {\n  void env;\n  const schedulerPool = getPool("scheduler");\n  return {\n    scheduler: new PostgresWeeklyReportScheduler(schedulerPool),\n    async close() { await schedulerPool.end(); },\n  };\n}\n',
    expected: /composeProductionWorkerJobHandlers\(\{ google, naver, gsc, reports \}\)/u,
    operator: 'match',
    diff: 'simple'
  }
