^D[?25l[0G[+] down 0/1
 [33m⠋[0m Container semforge-p4-final-pg-qa-pg16-postgres-1 Removing               [34m0.0s[0m
[?25h[?25l[2A[0G[+] down 0/1
 [33m⠙[0m Container semforge-p4-final-pg-qa-pg16-postgres-1 Removing               [34m0.1s[0m
[?25h[?25l[2A[0G[+] down 0/1
 [33m⠹[0m Container semforge-p4-final-pg-qa-pg16-postgres-1 Removing               [34m0.2s[0m
[?25h[?25l[2A[0G[+] down 0/1
 [33m⠸[0m Container semforge-p4-final-pg-qa-pg16-postgres-1 Removing               [34m0.3s[0m
[?25h[?25l[2A[0G[+] down 1/2
 [32m✔[0m Container semforge-p4-final-pg-qa-pg16-postgres-1 [32mRemoved[0m                [34m0.4s[0m
 [33m⠋[0m Network semforge-p4-final-pg-qa-pg16_default      Removing               [34m0.0s[0m
[?25h[?25l[3A[0G[+] down 1/2
 [32m✔[0m Container semforge-p4-final-pg-qa-pg16-postgres-1 [32mRemoved[0m                [34m0.4s[0m
 [33m⠙[0m Network semforge-p4-final-pg-qa-pg16_default      Removing               [34m0.2s[0m
[?25h[?25l[3A[0G[+] down 2/2
 [32m✔[0m Container semforge-p4-final-pg-qa-pg16-postgres-1 [32mRemoved[0m                [34m0.4s[0m
 [32m✔[0m Network semforge-p4-final-pg-qa-pg16_default      [32mRemoved[0m                [34m0.2s[0m
[?25hNAME      STATUS     SSH                CPUS    MEMORY    DISK      DIR
docker    Running    127.0.0.1:53245    4       4GiB      100GiB    ~/.lima/docker
DockerMemTotal=4093943808
semforge-p4-final-pg-qa-migrator:afaffac 170b035c133c
semforge-p4-final-pg-qa-relay:afaffac e8a81aa56e27
semforge-p4-final-pg-qa-scheduler:afaffac 03890a937b8d
semforge-p4-final-pg-qa-worker:afaffac d7a7041b2e08
semforge-p4-final-pg-qa-web:afaffac c85fcc1f12da
