$ npm run verify
startedAt=2026-08-12T15:17:12.372Z

> semforge@0.1.0 verify
> npm run lint && npm run typecheck && npm run test


> semforge@0.1.0 lint
> eslint


> semforge@0.1.0 typecheck
> tsc --noEmit


> semforge@0.1.0 test
> tsx --test "src/**/*.test.ts" "src/**/*.test.tsx" "scripts/**/*.test.ts"

✔ 외부 HTTPS source URL의 API 경로는 SEMForge legacy API로 오인하지 않는다 (249.601084ms)
✔ 내부 legacy API 경로는 계속 차단한다 (213.860333ms)
✔ release gate는 CI에서 호출 가능한 단일 npm entrypoint로 고정된다 (1.91525ms)
✔ release gate runner는 필수 검증 단계와 evidence 산출물을 선언한다 (2.153792ms)
✔ 최종 evidence index는 canonical v2 결과를 재기록하지 않고 안정적인 포인터만 제공한다 (1.235333ms)
✔ route/forbidden-surface와 3파트너 9사이트 harness는 직접 실행 가능한 npm entrypoint다 (0.506125ms)
✔ release gate의 PostgreSQL 16 단계는 privacy barrier subject-erasure harness를 함께 실행한다 (0.85375ms)
✔ route manifest는 계획에 고정된 NAVER와 AIO 읽기 API를 포함한다 (0.142625ms)
✔ GitHub Actions workflow는 Node 24, PostgreSQL 16, Chromium을 release gate에 공급한다 (0.90725ms)
✔ release gate runner는 generated notice/schema drift가 생기면 실패한다 (669.350542ms)
✔ release gate npm-build 단계는 CI 전역 credential env를 secretless build에서 제거한다 (1056.928417ms)
✔ release gate runner는 커밋된 release-range whitespace도 실패시킨다 (571.714292ms)
✔ release gate summary는 시작 source SHA와 evidence-only 종료 HEAD의 관계를 기록한다 (1344.54675ms)
✔ release gate는 source SHA로 식별할 수 없는 dirty source에서 실행하지 않는다 (648.641625ms)
✔ release gate 도중 source-changing HEAD로 이동하면 provenance 단계에서 실패한다 (1313.585ms)
✔ release gate는 project root 밖 repository source 변경도 거부한다 (466.066375ms)
▶ invite CLI argument parsing
  ✔ normalizes the required email and workspace name (3.720084ms)
  ✔ rejects missing, malformed, duplicate, and unsupported arguments (1.497708ms)
✔ invite CLI argument parsing (6.778416ms)
▶ invite CLI execution
  ✔ calls the auth service before printing its raw token exactly once (2.3955ms)
  ✔ returns a nonzero code without leaking database errors or printing a token (0.369834ms)
  ✔ rejects a malformed service token without writing any stdout (0.35225ms)
  ✔ rejects an invite that expires more than seven days after verification (0.271917ms)
  ✔ requests only the operator database role in the production wiring (0.240542ms)
  ✔ hard-fails without OPERATOR_DATABASE_URL (3.392125ms)
  ✔ rejects an existing-workspace invite before calling the service (0.604875ms)
  ✔ requires a valid operational release attestation before paid production invite creation (0.292459ms)
  ✔ keeps sandbox invites explicit and does not require production attestation (0.209292ms)
  ✔ keeps non-production release target distinct even if an operator points at a production-like DSN (0.173916ms)
  ✔ does not allow sandbox or staging invite targets from a production runtime (0.152292ms)
✔ invite CLI execution (8.911875ms)
✔ license notice CLI는 production dependency inventory와 node_modules 라이선스 원문을 생성한다 (247.587166ms)
✔ license notice CLI는 금지·unknown 라이선스를 fail closed로 거부한다 (229.255625ms)
✔ distribution notice는 설치된 optional sharp-libvips README와 LGPL 고지를 포함한다 (187.921834ms)
✔ 설치된 sharp WASM은 exact application/source/relink manifest가 없으면 fail closed 한다 (383.939375ms)
✔ source bundle CLI는 pinned source를 포함하고 missing/stale artifact를 fail closed 한다 (1776.706291ms)
✔ Next production build는 standalone output을 생성한다 (92.717417ms)
✔ package build script는 secret 없는 build service profile을 강제한다 (2.656542ms)
✔ Dockerfile은 Node 24 web/pipeline/privacy/retention/migrator target과 non-root Chromium/Noto runtime을 제공한다 (3.030417ms)
✔ 배포 산출물은 proprietary 제품 고지와 production dependency 라이선스 고지를 포함한다 (2.070708ms)
✔ Docker worker는 dispatcher claim과 tenant DB가 분리된 production composition을 사용한다 (3.497875ms)
✔ entrypoint와 compose는 migration 성공 뒤 web/worker/relay와 collection/report scheduler를 분리 실행한다 (4.915875ms)
✔ privacy lifecycle은 일일 retention과 별도 수동 delete invocation으로 분리된다 (2.403833ms)
✔ Kubernetes 예시는 worker/relay와 일요일 collection·월요일 report scheduler를 분리한다 (4.437625ms)
✔ 모든 Kubernetes workload는 service account token 자동 마운트를 차단한다 (2.369875ms)
✔ 환경 예시는 report delivery 변수 이름만 제공하고 역할별 env_file secret 주입을 유지한다 (3.37225ms)
✔ privacy env 문서는 retention schedule과 수동 삭제 절차를 분리하고 필수 secret을 열거한다 (2.524875ms)
✔ nginx 예시는 TLS, browser 격리 header, spoof 불가능한 client IP 전달을 포함한다 (3.1765ms)
✔ nginx CSP는 Next, Toss 결제, Google OAuth, 공급자 API에 필요한 명시 directive만 허용한다 (3.012ms)
✔ production docker compose config는 모든 앱 서비스를 read-only와 no-new-privileges로 실행한다 (526.861916ms)
✔ PostgreSQL 16 test compose는 host loopback에만 포트를 공개한다 (2.0505ms)
✔ production deployment preflight는 digest placeholder와 mutable base image를 fail-closed한다 (147.562417ms)
✔ release gate build-input preflight는 Docker build arg가 immutable env digest에 연결된 경우만 허용한다 (445.587417ms)
✔ production deployment preflight는 실제 sha256 digest로 렌더링된 manifest만 허용한다 (157.188ms)
✔ 운영 runbook은 TLS/PITR, object version restore, backup, previous-image rollback을 실행 순서로 고정한다 (1.663666ms)
✔ privacy request CLI는 operator DSN으로 SECURITY DEFINER 승인 함수만 호출한다 (86.710125ms)
✔ privacy request CLI는 요청 identity를 그대로 승인하고 오류 세부사항을 숨긴다 (4.166834ms)
✔ privacy request CLI는 workspace closure 요청에는 subject를 허용하지 않는다 (0.6325ms)
✔ privacy CLI는 retention, subject export/correction, workspace closure adapter를 분리 조립한다 (19.361417ms)
✔ doctor는 Docker/MinIO 가능 여부만 점검하고 운영 리소스 변경은 하지 않는다 (459.510042ms)
✔ PG PITR 계획은 원본 DB를 덮어쓰지 않고 새 인스턴스 검증과 증거 필드를 요구한다 (268.068166ms)
✔ object-version-restore는 로컬 fixture에서 이전 버전을 복구 prefix로 복사하고 checksum을 검증한다 (317.901958ms)
✔ previous-image rollback 계획은 scheduler suspend, worker drain, 이전 digest 적용, health 검증 순서를 고정한다 (401.923833ms)
✔ forward-compatible migration 감사는 additive 변경을 통과시키고 destructive SQL을 실패시킨다 (1092.385625ms)
✔ Toss reconciliation은 조회 조정과 수동 법정환불 ledger 절차만 만들고 결제/환불 API를 호출하지 않는다 (315.7005ms)
▶ release-gate CLI
  ✔ requires explicit paid production attestation path (2.372167ms)
  ✔ prints a machine-readable allow decision for a valid paid production manifest (6.911416ms)
  ✔ does not require git or an attestation file for sandbox validation (0.189542ms)
  ✔ treats unreadable paid production attestations as release gate failures (0.41275ms)
  ✔ fails closed without leaking invalid manifest details (0.678917ms)
✔ release-gate CLI (11.89425ms)
✔ auth route modules are import-safe under the build profile even when CI exposes DATABASE_URL (387.646375ms)
✔ 승인된 manifest는 공개 고지에 필요한 구조화된 운영 사실을 반환한다 (24.45175ms)
✔ manifest 누락·손상·미승인 상태는 법률 출시 게이트를 통과하지 못한다 (1.672ms)
✔ placeholder와 실제 서비스 계약에 어긋나는 가격은 승인으로 위장할 수 없다 (0.56075ms)
✔ 처리 활동은 서비스 필수 여부와 권리 행사 방법을 명시하고 승인된 보유 항목에 연결한다 (1.048ms)
✔ 공개 홈은 주간 검색 가시성 제품과 초대 전용 베타를 설명한다 (14.359375ms)
✔ 로그인 페이지는 데모 계정 없이 인증 폼을 제공한다 (6.922625ms)
✔ 앱 개요는 실제 사이트·리포트·GSC API를 함께 확인하며 임의 KPI를 표시하지 않는다 (7.383167ms)
✔ 허용 앱 화면은 승인된 v1 API 경계만 사용한다 (25.49725ms)
✔ checkout envelope는 같은 origin의 고정 billing callback 계약만 허용한다 (3.513875ms)
✔ launch는 서버 customerKey로 Toss payment를 만들고 CARD 자동결제 인증을 요청한다 (0.240125ms)
✔ success callback은 authKey/customerKey를 한 번만 파싱하고 provider message는 무시한다 (0.365667ms)
✔ callback POST는 customerKey를 서버 설정과 대조하고 안정적인 멱등키를 보낸다 (65.369291ms)
✔ BrandMark는 독립 SEMForge 이름과 주간 가시성 메시지만 제공한다 (7.539167ms)
✔ AppShell은 허용된 핵심 앱 탐색과 모바일 탐색을 접근 가능하게 렌더링한다 (77.689584ms)
✔ StatusPanel은 loading, error, empty, partial 상태를 숫자 조작 없이 구분한다 (14.184167ms)
✔ ProductLimitSummary는 유료 베타의 실제 한도를 고정해 설명한다 (7.491875ms)
✔ AuthForm은 인증 종류별 실제 API 경계를 form에 노출한다 (15.237125ms)
✔ 초대 확인은 필수 문서 확인을 개인정보 처리의 포괄 동의로 표시하지 않는다 (7.044291ms)
✔ 인증 payload는 식별자 공백만 정리하고 비밀번호 원문은 보존한다 (115.466292ms)
✔ API envelope 분류는 빈 데이터와 일부 데이터를 구분한다 (0.402875ms)
✔ DataEndpointBoundary는 실제 v1 endpoint를 로딩 상태에 표시한다 (21.43275ms)
✔ API 경계는 성공 상태의 비 JSON 응답을 빈 데이터로 오인하지 않는다 (19.7245ms)
✔ WorkspaceSettingsForm은 reports branding API와 정확한 브랜드 입력을 연결한다 (4.652709ms)
✔ 브라우저 mutation은 tenant 식별자 재정의를 fetch 전에 거부한다 (6.735625ms)
✔ 정상 mutation은 같은 origin 쿠키와 매 요청 idempotency key를 사용한다 (83.689166ms)
✔ 구현된 읽기 API의 404는 미구현 대기 상태가 아니라 실제 오류로 표시한다 (304.226833ms)
✔ 사이트 목록은 실제 레코드와 3개 한도를 보여 주되 workspace 식별자는 노출하지 않는다 (321.482708ms)
✔ 사이트 상세 계약은 rank/AIO 추적과 GSC binding을 읽고 tenant override를 버린다 (6.245833ms)
✔ 불변 리포트는 확인된 값과 누락 section을 한글로 렌더하고 workspace ID를 숨긴다 (43.584917ms)
✔ past_due 구독은 과거 리포트 외 화면을 읽기 전용으로 만들고 결제 복구는 허용한다 (3.236709ms)
✔ 결제 대기 구독은 이미 제공되는 Toss 연결 화면을 정확히 안내한다 (4.8085ms)
✔ 계약 파서는 임의 KPI·잘못된 색상·불완전 tenant 응답을 수용하지 않는다 (0.3365ms)
✔ 개요는 실제 API 건수와 준비 순서만 표시하고 임의 성과 KPI를 만들지 않는다 (19.225167ms)
✔ GSC 연결 목록은 readonly scope와 실제 만료 시각만 보여 주고 tenant ID를 숨긴다 (3.278875ms)
✔ 리포트 PDF 다운로드는 signed URL을 메모리에만 두고 새 창에서 연다 (9.603584ms)
✔ 리포트 PDF 팝업은 차단 또는 준비 실패를 성공으로 오인하지 않는다 (2.030417ms)
✔ 리포트 PDF 버튼은 준비·로딩·미납 차단 상태를 명확히 렌더한다 (2.364416ms)
✔ Node 24와 TypeScript·TSX 테스트 파일을 모두 실행하는 기본 계약을 고정한다 (1.783917ms)
✔ 삭제된 레거시 기능을 가리키는 실행 스크립트가 없다 (4.017791ms)
✔ 삭제된 레거시 UI 전용 런타임 패키지가 없다 (0.217292ms)
✔ 핵심 웹·PostgreSQL·PDF 자산 의존성은 유지한다 (0.187291ms)
✔ 발견된 App Router 페이지는 제품 페이지 허용 목록 안에만 존재한다 (23.387292ms)
✔ 발견된 Route Handler는 존재하는 제품 API exact set과 정확히 일치한다 (2.817667ms)
✔ 제품 소스에는 레거시 기능 경로와 SQLite·복제 제품 흔적이 없다 (39.421166ms)
✔ 공개 자산과 제품 문서에는 clone 자산·구 URL redirect·SQLite 흔적이 없다 (10.436583ms)
✔ fresh migration과 두 번째 migration 실행이 모두 성공한다 (4507.008375ms)
✔ workspace당 네 번째 site를 거부한다 (78.621833ms)
✔ site당 active rank와 aio query를 각각 20개까지만 허용한다 (65.460958ms)
✔ web role은 transaction-local workspace 밖의 row를 볼 수 없다 (70.853916ms)
✔ 모든 runtime, privacy, tenant billing과 secret scrubber role은 BYPASSRLS가 아니다 (10.638917ms)
✔ tenant billing role은 app.workspace_id 밖 결제 row를 보거나 변경할 수 없고 global billing만 대사할 수 있다 (220.452375ms)
✔ privacy erasure만 immutable report 삭제를 수행하고 billing ledger는 tombstone으로 보존한다 (181.655667ms)
✔ web role은 billing 고객·결제수단·구독 테이블 권한을 전혀 갖지 않는다 (16.453084ms)
✔ scheduler role은 최소 subscription/outbox 컬럼과 제한된 topic 정책만 가진다 (64.905167ms)
✔ worker role은 audit_events에 INSERT만 허용하고 기록을 읽을 수 없다 (9.937833ms)
✔ worker role은 transaction-local workspace 밖 tenant row와 global queue에 접근하지 못한다 (8.023708ms)
✔ worker role은 자기 workspace report outbox 최소 컬럼만 INSERT하고 조회·수정·tenant 이탈은 거부된다 (62.18175ms)
✔ dispatcher role은 jobs/outbox만 전역 처리하고 tenant domain row는 읽지 못한다 (36.382625ms)
✔ dispatcher는 임의 payload UPDATE 없이 password reset 전용 scrub 함수만 실행한다 (71.493417ms)
✔ auth role은 plaintext password reset outbox를 DB 제약에서 거부한다 (14.553917ms)
✔ scheduler role은 canonical collection outbox 입력 컬럼만 사용한다 (11.909959ms)
✔ job/outbox request hash는 직접 변조해도 canonical 중요 필드에서 다시 계산된다 (5.697958ms)
✔ NAVER/GSC provenance schema는 source/status와 tenant 복합 FK를 실제 DB에서 강제한다 (8.243084ms)
✔ tenant billing role은 fingerprint 결제수단과 append-only ledger만 변경한다 (12.569584ms)
✔ DB도 GSC token과 Toss billing key의 평문 저장을 거부한다 (1.647792ms)
✔ auth role은 pre-tenant 인증 트랜잭션에 필요한 최소 권한과 RLS 정책만 가진다 (109.894416ms)
✔ auth role은 password reset outbox를 INSERT만 할 수 있고 tenant outbox payload를 SELECT할 수 없다 (12.509791ms)
✔ auth role은 billing provisioning INSERT만 허용하고 billing SELECT를 노출하지 않는다 (10.393208ms)
✔ auth role은 초대 intent에서 신규 workspace·owner membership·session을 원자 생성한다 (18.054334ms)
✔ auth 수락 트랜잭션 중간 실패는 account와 workspace 생성을 전부 rollback한다 (7.29425ms)
✔ invite provisioning 제약은 잘못된 상태·역할·해시와 pending 중복을 거부한다 (6.048458ms)
✔ auth role은 만료된 invite intent를 잠그거나 수락하지 못한다 (2.549458ms)
✔ operator는 만료 intent만 supersede하고 경쟁 재발급에서 pending 하나만 남긴다 (43.373333ms)
✔ operator role은 NOLOGIN 권한 그룹이며 invites SELECT/INSERT 권한만 가진다 (65.688292ms)
✔ operator는 7일 초대를 발급하지만 인증·사이트·결제 데이터에는 접근하지 못한다 (36.139834ms)
✔ auth runtime은 AUTH_DATABASE_URL만 사용하고 migration owner URL을 재사용하지 않는다 (3.163458ms)
✔ 공개 상태 enum은 제품 계약과 정확히 일치한다 (6.485417ms)
✔ workspace privacy control은 tenant별 active→blocking→erased 계약을 표현한다 (2.28ms)
✔ erased/missing workspace write fence는 전체 durable mutation 표면을 canonical migration에서 차단한다 (6.0535ms)
✔ 모든 tenant domain table은 non-null workspace_id를 가진다 (4.011ms)
✔ tracked_queries는 workspace와 site를 함께 참조한다 (0.233959ms)
✔ usage reservation은 provider call을 같은 workspace 복합 FK로 고정한다 (0.172209ms)
✔ migration snapshot도 provider call 연결 컬럼을 usage reservation에 기록한다 (4.374417ms)
✔ job/outbox canonical request hash는 schema와 migration snapshot에 함께 존재한다 (1.389792ms)
✔ worker report outbox INSERT tenant policy는 schema와 canonical snapshot에 고정된다 (2.643917ms)
✔ NAVER와 GSC 관측값은 수집 provenance를 tenant 복합 FK로 고정한다 (0.918542ms)
✔ auth_action_throttles는 workspace 없이 action과 SHA-256 hash만 저장한다 (0.158917ms)
✔ password reset scrub은 dispatcher의 임의 payload UPDATE 없이 제한 SECURITY DEFINER 함수만 허용한다 (9.923042ms)
✔ invites는 생성 시점부터 최대 7일까지만 유효하다 (0.354625ms)
✔ invites는 신규 workspace intent와 수락한 owner membership을 명시적으로 연결한다 (0.251333ms)
{"timestamp":"2026-08-12T15:17:25.390Z","level":"warn","service":"web","message":"api.rate_limit_rejected","requestId":"request-rate-123","workspaceId":null,"jobId":null,"provider":null,"method":"POST","route":"/api/v1/auth/*","code":"RATE_LIMITED"}
{"timestamp":"2026-08-12T15:17:25.401Z","level":"error","service":"web","message":"api.internal_error","requestId":"d1223dcb-fd46-4c09-8a9d-8ea5939dd68f","workspaceId":null,"jobId":null,"provider":null,"method":"GET","route":"/api/v1/session","code":"INTERNAL"}
{"timestamp":"2026-08-12T15:17:25.401Z","level":"error","service":"web","message":"api.internal_error","requestId":"edc6fae0-c8c9-4e6b-9474-8b006fc32548","workspaceId":null,"jobId":null,"provider":null,"method":"GET","route":"/api/v1/session","code":"INTERNAL"}
{"timestamp":"2026-08-12T15:17:25.441Z","level":"error","service":"web","message":"api.internal_error","requestId":"e3260e87-1dcc-4091-a687-78f1463b8b99","workspaceId":null,"jobId":null,"provider":null,"method":"POST","route":"/api/v1/auth/*","code":"INTERNAL"}
{"timestamp":"2026-08-12T15:17:25.441Z","level":"error","service":"web","message":"api.internal_error","requestId":"068a1806-a4db-4842-a907-aaa12ccf38be","workspaceId":null,"jobId":null,"provider":null,"method":"POST","route":"/api/v1/auth/*","code":"INTERNAL"}
▶ INTERNAL, 인증 실패, rate limit은 민감정보 없이 구조화된 보안 이벤트를 기록한다
  ✔ INTERNAL (84.490292ms)
  ✔ UNAUTHENTICATED (0.639834ms)
  ✔ RATE_LIMITED (0.409292ms)
✔ INTERNAL, 인증 실패, rate limit은 민감정보 없이 구조화된 보안 이벤트를 기록한다 (86.488458ms)
✔ 보안 이벤트 route는 동적 UUID와 token path segment를 기록하지 않는다 (0.651875ms)
✔ auth guard는 공개 resolveRequestId로 안전한 ID만 재사용한다 (0.324834ms)
✔ 성공 응답은 고정 envelope와 안전한 요청 ID를 반환한다 (6.723833ms)
✔ typed ApiError는 상태 코드와 오류 envelope로 변환된다 (6.350334ms)
✔ RATE_LIMITED 오류는 정수 Retry-After와 canonical 응답 헤더를 반환한다 (11.01875ms)
✔ JSON 본문 파서는 application/json이 아닌 요청을 415로 거부한다 (2.065125ms)
✔ 상태 변경 요청은 cross-origin Origin을 handler 실행 전에 거부한다 (0.309667ms)
✔ 안전하지 않은 요청 ID는 UUID로 교체하고 handler와 응답에 동일하게 전달한다 (0.286ms)
✔ 성공 응답의 Set-Cookie는 보존하고 임의 x-request-id는 덮어쓴다 (0.197542ms)
✔ 예상하지 못한 오류는 메시지와 비밀값을 숨긴 500 envelope로 변환한다 (0.353041ms)
✔ INTERNAL ApiError의 사용자 지정 메시지도 외부에 노출하지 않는다 (0.279666ms)
✔ apiSuccess는 JSON 본문을 허용하지 않는 성공 status를 런타임에도 거부한다 (0.23525ms)
▶ 깨진 JSON은 400, 스키마 불일치는 422와 필드 오류를 반환한다
  ✔ malformed JSON (0.343583ms)
  ✔ schema mismatch (3.42075ms)
✔ 깨진 JSON은 400, 스키마 불일치는 422와 필드 오류를 반환한다 (4.854917ms)
✔ 정상 JSON은 Zod 변환 결과를 handler에 전달한다 (2.064125ms)
✔ Zod 필드 오류는 Object prototype과 같은 이름도 누락하지 않는다 (1.376833ms)
✔ 비동기 Zod refine 실패도 500이 아닌 422로 변환한다 (1.466875ms)
▶ Origin이 없거나 opaque/null이면 상태 변경 요청을 거부한다
  ✔ missing (0.498ms)
  ✔ opaque (0.346042ms)
  ✔ malformed (0.346291ms)
✔ Origin이 없거나 opaque/null이면 상태 변경 요청을 거부한다 (2.754541ms)
✔ 위조된 forwarded host/proto로 canonical origin을 바꿀 수 없다 (19.419875ms)
✔ Host가 canonical URL host와 다르면 상태 변경 요청을 거부한다 (0.96275ms)
✔ APP_PUBLIC_URL이 설정되면 Host-derived Request URL로 신뢰 origin을 오염시킬 수 없다 (4.875666ms)
▶ production 상태 변경 요청은 HTTPS trusted origin이 없으면 fail closed한다
  ✔ missing APP_PUBLIC_URL (0.276209ms)
  ✔ HTTP APP_PUBLIC_URL (0.1535ms)
  ✔ explicit HTTPS trusted origin (0.24125ms)
✔ production 상태 변경 요청은 HTTPS trusted origin이 없으면 fail closed한다 (0.933833ms)
▶ 읽기 요청과 명시적 외부 webhook 정책은 Origin 검증을 생략한다
  ✔ GET (0.134542ms)
  ✔ external webhook POST (0.138875ms)
✔ 읽기 요청과 명시적 외부 webhook 정책은 Origin 검증을 생략한다 (0.398125ms)
▶ Origin 정책 오타와 none을 사용한 상태 변경 요청은 fail closed한다
  ✔ runtime typo (0.247375ms)
  ✔ none on POST (0.190083ms)
✔ Origin 정책 오타와 none을 사용한 상태 변경 요청은 fail closed한다 (0.544334ms)
✔ API 헬퍼 로드 후 zod 필드 오류가 한국어 우선 정책을 따른다 (6.08575ms)
✔ production API helper에는 SQLite 고유 오류 분기와 raw console logger가 없다 (0.763458ms)
✔ 암호문은 현재 key id를 포함하고 같은 keyring에서 round-trip 된다 (116.727667ms)
✔ 이전 key id의 암호문은 회전 후 previous key map으로 복호화된다 (535.182875ms)
✔ 변조·알 수 없는 key id·평문은 안전하게 null을 반환한다 (422.935333ms)
✔ AAD가 다른 workspace나 record로 바뀌면 암호문 이동을 거부한다 (158.880291ms)
✔ 환경 keyring wrapper도 key id와 previous key map을 사용한다 (293.24725ms)
✔ production은 database, encryption, billing, Google, NAVER 자격증명을 모두 요구한다 (51.11175ms)
✔ test mode는 외부 키 없이 명시적으로 실행할 수 있다 (0.242042ms)
✔ AUTH_TRUST_PROXY_HEADERS는 명시적인 true/false만 허용한다 (0.531ms)
✔ production web은 nginx가 덮어쓰는 proxy header trust를 명시적으로 요구한다 (0.472875ms)
✔ previous key map은 유효한 JSON object와 32-byte secret만 허용한다 (0.58525ms)
✔ production public URL은 https만 허용한다 (0.245875ms)
✔ migrate profile은 migration owner DSN과 verify-full TLS만으로 시작할 수 있다 (0.140541ms)
✔ operator profile은 초대 CLI DSN만 요구하고 web/all은 operator DSN을 요구하지 않는다 (0.549041ms)
✔ worker profile은 dispatcher claim DB와 tenant worker DB를 분리해 요구한다 (7.398083ms)
✔ web profile은 signed URL용 S3 credentials만 요구하고 email·Chromium secret은 요구하지 않는다 (1.351375ms)
✔ web profile은 operator CLI DSN 없이 시작하고 tenant/global billing DSN은 분리해 요구한다 (8.903375ms)
✔ relay와 scheduler profile은 각자의 최소권한 PostgreSQL 역할만 요구한다 (0.316458ms)
✔ production service는 profile allowlist 밖의 credential을 fail-closed한다 (0.246ms)
✔ privacy와 retention profile은 별도 DSN과 secret 경계를 요구한다 (3.261375ms)
✔ build profile은 image build 중 운영 secret을 읽지 않는다 (0.272042ms)
✔ production web과 all은 승인된 법률 release manifest 없이는 시작하지 않는다 (0.431833ms)
✔ production web은 손상되거나 placeholder인 법률 manifest를 거부한다 (0.726583ms)
✔ production object storage endpoint는 https만 허용한다 (0.28525ms)
✔ 로컬 앱 브라우저가 사용하는 loopback 호스트를 개발 리소스 원본으로 허용한다 (0.945667ms)
✔ 세션 쿠키 옵션은 30일 TTL·HttpOnly·SameSite=Lax·Path=/를 고정한다 (2.210917ms)
✔ Set-Cookie 헤더는 production에서만 Secure를 포함한다 (58.195417ms)
✔ 삭제 옵션과 헤더는 즉시 만료되며 production Secure 정책을 유지한다 (0.174167ms)
✔ Request Cookie 헤더에서 정확한 세션 쿠키만 읽는다 (1.141083ms)
✔ 중복·빈 값·손상된 세션 쿠키는 거부한다 (0.250541ms)
✔ Next 16의 async cookies() 결과도 프레임워크 타입 의존 없이 읽는다 (0.178917ms)
✔ production API session resolver reads the real session cookie and never trusts header tenants (111.156667ms)
✔ production resolver rejects header-only tenants instead of reviving fake auth (0.898584ms)
▶ owner와 admin은 허용된 역할 guard를 통과한다
  ✔ owner (216.572042ms)
  ✔ admin (0.376041ms)
✔ owner와 admin은 허용된 역할 guard를 통과한다 (220.470125ms)
✔ 허용 역할에 없는 member는 FORBIDDEN이다 (41.006833ms)
▶ 누락되거나 만료·폐기된 session은 UNAUTHENTICATED이다
  ✔ missing cookie (5.651958ms)
  ✔ revoked session (2.746584ms)
✔ 누락되거나 만료·폐기된 session은 UNAUTHENTICATED이다 (23.9065ms)
▶ CSRF 검증은 cross-origin과 Host mismatch를 service 실행 전에 거부한다
  ✔ cross-origin (6.144791ms)
  ✔ host mismatch (0.221292ms)
✔ CSRF 검증은 cross-origin과 Host mismatch를 service 실행 전에 거부한다 (9.386708ms)
✔ guard 결과는 raw token과 session/PII를 제거하고 안전한 requestId를 만든다 (12.479792ms)
{"timestamp":"2026-08-12T15:17:27.229Z","level":"warn","service":"web","message":"api.authentication_rejected","requestId":"84805a55-0647-46af-ba09-728902d8deb9","workspaceId":null,"jobId":null,"provider":null,"method":"GET","route":"/api/v1/auth/*","code":"UNAUTHENTICATED"}
{"timestamp":"2026-08-12T15:17:27.231Z","level":"warn","service":"web","message":"api.rate_limit_rejected","requestId":"dd179b31-e252-4be8-8fba-c5d090043297","workspaceId":null,"jobId":null,"provider":null,"method":"POST","route":"/api/v1/auth/*","code":"RATE_LIMITED"}
{"timestamp":"2026-08-12T15:17:27.231Z","level":"warn","service":"web","message":"api.authentication_rejected","requestId":"fae3c705-7b87-405d-b1a4-96bc198f35a6","workspaceId":null,"jobId":null,"provider":null,"method":"POST","route":"/api/v1/auth/*","code":"UNAUTHENTICATED"}
{"timestamp":"2026-08-12T15:17:27.234Z","level":"error","service":"web","message":"api.internal_error","requestId":"2e4ec3c0-b5fe-43ff-94b0-cb27d5b2a4d4","workspaceId":null,"jobId":null,"provider":null,"method":"POST","route":"/api/v1/auth/*","code":"INTERNAL"}
✔ login은 same-origin JSON만 받고 raw session token을 쿠키에만 기록한다 (198.887666ms)
✔ login clientAddressHash는 UA·언어 변경으로 우회할 수 없고 신뢰 proxy 없이는 전달되지 않는다 (1.999ms)
✔ login clientAddressHash는 명시적 trusted proxy에서 오른쪽 실제 hop만 사용해 spoofed XFF prefix를 무시한다 (2.789125ms)
✔ trusted proxy는 16개 초과 spoofed XFF prefix와 긴 선행값에도 X-Real-IP bucket을 유지한다 (1.023125ms)
✔ login은 cross-origin 요청을 service 실행 전에 거부한다 (1.935958ms)
▶ login은 JSON 형식과 schema 오류를 표준 envelope로 반환한다
  ✔ application/json이 아니면 415 (1.612ms)
  ✔ 입력 schema가 맞지 않으면 422 (2.875542ms)
  ✔ server-only 필드는 public body에서 422 (0.543042ms)
✔ login은 JSON 형식과 schema 오류를 표준 envelope로 반환한다 (6.077708ms)
✔ invite 수락도 session token을 body에서 제거하고 cookie로만 반환한다 (49.152833ms)
✔ invite 수락 body의 server-only currentSessionToken은 거부한다 (1.179541ms)
✔ logout은 현재 cookie를 revoke하고 삭제 cookie를 반환한다 (0.448542ms)
✔ session GET은 Origin 없이 동작하고 인증되지 않은 요청에 401을 반환한다 (16.289375ms)
✔ forgot password는 존재 여부와 무관한 202 응답만 반환한다 (0.483417ms)
✔ reset password 성공은 기존 session cookie를 삭제한다 (0.361ms)
✔ RATE_LIMITED service 오류는 generic 429와 Retry-After로 변환된다 (0.50975ms)
▶ AuthServiceError는 route별 안전한 public 오류로 변환된다
  ✔ invalid credentials (0.391375ms)
  ✔ invalid invite (0.910958ms)
  ✔ invalid new password (0.676542ms)
  ✔ invalid password reset (0.303ms)
  ✔ configuration error (0.398833ms)
✔ AuthServiceError는 route별 안전한 public 오류로 변환된다 (2.993208ms)
✔ acceptInviteAtomic provisions billing_customers and account_created subscription in the same transaction (4050.985541ms)
✔ password reset worker는 처리 직전에만 복호화하고 Resend stable idempotency 후 양쪽 payload를 scrub한다 (7.17425ms)
✔ retryable provider 실패는 암호문을 유지하고 마지막 attempt에서만 terminal scrub한다 (1.062042ms)
✔ provider reject와 만료 delivery는 평문 복호화 결과를 남기지 않고 terminal scrub한다 (0.51675ms)
✔ 전송 후 crash로 scrubbed marker만 남은 재실행은 provider를 호출하지 않고 확정 상태를 재생한다 (0.15975ms)
✔ provider 성공 뒤 scrub 실패는 같은 Resend idempotency key로 재시도해 중복 발송을 막는다 (13.282ms)
✔ AAD가 다른 workspace로 이동하거나 암호문이 변조되면 provider 호출 없이 invalid scrub한다 (0.57675ms)
✔ 형식이 손상된 reset payload도 식별자가 있으면 scrub하고 DB 장애 시 dead 전에 재시도한다 (0.608959ms)
✔ 이미 queue에 있던 password reset도 수신자가 suppression되면 provider 호출 전 terminal scrub한다 (0.334542ms)
✔ password reset suppression policy는 auth에서 active membership만 찾고 worker를 workspace별로 pin한다 (0.447458ms)
✔ suppression 조회 장애는 fail-open 발송 없이 retryable로 남긴다 (2.157542ms)
✔ password reset delivery fence는 worker lock을 유지한 채 dispatcher scrub을 별도 commit한다 (1.149458ms)
✔ password reset delivery fence는 lock 내부 suppression 발견 시 Resend 0회·dispatcher terminal scrub 후 commit한다 (1.206583ms)
✔ 비밀번호 해시는 파라미터와 salt를 포함한 단일 versioned 문자열이다 (3962.123458ms)
✔ 레거시 2^14 해시는 검증하되 성공 결과에 재해시 필요를 표시한다 (217.700166ms)
✔ 같은 비밀번호도 무작위 salt 때문에 서로 다른 해시를 만든다 (3963.962333ms)
✔ 알 수 없는 버전·파라미터·비정규 인코딩은 검증하지 않는다 (1352.973166ms)
✔ 새 workspace 초대 수락은 사용자·membership·session·초대 소비를 원자 생성한다 (3761.143417ms)
✔ 비밀번호 정책 업그레이드는 검증한 이전 hash가 그대로일 때만 CAS로 저장한다 (3799.836208ms)
✔ 초대 수락은 final 약관·개인정보 version/SHA와 presented/accepted 시각을 같은 transaction에 기록한다 (3485.34325ms)
✔ invite preflight은 유효한 token과 일치 email만 ready로 공개하고 나머지는 invalid로 합친다 (3095.917417ms)
✔ 유효한 pending invite와 email 또는 workspace slug가 겹치면 재발급을 거부한다 (5652.109ms)
✔ operator store는 직접 호출에서도 email·workspace name·slug 계약을 검증한다 (3546.779458ms)
✔ 만료된 pending invite는 DB clock으로 supersede한 뒤 재발급하고 이전 token을 거부한다 (4516.425083ms)
✔ 동시에 같은 초대를 수락해도 한 요청만 성공하고 session도 하나만 남는다 (4983.820041ms)
✔ workspace slug 충돌로 수락 CAS가 실패하면 먼저 만든 user도 rollback되어 orphan이 남지 않는다 (2973.861792ms)
✔ 기존 사용자는 password hash를 CAS 재확인하고 새 workspace owner가 되어도 기존 password를 보존한다 (3627.325375ms)
✔ 초대 수락 session 교체는 다른 사용자의 cookie hash를 revoke하지 않는다 (10025.292417ms)
✔ session rotation은 새 hash 생성과 현재 session revoke를 한 transaction으로 처리한다 (6427.192917ms)
✔ session rotation은 다른 사용자나 workspace의 current token을 revoke하지 않는다 (5675.36275ms)
✔ password reset은 token을 한 번만 소비하고 password 변경과 모든 session revoke를 원자 처리한다 (4053.289583ms)
✔ password reset이 검증과 rotation 사이에 commit되면 이전 hash CAS로 새 session 생성을 거부한다 (2972.246625ms)
✔ password reset 생성은 이메일·URL 평문 없이 암호화 delivery를 outbox에 원자 예약한다 (2180.122625ms)
✔ password reset job이 마지막 attempt 또는 crash 복구로 dead가 되면 DB trigger가 양쪽 암호문을 scrub한다 (1563.895458ms)
✔ 동시 password reset은 한 요청만 password를 변경하고 다른 요청은 invalid로 끝난다 (1317.115333ms)
✔ auth throttle은 hash 식별자만 원자 집계하고 5회 이후 15분 동안 차단한다 (1530.094625ms)
✔ blocking workspace 로그인은 session 회전 delegate를 호출하지 않는다 (9.511667ms)
✔ 비밀번호 hash 업그레이드는 사용자의 모든 workspace privacy fence 안에서 실행한다 (0.751792ms)
✔ 진행 중 session commit이 끝날 때까지 삭제 drain이 기다리고 이후 login delegate는 0건이다 (0.615125ms)
✔ blocking workspace session은 인증·logout 모두 fail closed하고 revoke가 0건이다 (0.705583ms)
✔ forgot password는 membership 하나라도 blocking이면 reset token과 outbox를 만들지 않는다 (0.580709ms)
✔ forgot password는 모든 canonical membership lock을 한 번 잡고 정렬 첫 workspace로 delivery를 만든다 (0.901041ms)
✔ membership이 없으면 reset token과 outbox를 만들지 않는다 (0.376666ms)
✔ password reset은 모든 canonical membership shared lock 안에서만 원자 실행한다 (14.780042ms)
✔ 기존 사용자 invite는 기존 membership fence를 요구하고 신규 사용자는 새 workspace를 원자 생성하도록 통과시킨다 (0.682583ms)
✔ 초대 토큰은 7일 만료 SHA-256 해시로만 저장하고 raw token은 호출자에게 한 번 반환한다 (24.961708ms)
✔ 신규 사용자는 강한 비밀번호로 초대를 원자 수락하고 raw session token만 받는다 (2461.740167ms)
✔ 기존 사용자는 현재 비밀번호를 검증하되 해시를 덮어쓰지 않는다 (1375.430166ms)
✔ 초대 preflight 실패와 기존 사용자 비밀번호 실패는 같은 오류로 응답한다 (2600.720708ms)
✔ 로그인은 throttle 통과 후 워크스페이스를 검증하고 기존 cookie session을 원자 회전한다 (1991.665917ms)
✔ login은 비밀번호 검증 뒤 reset이 선행되면 검증 당시 hash CAS 실패로 새 session을 만들지 않는다 (2264.084666ms)
✔ 레거시 비밀번호로 로그인하면 성공한 검증값만 CAS로 현재 scrypt 정책에 재해시한다 (1892.895958ms)
✔ 존재하지 않는 계정과 잘못된 비밀번호는 같은 로그인 오류를 반환한다 (4581.260417ms)
✔ login throttle이 차단하면 계정 조회 전에 retry-after 오류를 반환한다 (8.880209ms)
✔ login은 정규화 이메일과 trusted remote IP를 독립 throttle bucket으로 모두 소비한다 (6.786ms)
✔ 성공 login은 이메일 bucket만 초기화하고 shared IP spraying bucket은 유지한다 (2853.215875ms)
✔ 성공 login 뒤 이메일 throttle cleanup 장애는 이미 생성된 session 응답을 실패시키지 않는다 (2546.774583ms)
✔ 세션 조회와 로그아웃은 raw cookie를 저장소에 넘기지 않고 폐기는 멱등적이다 (2.052083ms)
✔ 비밀번호 재설정 요청은 30분 해시 토큰과 outbox delivery를 원자 저장 경계에 전달한다 (8.2925ms)
✔ 비밀번호 재설정 요청은 계정 존재·throttle은 숨기되 outbox 영속화 실패는 성공으로 숨기지 않는다 (10.348583ms)
✔ 비밀번호 재설정은 새 해시와 토큰 해시를 원자 소비 경계에 전달한다 (2787.285375ms)
✔ 만료·재사용 재설정 토큰과 약한 비밀번호는 안전한 공개 오류로 변환한다 (1249.608792ms)
✔ 기본 불투명 토큰은 32 random bytes의 base64url 문자열이다 (1.375833ms)
✔ 요청한 안전한 byte 길이로 토큰을 만들 수 있다 (0.399166ms)
✔ 토큰 저장용 해시는 결정적인 SHA-256 lower hex이다 (0.201375ms)
✔ 서버 청구 authorizer는 인증 workspace 하나만 조회하고 client 상태 없이 실제 구독으로 판정한다 (2.298167ms)
✔ past_due grace는 현재 청구기간 전 report만 허용하고 목록 SQL cutoff를 제공한다 (20.159417ms)
✔ production authorizer는 tenant billing pool과 transaction-local workspace만 사용한다 (0.4465ms)
✔ 서버 authorizer는 paid-beta 상태 전체를 단일 domain policy로 강제한다 (0.267792ms)
✔ 손상된 billing row는 허용으로 강등되지 않고 안전하게 실패한다 (0.4625ms)
✔ 코어 스키마와 같은 SubscriptionStatus 목록을 고정한다 (3.741584ms)
✔ 결제 성공 전에 active로 건너뛰지 못하는 상태 머신을 적용한다 (0.521583ms)
✔ 청구기간과 시도 번호로 안정적인 orderId와 idempotency key를 만든다 (2.360083ms)
✔ +1/+3/+5일 재시도와 7일 grace 계약을 절대 시각으로 계산한다 (0.269291ms)
✔ past_due grace 중에는 과거 리포트 read만 허용하고 생성·수정을 차단한다 (0.235833ms)
✔ billing key를 workspace/record AAD에 묶은 AES-GCM envelope로만 보관한다 (194.750833ms)
✔ 기간 말 취소는 일할 환불이 없으며 법정 예외를 명시한다 (0.111625ms)
✔ checkout GET은 owner/admin session tenant의 public clientKey·customerKey·고정 callback URL만 반환한다 (149.966209ms)
✔ checkout GET은 query/body workspace override를 받지 않는다 (2.253542ms)
✔ 빌링 callback POST는 CSRF·owner/admin RequireAuth 경계와 필수 멱등키를 지난다 (7.545209ms)
✔ 멱등키가 없는 인증·재결제·취소 POST를 서비스 호출 전에 거부한다 (0.52975ms)
✔ 본문 workspaceId를 받지 않아 auth principal의 tenant를 바꿀 수 없다 (0.485542ms)
✔ 재결제 API는 outcome과 public subscription 요약만 반환한다 (0.861625ms)
✔ 웹훅은 세션 auth를 요구하지 않고 공식 transmission id로 dedupe한다 (0.916292ms)
✔ 웹훅은 과대 본문과 초당 rate limit 초과를 서비스 호출 전에 거부한다 (10.229ms)
✔ 웹훅 rate limit은 bucket 용량 초과를 fail-closed하고 기존 제한을 유지한다 (197.196875ms)
✔ 취소 API는 예약 outcome과 public subscription 요약만 응답한다 (0.715667ms)
✔ 인증 사용자 요청은 tenant service, Toss webhook은 global service만 선택한다 (0.576875ms)
▶ blocking privacy fence는 checkout/summary/authorize/retry/cancel 전체를 409로 막고 tenant service를 호출하지 않는다
  ✔ checkout (0.188792ms)
  ✔ summary (0.133792ms)
  ✔ authorize (0.158333ms)
  ✔ retry (0.1315ms)
  ✔ cancel (0.117917ms)
✔ blocking privacy fence는 checkout/summary/authorize/retry/cancel 전체를 409로 막고 tenant service를 호출하지 않는다 (1.071917ms)
▶ erased privacy fence는 checkout/summary/authorize/retry/cancel 전체를 409로 막고 tenant service를 호출하지 않는다
  ✔ checkout (0.087ms)
  ✔ summary (0.069208ms)
  ✔ authorize (0.101958ms)
  ✔ retry (0.096042ms)
  ✔ cancel (0.094458ms)
✔ erased privacy fence는 checkout/summary/authorize/retry/cancel 전체를 409로 막고 tenant service를 호출하지 않는다 (0.589875ms)
✔ canonical workspace를 찾지 못한 webhook은 lookup race를 재시도하지 않고 200 terminal ACK한다 (0.204625ms)
✔ active billing summary는 fence 안에서 읽고 canonical webhook도 fence 안에서 법정 ledger 경로를 유지한다 (0.23375ms)
✔ blocking canonical billing workspace webhook은 forged body tenant와 무관하게 200 ACK하고 mutable 처리를 0회 유지한다 (0.207666ms)
✔ erased canonical billing workspace webhook은 forged body tenant와 무관하게 200 ACK하고 mutable 처리를 0회 유지한다 (0.104208ms)
✔ billing store 기본 pool 역할은 required scope에 따라 분리된다 (1.228875ms)
✔ tenant billing store는 각 workspace 요청을 SET LOCAL과 같은 transaction에 묶는다 (1.572917ms)
✔ tenant billing store는 workspace 없는 webhook/reconcile 조회를 fail-closed 거부한다 (0.5115ms)
✔ billing settlement 상태 전이는 provider replay가 terminal 상태를 되돌리지 못하게 제한한다 (0.171208ms)
✔ external Idempotency-Key replay for retryPastDue returns the same payment attempt and never advances to the next retry (5.034959ms)
✔ PAYMENT_STATUS_CHANGED is an untrusted notification: paymentKey/order fingerprint mismatch is ignored after Toss Query reconciliation (0.358708ms)
✔ PAYMENT_STATUS_CHANGED는 Toss Query로 검증할 수 없으면 body의 DONE만으로 정산하지 않는다 (1.161334ms)
✔ PAYMENT_STATUS_CHANGED reconciliation은 Toss query-only이며 새 billing key·charge를 만들지 않는다 (0.347125ms)
✔ webhook canonical workspace는 untrusted event가 아니라 local payment/order lookup으로 결정한다 (0.173791ms)
✔ BILLING_DELETED resolves tenant by billing key fingerprint and disables the server-known payment method (0.245416ms)
✔ production origin에서 유효한 session을 보내면 별도의 CSRF cookie 없이 billing 인증을 통과한다 (180.349375ms)
▶ billing 상태 변경은 신뢰할 수 없는 Origin과 Host를 DB 조회 전에 거부한다
  ✔ cross-origin (1.334292ms)
  ✔ missing origin (0.466583ms)
  ✔ host mismatch (10.182083ms)
✔ billing 상태 변경은 신뢰할 수 없는 Origin과 Host를 DB 조회 전에 거부한다 (13.854875ms)
▶ 중복·형식 오류·과대 session cookie는 DB 조회 전 UNAUTHENTICATED로 거부한다
  ✔ duplicate (0.866292ms)
  ✔ malformed encoding (0.247875ms)
  ✔ invalid characters (0.207542ms)
  ✔ too long (0.401ms)
✔ 중복·형식 오류·과대 session cookie는 DB 조회 전 UNAUTHENTICATED로 거부한다 (3.6025ms)
✔ 비활성 사용자의 유효한 session은 UNAUTHENTICATED로 거부한다 (4.460416ms)
✔ checkout identity는 인증된 workspace의 서버 고정 customerKey만 반환한다 (67.3515ms)
✔ 빌링 인증 직후 49,000원 첫 결제가 성공해야만 active가 된다 (116.829ms)
✔ 승인 응답 후 로컬 commit이 한 번 실패하면 orderId Query API로 대사한다 (160.9585ms)
✔ 타임아웃 후에는 재청구하지 않고 Query API의 DONE으로 회복한다 (91.57375ms)
✔ 명시적 결제 실패는 past_due와 7일 grace를 남긴다 (70.656875ms)
✔ 같은 callback replay는 같은 멱등키를 쓰고 중복 청구하지 않는다 (53.461125ms)
✔ 결제수단 교체는 past_due의 미납 기간을 즉시 다음 시도로 재청구한다 (102.193917ms)
✔ 웹훅 replay와 역순 이벤트는 모두 Query API 현재 상태로 수렴한다 (51.045542ms)
✔ 취소는 현재 결제기간 끝으로 예약하고 일할환불을 만들지 않는다 (74.469625ms)
✔ 빌링키 발급에 공식 v1 서버 API, Basic auth, 필수 Idempotency-Key를 사용한다 (113.980083ms)
✔ 자동결제 승인은 49,000원·고정 주문번호·멱등키를 전달한다 (2.851083ms)
✔ 빈 Idempotency-Key를 외부 호출 전에 거부한다 (13.583916ms)
✔ 타임아웃은 성공 여부가 모호한 재조회 대상 오류로 구분한다 (0.614875ms)
✔ Query API로 orderId의 권위 있는 결제 상태를 읽는다 (0.726125ms)
✔ 로그에 Basic auth·authKey·billingKey·customerKey·paymentKey를 노출하지 않는다 (0.971458ms)
✔ rank와 AIO의 동일 normalized query를 1회 호출하고 최고 순위와 인용을 저장한다 (26.644458ms)
✔ 등록 도메인과 하위 도메인이 top100에 없으면 >100을 null과 명시 플래그로 보존한다 (5.953459ms)
✔ partial organic coverage는 >100 관측을 쓰지 않고 known retryable로 재시도한다 (0.43975ms)
✔ AIO 증거 미제공은 unknown, 명시적 미출현과 검증 인용 미일치는 absent로 저장한다 (0.873917ms)
✔ 완료된 provider call replay는 외부 호출 없이 저장을 복구한다 (1.698166ms)
✔ in_doubt provider call은 중복 외부 호출 없이 retryable로 보류한다 (0.261792ms)
✔ 요청 단위 provider call/billable unit 상한을 예약 전에 차단한다 (0.188042ms)
✔ workspace/site/query 복합 경계가 어긋나면 provider 예약 전에 차단한다 (0.152375ms)
✔ 경로가 섞인 비정규 site domain은 provider 예약 전에 거부한다 (0.185084ms)
✔ TalorData rate limit은 provider call을 실패 처리하고 worker retryable로 반환한다 (8.819416ms)
✔ TalorData timeout은 provider call을 outcome unknown으로 보존한다 (1.708125ms)
✔ 빈 normalized query와 중복 trackedQueryId를 provider 예약 전에 거부한다 (0.307333ms)
✔ 등록 도메인이 www 하위 도메인이면 상위 apex 결과를 순위로 오인하지 않는다 (1.13875ms)
✔ 동일 관측 시각 재실행은 rank/AIO 행을 늘리지 않고 인용을 원자적으로 교체한다 (5257.791542ms)
✔ upsert conflict 경로도 다른 workspace의 site/query/provider call을 혼합하지 못한다 (16.046584ms)
✔ 같은 workspace라도 TalorData Google succeeded call이 아니면 관측값에 연결하지 않는다 (5.485833ms)
✔ pg Pool source는 하나의 leased client에서 BEGIN, RLS 설정, 쓰기, COMMIT을 끝내고 release한다 (0.458958ms)
✔ leased client의 경계 검증 실패는 같은 client에서 rollback 후 반드시 release한다 (0.206375ms)
✔ query는 property를 URL 인코딩하고 bearer 인증과 기간·dimension·rowLimit을 전송해 엄격한 행으로 정규화한다 (91.343625ms)
✔ query는 잘못된 date dimension fixture를 거부하고 provider 원문을 오류에 포함하지 않는다 (3.306416ms)
✔ collector는 14일 date aggregate와 current top query/page를 수집하고 stable key로 멱등 upsert한다 (124.753459ms)
✔ collector는 한 provider 호출 실패 시 성공 행만 저장하고 원문 없는 partial provenance를 반환한다 (28.40475ms)
✔ target loader는 Pool에서 client를 acquire해 BEGIN/SET LOCAL/SELECT/COMMIT을 같은 연결에서 수행한다 (2.568208ms)
✔ target loader는 DB 장애를 UPSTREAM으로 정규화하고 rollback 후 release한다 (2.688125ms)
✔ observation store도 PoolClient 하나에 tenant context와 upsert를 고정하고 release한다 (0.423208ms)
✔ 월요일 08:00 KST 실행은 PT 이전 목요일까지의 7일과 직전 7일을 계산한다 (49.494ms)
✔ 미국 DST 시작·종료 주에도 PT 달력 기준으로 정확히 7일을 유지한다 (0.417125ms)
✔ 일요일에서 월요일로 넘어가는 KST 경계는 아직 같은 PT 일요일이므로 기간을 앞당기지 않는다 (0.284375ms)
✔ handler는 세 provider call을 안정 키로 예약하고 providerCallId를 collector·success에 연결한다 (188.906459ms)
✔ handler는 replay를 재호출하지 않고 execute operation만 collector에 전달한다 (1.293542ms)
✔ handler는 모든 reservation이 replay면 collector 외부 호출 없이 성공 처리한다 (1.3245ms)
✔ replay provenance에 원 수집시각이 없으면 성공으로 위장하지 않는다 (1.887125ms)
✔ handler는 partial 결과의 성공 call을 확정하고 retryable call을 실패 기록 후 재시도한다 (1.887125ms)
✔ handler는 in_doubt를 재호출하지 않고 retryable로 분류하며 마지막 시도에는 dead로 보낸다 (2.206083ms)
✔ 후속 reserve 예외는 앞서 execute 예약된 provider call을 실패 처리해 예약 누수를 남기지 않는다 (3.607667ms)
✔ provider 호출 뒤 collector throw는 reservation을 fail하지 않아 재시도 외부 호출을 in_doubt로 차단한다 (2.746541ms)
✔ provider 호출 전 target/token access 실패는 execute reservation을 안전하게 fail한다 (1.779125ms)
✔ handler는 payload와 context workspace 불일치를 provider 예약 전에 dead로 거부한다 (0.57475ms)
✔ production wrapper는 job 전체에서 전용 worker client 하나를 collector factory에 전달하고 release한다 (2.596125ms)
✔ production GSC 체인은 target·token rotation·공식 HTTP·observation을 동일 pinned physical client에서 처리한다 (478.749959ms)
✔ pinned physical GSC chain은 observation 실패를 rollback하고 release하며 호출 결과를 in_doubt로 보존한다 (300.659583ms)
✔ 501개 관측값은 한 tenant transaction에서 250개 이하 3개 bind-parameter batch로 upsert한다 (3.849917ms)
✔ 동일 workspace/binding/date/dimension은 한 행으로 upsert되고 provenance와 최신 metrics를 유지한다 (4719.407084ms)
✔ target loader는 workspace/site/binding/connection을 하나로 고정하고 다른 workspace binding을 숨긴다 (4514.681334ms)
✔ token broker는 5분 이내 만료 token을 refresh하고 access/refresh rotation을 암호화 저장한다 (14.897084ms)
✔ token broker는 다른 workspace connection을 NOT_FOUND로 처리하고 refresh하지 않는다 (1.925958ms)
✔ token broker는 token 저장소 장애를 안전한 UPSTREAM 오류로 정규화한다 (0.383167ms)
✔ token refresh 성공 뒤 rotation 저장 실패도 UPSTREAM으로 분류한다 (0.753125ms)
✔ 모든 source의 provenance와 qualifier를 보존해 안정 키로 idempotent upsert한다 (4.967958ms)
✔ call budget을 넘는 source는 provider를 호출하지 않고 나머지는 계속 수집한다 (0.394375ms)
✔ 429는 retryable이며 source 하나의 실패가 다른 source 수집과 upsert를 막지 않는다 (0.494542ms)
✔ source reservation의 providerCallId를 저장 계약까지 전달한다 (0.228166ms)
✔ 직접 collector 호출도 비정상 달력 날짜와 비정규 timestamp를 provider 전에 거부한다 (0.459125ms)
✔ payload와 context workspace가 다르면 provider/reservation/store 전에 dead 처리한다 (13.222542ms)
✔ job ID와 attempt/maxAttempts가 lease context와 다르면 provider 전에 dead 처리한다 (0.2745ms)
✔ 잘못된 날짜/기간/budget/식별자는 reservation 전에 payload invalid로 종료한다 (0.354041ms)
✔ source별 execute/replay 예약을 적용하고 실행한 call만 확정한다 (1.199334ms)
✔ in_doubt 예약은 provider를 재호출하지 않고 안정 retryable로 분류한다 (0.424833ms)
✔ provider 실행 뒤 observation 저장 실패는 모든 call을 outcome_in_doubt로 감사한다 (0.589375ms)
✔ 후속 reserve 예외 전 확보한 execute reservation은 미실행 코드로 정리한다 (0.287958ms)
✔ 후속 in_doubt 전 확보한 execute reservation을 정리하되 불확실 call은 건드리지 않는다 (0.2245ms)
✔ 모든 source가 replay면 정규화 metadata만 복원하고 provider를 한 번도 호출하지 않는다 (0.463042ms)
✔ 429 실행 실패는 coordinator.fail 후 재시도하고 최대 시도에서는 dead 처리한다 (1.306292ms)
✔ DB 멱등 경계로 partial source를 보강하고 <10 qualifier/provenance를 보존한다 (4853.240208ms)
✔ Pool에서는 connect로 얻은 단일 client에서 BEGIN/SET LOCAL/upsert/COMMIT 후 release한다 (5.369792ms)
✔ Search Console sites.list는 공식 REST endpoint와 Bearer access token만 사용한다 (85.719541ms)
✔ 토큰 revoke는 공식 OAuth revoke endpoint에 form body로 전송하고 비밀값을 오류에 노출하지 않는다 (2.395667ms)
✔ 400 invalid_token만 이미 만료·revoke된 token의 멱등 성공으로 정규화한다 (16.57125ms)
✔ Google OAuth URL은 Search Console readonly 단일 scope와 offline refresh 계약만 요청한다 (3.820333ms)
✔ OAuth state는 32-byte random raw만 클라이언트에 주고 SHA-256 해시만 저장 대상으로 만든다 (2.168ms)
✔ GSC callback returnPath는 allowlisted relative path로만 제한한다 (0.87775ms)
✔ connect POST는 실제 auth guard에 CSRF와 owner/admin role을 요구하고 workspaceId body override를 거부한다 (84.995208ms)
✔ callback GET은 code/state와 현재 session principal을 service에 전달하고 raw token을 응답하지 않는다 (1.0625ms)
✔ callback은 privacy fence 안에서 persisted oauth_state workspace를 검증하고 token exchange 전에 거부한다 (0.719708ms)
✔ properties, bindings, disconnect는 인증된 workspace만 사용하고 connection/site ID를 body/header tenant로 덮어쓰지 않는다 (1.654458ms)
✔ account_created는 GSC read/write 직접 API 우회를 차단하고 service를 호출하지 않는다 (0.841875ms)
▶ blocking privacy fence는 tenant-adjacent delegate 전에 GSC API를 409로 막는다
  ✔ connect (0.51875ms)
  ✔ connections (0.220375ms)
  ✔ callback (0.249083ms)
  ✔ properties (0.220834ms)
  ✔ binding (0.364042ms)
  ✔ disconnect (0.251625ms)
✔ blocking privacy fence는 tenant-adjacent delegate 전에 GSC API를 409로 막는다 (2.45925ms)
▶ erased privacy fence는 tenant-adjacent delegate 전에 GSC API를 409로 막는다
  ✔ connect (0.321875ms)
  ✔ connections (0.150792ms)
  ✔ callback (0.171834ms)
  ✔ properties (0.169417ms)
  ✔ binding (0.270542ms)
  ✔ disconnect (0.1685ms)
✔ erased privacy fence는 tenant-adjacent delegate 전에 GSC API를 409로 막는다 (1.533458ms)
▶ privacy control missing privacy fence는 tenant-adjacent delegate 전에 GSC API를 409로 막는다
  ✔ connect (0.40075ms)
  ✔ connections (0.150625ms)
  ✔ callback (0.140041ms)
  ✔ properties (0.145458ms)
  ✔ binding (0.227542ms)
  ✔ disconnect (0.132625ms)
✔ privacy control missing privacy fence는 tenant-adjacent delegate 전에 GSC API를 409로 막는다 (1.4625ms)
✔ active privacy fence 안에서 GSC connection 목록 read-only API를 조회한다 (2.089042ms)
✔ startConnection은 raw 32-byte state를 반환하지만 DB에는 SHA-256 state와 label/returnPath만 저장한다 (5328.39625ms)
✔ callback은 state를 1회 소비하고 단일 readonly scope·refresh token을 암호화해 connection을 만든다 (66.515708ms)
✔ callback은 변조·만료 state와 추가 OAuth scope를 거부한다 (50.159166ms)
✔ refresh는 Google이 새 refresh_token을 반환하지 않으면 기존 refresh token을 보존하고 반환하면 rotation한다 (18.914625ms)
✔ properties 조회와 binding은 다른 workspace/site IDOR를 거부한다 (21.509834ms)
✔ bindProperty는 Google sites.list에 exact property URI가 없으면 저장 전에 NOT_FOUND로 거부한다 (8.459875ms)
✔ bindProperty는 Google sites.list timeout을 UPSTREAM으로 반환하고 저장하지 않는다 (6.331458ms)
✔ disconnect는 복호화한 refresh token을 Google revoke에 전달한 뒤 connection을 숨긴다 (12.089709ms)
✔ GSC store는 Pool transaction을 하나의 client에 고정하고 성공·실패 후 release한다 (8.486416ms)
✔ operation 오류는 rollback/release 실패보다 우선하며 cleanup은 끝까지 시도한다 (0.234458ms)
✔ commit/release 인프라 오류를 드러내면서 client release를 보장한다 (0.221375ms)
✔ OAuth state는 SHA-256만 저장하고 user/workspace에 바인딩된 10분 1회용 CAS로 소비된다 (6494.638625ms)
✔ GSC connection은 workspace별 다중 label을 허용하고 동일 workspace label 중복은 거부한다 (138.106167ms)
✔ property binding은 site와 connection의 workspace 복합 경계를 강제한다 (150.191458ms)
✔ liveness는 외부 의존성 없이 no-store 200을 반환한다 (78.135583ms)
✔ readiness는 PostgreSQL SELECT 1 성공 뒤에만 ready 200을 반환한다 (0.765875ms)
✔ readiness 실패는 DB 오류와 DSN을 숨긴 동일한 503만 반환한다 (8.743458ms)
✔ readiness는 제한 시간을 넘긴 DB 확인을 503으로 종료한다 (11.4065ms)
✔ GET /api/v1/insights/naver는 tenant site의 최신 NAVER observation과 source provenance만 반환한다 (6730.600292ms)
✔ GET /api/v1/insights/naver는 observedTo 범위 안의 최신 관측값만 선택한다 (7.412167ms)
✔ GET /api/v1/visibility/aio는 Google AIO presence와 citation provenance를 tenant 안에서 반환한다 (6.277ms)
✔ NAVER/AIO 읽기 API는 다른 workspace site를 404로 숨기고 past_due grace 직접 조회를 403으로 차단한다 (4.620834ms)
✔ NAVER/AIO 읽기 API는 siteId와 observation 범위를 검증하고 수동 refresh 입력을 받지 않는다 (3.830375ms)
✔ blocking/erased workspace는 NAVER/AIO read를 409로 차단하고 billing/provider delegate를 호출하지 않는다 (10.606583ms)
✔ connection helper는 아직 통합되지 않은 queue 모듈에 의존하지 않는다 (10.444667ms)
✔ job callback은 하나의 connected client를 쓰고 성공·실패 모두 release한다 (1.668458ms)
✔ worker transaction은 전용 connection에서 commit하고 오류면 rollback한 뒤 release한다 (0.333583ms)
✔ collector handler는 workspace/lease/provider-call 경계를 하나의 실행 context로 받는다 (58.830625ms)
✔ handler 결과 helper는 retry 시각과 DLQ 사유를 손실 없이 보존한다 (0.649834ms)
✔ 같은 provider idempotency를 경쟁 예약해도 한 worker만 execute하고 완료 뒤에는 metadata를 replay한다 (6444.880042ms)
✔ 잘못된 usage reservation으로 완료를 시도하면 provider call과 실제 reservation이 모두 원상태다 (3180.43825ms)
✔ idempotency 충돌은 provider call, usage reservation, audit를 하나도 추가하지 않는다 (4387.706292ms)
✔ 같은 workspace의 다른 provider call reservation으로 완료할 수 없다 (4102.466417ms)
✔ usage 전환 중 DB 오류가 발생하면 앞선 provider call 변경과 audit도 rollback한다 (3694.3595ms)
✔ usage reservation의 provider call 복합 FK는 cross-workspace 연결을 거부한다 (2945.768291ms)
✔ known retryable 실패는 다음 job attempt에서 정확히 한 번 다시 execute할 수 있다 (7537.331166ms)
✔ aged started와 outcome unknown은 자동 재실행하지 않고 명시적 reconciliation 뒤에만 execute한다 (7591.72725ms)
✔ 동일한 canonical enqueue replay와 claim은 workspace가 고정된 lease를 반환한다 (6602.554583ms)
✔ 동시 worker 중 하나만 claim하고 만료 뒤 재임대한 generation이 이전 worker를 fence한다 (3644.916667ms)
✔ retryable 작업은 backoff 뒤 재시도하고 max attempts와 crash expiry에서 DLQ로 간다 (4821.757125ms)
✔ 같은 idempotency key의 canonical 요청이 다르면 기존 job을 재사용하지 않는다 (4291.212667ms)
✔ RelKwdStat는 timestamp.method.path HMAC 서명과 공식 인증 헤더를 사용한다 (392.556417ms)
✔ 월간 검색수의 <10 qualifier를 보존하고 PPC 지표는 공개 결과에서 제거한다 (16.594458ms)
✔ count helper는 exact와 qualifier 합계를 범위로 반환한다 (3.725167ms)
✔ seed는 최대 5개이며 검증 실패 시 공급자를 호출하지 않는다 (1.018458ms)
✔ 429는 inline retry 없이 typed rate-limit 오류로 반환한다 (3.826125ms)
✔ Search Ads 자격 증명이 없으면 typed unavailable 오류를 반환한다 (0.228667ms)
✔ JSON 로그는 상관관계 필드를 고정하고 token, billing key, PII, DSN 비밀번호를 마스킹한다 (12.924042ms)
✔ 상관관계가 없는 로그도 requestId, workspaceId, jobId, provider를 null로 직렬화한다 (0.187041ms)
✔ 동시 relay 중 하나만 outbox를 claim하고 publish replay에도 job 하나만 남는다 (5357.347292ms)
✔ job insert 뒤 publish crash가 발생해도 transaction 전체가 rollback되고 같은 lease로 복구된다 (4229.275958ms)
✔ 만료된 마지막 outbox attempt는 명시적 DLQ가 되고 다시 claim되지 않는다 (4325.895458ms)
✔ job 생성 전 마지막 password reset relay lease가 만료되면 outbox 암호문을 scrub한다 (2616.086625ms)
✔ 기존 job과 canonical 요청이 충돌하면 outbox는 unpublished 상태를 유지한다 (3576.609084ms)
✔ production relay는 collection과 암호화 password reset topic을 canonical job으로 publish한다 (7983.85825ms)
✔ production relay는 report PDF·email outbox payload를 그대로 canonical jobs로 publish한다 (7093.673583ms)
✔ production relay는 blocking 또는 control 누락 outbox를 terminal suppression하고 job을 만들지 않는다 (6010.579333ms)
✔ production relay는 claim 직후 workspace가 erased로 전환되어도 publish 재검증으로 job을 만들지 않는다 (3525.32875ms)
✔ active workspace는 shared-operation 결과를 반환한다 (3.65275ms)
✔ blocking workspace는 operation을 실행하지 않고 typed conflict를 반환한다 (0.630292ms)
✔ erased workspace는 operation을 실행하지 않고 typed conflict를 반환한다 (0.110917ms)
✔ production adapter는 주입된 전용 pool의 PostgreSQL fence를 사용한다 (0.471416ms)
✔ active shared fence는 RLS transaction의 DB를 callback에 전달하고 unlock 뒤 session을 반환한다 (5.060458ms)
✔ blocking job은 delegate/provider를 0회 호출하고 terminal-success다 (0.603375ms)
✔ erased job은 delegate/provider를 0회 호출하고 terminal-success다 (0.23575ms)
✔ control row missing은 blocking-equivalent terminal skip으로 fail-closed다 (0.635834ms)
✔ unlock 검증 실패는 connection을 폐기해 advisory lock을 pool에 누출하지 않는다 (1.606875ms)
✔ multi-workspace shared fence는 한 session에서 정렬 잠금하고 blocking이면 identity delegate 0회다 (1.194333ms)
✔ erasure는 block commit→exclusive wait→external→local erase+erased+completed 단일 commit 순서다 (1.610334ms)
✔ external 실패는 local erase/erased/completed를 호출하지 않고 durable blocking을 유지한다 (2.197ms)
✔ 초대 수락 문서 identity는 승인 manifest의 documentVersion과 canonical subset SHA에서 도출된다 (73.185333ms)
✔ manifest 없는 production invite legal identity는 fail closed 한다 (0.338541ms)
✔ 초대 수락은 현재 승인 manifest의 version과 SHA가 정확히 일치해야 한다 (1.251916ms)
✔ active workspace operation은 fence가 제공한 pinned database에서 실행한다 (1.4185ms)
✔ blocking workspace operation은 delegate를 실행하지 않고 typed block을 반환한다 (0.669083ms)
✔ erased workspace operation은 delegate를 실행하지 않고 typed block을 반환한다 (0.398ms)
✔ guard DI 누락은 identity 실행 없이 fail-closed로 닫힌다 (0.770959ms)
✔ runtime operation guard는 dedicated web fence pool의 pinned transaction을 사용한다 (1.928375ms)
✔ runtime operation guard 생성은 첫 mutation 전까지 database 환경을 요구하지 않는다 (0.179417ms)
✔ GSC refresh token을 workspace/connection AAD로만 복호화해 Google revoke에 전달한다 (165.393083ms)
✔ object 영구 삭제와 email_suppressions 저장을 실제 adapter seam에 위임한다 (0.502834ms)
✔ provider와 DB 오류는 token, object key, recipient hash를 노출하지 않고 fail closed 한다 (0.493458ms)
✔ production processor는 필수 암호화/S3 설정이 하나라도 없으면 명확한 config 오류로 중단한다 (0.305125ms)
✔ retention processor는 APP_SECRET 없이 S3 version erasure만 구성한다 (141.419291ms)
✔ retention processor 설정 오류에는 APP_SECRET가 포함되지 않는다 (0.180084ms)
✔ production 조립은 Google 공식 revoke URL과 SigV4 version-list 경계를 사용한다 (197.731417ms)
✔ retention policy는 운영자가 주입한 명시 JSON만 허용하고 기본 기간을 코드에서 만들지 않는다 (3.154ms)
✔ privacy request DB 제약은 subject 요청과 workspace closure를 혼동하지 않는다 (6008.288291ms)
✔ DSAR export는 SQL JSON의 허용 필드 타입이 변조되면 공개 서비스 경계에서 거부한다 (1.383208ms)
✔ 운영자 DSAR export는 tenant 경계를 지키고 token/billing key 원문을 내보내지 않는다 (4845.416458ms)
✔ subject-bound DSAR export는 같은 workspace의 다른 멤버를 노출하지 않는다 (2842.087584ms)
✔ subject-bound correction은 승인된 subject만 변경하고 같은 workspace의 다른 멤버는 보존한다 (4050.851667ms)
✔ subject-bound 요청은 승인 subject와 실행 subject가 다르면 거부한다 (8041.415417ms)
✔ workspace deletion은 subject가 포함된 실행을 거부하고 workspace 자산을 보존한다 (7055.365083ms)
✔ subject erasure는 last owner가 아니면 대상 workspace 멤버십만 제거하고 다른 workspace 계정은 보존한다 (5843.728833ms)
✔ subject erasure는 local erase 전에 durable email suppression을 별도 commit으로 노출한다 (3641.0615ms)
✔ subject erasure는 last owner 삭제를 거부하고 ownership transfer나 workspace_deletion을 요구한다 (3421.106042ms)
✔ 삭제 workflow는 외부 processor 실패 시 local immutable report 삭제를 실행하지 않고 failed audit으로 닫는다 (2181.850625ms)
✔ 삭제 workflow 성공 시 GSC revoke·object delete 후 privacy erasure procedure로 immutable report와 workspace PII를 제거한다 (1661.69675ms)
✔ 삭제 재실행은 성공한 대상별 step을 건너뛰고 실패 지점부터 재개하며 local erasure를 중복 실행하지 않는다 (1393.848042ms)
✔ 삭제 서비스는 production processor가 없으면 외부/DB 삭제를 시작하지 않고 fail-closed한다 (1293.863166ms)
✔ retention dry-run은 만료 대상만 계산하고 apply에서 세션·초대·reset·oauth·queue·recipient·provider metadata를 정리한다 (1262.348125ms)
✔ retention apply는 backup restore로 되살아난 report object key를 매번 version purge한 뒤 DB retention을 수행한다 (959.739958ms)
✔ 공식 NAVER Open API URL/헤더와 Search Ads fixture를 허용 데이터로만 정규화한다 (197.132834ms)
✔ Open API 자격증명 누락과 429를 안전하고 안정적인 오류로 구분한다 (0.804125ms)
✔ 공식 응답 픽스처를 KR/ko/desktop/top100 AIO 결과로 변환한다 (112.773125ms)
✔ 공식 rate limit은 worker가 재시도할 수 있는 오류로 분류한다 (12.514333ms)
✔ 공식 timeout은 재시도 가능한 provider timeout으로 분류한다 (1.53825ms)
✔ worker abort signal을 HTTP 경계까지 전파하고 retryable aborted로 분류한다 (3.972125ms)
✔ 공식 code=400 collection pipeline 실패는 retryable provider로 분류한다 (2.710458ms)
✔ 공식 code=401 인증 실패는 재시도하지 않는 terminal로 분류한다 (2.972125ms)
✔ provider token은 명시적으로 주입해야 하며 process.env fallback을 사용하지 않는다 (21.204833ms)
▶ operational release gate
  ✔ requires the full paid-production launch gate set (47.498916ms)
  ✔ allows sandbox invites without an attestation manifest and marks them non-production (1.630458ms)
  ✔ fail-closes paid production invites when the manifest is missing (3.133334ms)
  ✔ rejects expired, stale-SHA, or incomplete paid production attestations atomically (0.89025ms)
  ✔ rejects placeholder booleans and requires evidence references for every production gate (0.261709ms)
  ✔ allows paid production only when every external approval, rehearsal, legal, and smoke gate is attested (0.1705ms)
✔ operational release gate (78.702ms)
✔ production branding route composition은 concrete privacy guard를 지연 생성한다 (6061.106125ms)
✔ member는 브랜딩을 읽을 수 있지만 쓰지 못하고 owner/admin만 same-origin PATCH할 수 있다 (154.238458ms)
✔ account_created는 브랜딩 GET/PATCH 직접 API 우회를 403으로 차단한다 (1.43275ms)
✔ blocking/erased workspace는 브랜딩 GET/PATCH를 409로 차단하고 저장을 남기지 않는다 (6.633792ms)
✔ 브랜딩 PATCH는 tenant override, 길이/색상, 위험 URL과 private DNS를 거부한다 (50.153208ms)
✔ 브랜딩 변경은 현재 workspace에만 반영되고 이미 생성된 report snapshot은 불변이다 (212.607416ms)
✔ PDF와 email jobs는 같은 report snapshot hash를 결과·audit에 기록하고 recipient PII는 남기지 않는다 (13.552875ms)
✔ 24시간 provider 멱등 창이 끝난 delivery는 중복 위험 없이 terminal 처리한다 (0.651208ms)
✔ Resend idempotency payload 충돌은 재시도하지 않고 terminal 처리한다 (0.250167ms)
✔ suppressed report email은 worker가 재시도하지 않고 terminal 처리한다 (0.199041ms)
✔ snapshot 생성은 PDF와 owner email delivery outbox를 자동·멱등 예약한다 (5428.277333ms)
✔ auth가 해석한 owner 수신자로 worker role도 users 접근 없이 delivery를 예약한다 (13.564583ms)
✔ Resend POST는 attachment와 snapshot header를 같은 256자 이하 idempotency key로 보낸다 (187.959792ms)
✔ Resend 오류 본문·API key·수신 PII는 예외에 노출하지 않는다 (1.973042ms)
✔ Resend 409는 idempotency 충돌 종류에 따라 terminal과 retryable을 구분한다 (1.243583ms)
✔ Resend transactional email은 attachment 없이 같은 provider idempotency 경계를 재사용한다 (1.389417ms)
✔ 인증 tenant의 PDF asset만 60초 signed URL로 반환하고 응답을 캐시하지 않는다 (102.611208ms)
✔ 다른 tenant session은 asset 존재 여부와 signed URL을 알 수 없다 (0.976209ms)
✔ past_due grace PDF는 tenant-loaded 실제 periodEnd가 현재기간 전일 때만 서명한다 (2.203291ms)
✔ blocking workspace PDF 접근은 report/billing/storage delegate를 0회 호출하고 409다 (1.414458ms)
✔ erased workspace PDF 접근은 report/billing/storage delegate를 0회 호출하고 409다 (17.912334ms)
✔ missing control workspace PDF 접근은 report/billing/storage delegate를 0회 호출하고 409다 (1.460041ms)
✔ active workspace PDF signed URL 생성이 끝날 때까지 shared privacy fence를 유지한다 (0.782125ms)
✔ worker registry는 PDF와 email handler를 고정 job type으로 자동 연결한다 (2.322291ms)
✔ Resend 수락 직후 crash가 나도 retry/duplicate는 같은 snapshot과 idempotency key로 이메일 1건만 만든다 (6944.655834ms)
✔ PDF access store는 snapshot client period와 별도로 실제 weekly_reports.period_end를 반환한다 (8584.675791ms)
✔ provider가 idempotency payload를 거부하면 terminal 상태를 보존한다 (6322.094166ms)
✔ Resend 24시간 멱등 보장 창이 끝난 in-doubt delivery는 재발송해 중복을 만들지 않는다 (4322.118833ms)
✔ object PUT 성공 뒤 DB crash가 나도 immutable snapshot identity로 기존 PDF를 복구한다 (4182.885542ms)
✔ 복구된 legacy report email job도 suppression을 provider 호출 직전 확인하고 terminal 처리한다 (1.908875ms)
✔ report email은 subject suppression이 초기 확인 뒤 들어오면 provider와 S3를 호출하지 않는다 (1.036208ms)
✔ report suppression은 normalized email full SHA-256와 tenant transaction으로만 조회한다 (12.558666ms)
✔ report email delivery fence는 recipient shared lock 뒤 suppression을 재확인하고 provider 작업 commit 전까지 같은 connection을 pin한다 (3.588208ms)
✔ report.snapshot 작업은 월요일 08:00 KST 전이면 정확한 snapshot 시각까지 retry한다 (79.984875ms)
✔ report.snapshot 작업은 기존 job 계약으로 멱등 생성기를 호출한다 (1.662875ms)
✔ report.snapshot 작업은 잘못된 payload와 workspace 경계를 terminal로 거부한다 (1.370625ms)
✔ 동일 snapshot HTML은 한글·partial·빈 데이터를 표현하고 비밀값과 HTML을 안전하게 처리한다 (71.758708ms)
✔ 깨진 로고와 허용량을 넘는 로고는 대체 표시로 안전하게 복구한다 (69.146334ms)
✔ 큰 픽셀 치수의 정상 로고는 PDF 안전 크기 PNG data URI로 고정한다 (133.0065ms)
✔ DNS가 private 주소로 해석되는 로고 호스트는 네트워크 요청 전에 거부한다 (3.661458ms)
✔ 압축된 IPv4-mapped IPv6 private 주소는 로고 요청 전에 거부한다 (0.82125ms)
✔ 실제 Chromium은 Noto Sans KR로 장문·빈·partial·깨진 로고 snapshot을 다중 페이지 PDF로 만든다 (7282.424542ms)
✔ snapshot은 rank/AIO/NAVER/GSC를 한 객체로 동결하고 누락 provider를 수집 시각과 함께 partial로 남긴다 (11490.392709ms)
✔ 같은 site+period 재생성은 같은 report를 반환하며 이후 workspace 브랜딩을 소급 반영하지 않는다 (624.134041ms)
✔ snapshot 준비 후 내용과 section은 DB에서도 봉인되며 delivered report는 삭제할 수 없다 (96.608917ms)
✔ GET reports API는 session workspace envelope만 반환하고 다른 tenant report IDOR를 404로 숨긴다 (399.541083ms)
✔ past_due grace report 목록은 SQL/pagination에서 현재 기간을 제외하고 실제 과거 detail만 허용한다 (229.022458ms)
✔ billing-only report detail은 tenant 실제 report를 먼저 load해 외부 ID는 404로 숨긴다 (81.45875ms)
✔ past_due scope에 실제 currentPeriodStart cutoff가 없으면 report 목록을 fail-closed 차단한다 (39.989417ms)
✔ blocking workspace report 목록은 report DB와 billing delegate를 호출하지 않고 409다 (1.297666ms)
✔ erased workspace report 상세는 report DB와 billing delegate를 호출하지 않고 409다 (0.746375ms)
✔ privacy control row 누락은 실제 fence에서 report DB/billing delegate 0회로 fail-closed한다 (1.055583ms)
✔ KST 월요일 주기는 일요일 18시 수집, 월요일 07시 마감, 08시 snapshot으로 고정된다 (63.763583ms)
✔ GSC mature window는 PT DST 시작일에도 이전 목요일 포함 7일과 직전 7일을 유지한다 (1.42275ms)
✔ 수집 retry는 월요일 07:00 KST 이전에만 예약된다 (0.423208ms)
✔ report snapshot 실행은 KST 월요일의 cycleMonday를 지연 재실행에도 유지한다 (1.463458ms)
✔ report snapshot 실행은 KST 월요일이 아닌 시각을 거부한다 (3.410667ms)
✔ 사이트 도메인은 URL 또는 bare IDNA domain을 canonical ASCII host로 정규화한다 (118.374417ms)
✔ 사이트 도메인은 경로, 자격 증명, 포트, IP와 내부용 host를 거부한다 (8.86175ms)
✔ 공개 IP 판정은 private, loopback, link-local, documentation 대역을 차단한다 (1.076167ms)
✔ 등록 안전성 검사는 DNS 결과가 없거나 하나라도 비공개 주소이면 거부한다 (0.522791ms)
✔ listSites also runs inside a transaction-local app.workspace_id for semforge_web RLS (4.038ms)
{"timestamp":"2026-08-12T15:18:29.344Z","level":"error","service":"web","message":"api.internal_error","requestId":"ec1bac99-82f9-4f88-a3d2-9708366a715d","workspaceId":null,"jobId":null,"provider":null,"method":"GET","route":"/api/v1/sites","code":"INTERNAL"}
{"timestamp":"2026-08-12T15:18:29.345Z","level":"error","service":"web","message":"api.internal_error","requestId":"39af071a-456b-4f34-8719-46e2f9465f03","workspaceId":null,"jobId":null,"provider":null,"method":"POST","route":"/api/v1/sites","code":"INTERNAL"}
✔ production site/tracking route composition은 concrete privacy guard를 지연 생성한다 (8074.149666ms)
✔ account_created는 sites/tracking read와 write 직접 API 우회를 403 envelope로 차단한다 (151.083667ms)
✔ POST /api/v1/sites는 Idempotency-Key를 요구하고 생성 결과를 envelope로 반환한다 (49.88775ms)
✔ GET /api/v1/sites는 cursor 페이지를 workspace 내부로만 반환한다 (6.589167ms)
✔ privacy operation DI 누락은 read/write 모두 fail-closed로 막는다 (37.083583ms)
✔ blocking/erased workspace read/write는 사이트·tracking 저장과 outbox 없이 409로 차단된다 (66.370042ms)
✔ PATCH /api/v1/sites/[siteId]와 /tracking/[trackingId]는 다른 workspace IDOR를 NOT_FOUND로 막는다 (47.128375ms)
✔ GET /api/v1/sites/[siteId]는 비활성 tracking까지 포함한 현재 상태와 활성 GSC binding만 tenant 내에 반환한다 (144.925375ms)
✔ createSite는 canonical domain, idempotency, outbox, cursor list를 실제 PostgreSQL에 반영한다 (7648.377583ms)
✔ createSite는 duplicate, site 3개 제한, DNS SSRF, RLS/IDOR를 차단한다 (123.371916ms)
✔ disableSite와 reactivateSite는 workspace 경계와 outbox idempotency를 지킨다 (149.952ms)
✔ createTrackedQuery는 normalized duplicate, rank20/aio20 제한, 고정 수집 설정과 outbox를 보장한다 (880.695917ms)
﹣ versioned MinIO에서 workspace 전체 version/delete-marker를 crash-safe하게 영구 삭제한다 (1.234625ms) # scripts/test-s3-versioning.sh로 로컬 MinIO를 시작해야 합니다
✔ private PUT은 checksum·서버 암호화·If-None-Match를 서명하고 public ACL을 만들지 않는다 (698.560625ms)
✔ 동일 key가 이미 있으면 metadata checksum을 검증하고 덮어쓰지 않는다 (3.176958ms)
✔ signed GET URL은 최대 15분의 짧은 TTL과 고정 만료 시각을 갖고 secret을 노출하지 않는다 (1.439375ms)
✔ versioned object eraser는 exact key의 version과 delete marker를 모든 page에서 영구 삭제한다 (52.181792ms)
✔ workspace eraser는 여러 page의 DB orphan·version·delete marker를 canonical prefix로 영구 삭제한다 (7.938625ms)
✔ workspace eraser는 malicious workspace/prefix 입력을 요청 전에 거부한다 (0.90275ms)
✔ workspace 목록이 다른 workspace key를 섞으면 아무것도 삭제하지 않고 fail closed 한다 (1.656917ms)
✔ workspace final-empty 검증은 지연 노출된 orphan을 다시 찾아 삭제한다 (1.419375ms)
✔ 첫 삭제 중 restore로 새 version이 생기면 final empty 확인에서 찾아 같은 호출로 제거한다 (8.8725ms)
✔ 매 삭제 후 새 version이 계속 생기면 bounded purge 한도 뒤 fail closed 한다 (28.365458ms)
✔ version 목록 404와 빈 목록 및 version DELETE 404는 멱등 성공이다 (27.3125ms)
✔ 신뢰할 수 없는 version 목록은 어떤 version도 삭제하지 않고 fail closed 한다 (21.133667ms)
✔ opaque version id의 공백은 보존하고 trailing-space 이웃 key는 삭제하지 않는다 (1.58875ms)
✔ pagination continuation 404는 불완전 열거로 fail closed 하고 앞 page도 삭제하지 않는다 (4.893708ms)
✔ version 목록·삭제 provider 오류는 비밀값과 object key를 예외에 노출하지 않는다 (17.974917ms)
✔ version list와 version DELETE의 percent encoding 및 SigV4는 고정 fixture와 일치한다 (1.364792ms)
✔ 공식 POST/form 요청 계약과 Bearer 인증을 사용한다 (186.00525ms)
✔ 일시적인 Collection failed 응답 뒤 성공하면 재시도 결과를 반환한다 (7.81925ms)
✔ 인증 실패는 재시도하지 않고 즉시 토큰 오류로 반환한다 (0.77175ms)
✔ 수집 엔진 실패가 계속되면 횟수와 원인을 포함한 안전한 오류를 반환한다 (1.307334ms)
✔ AIO 키 미존재와 명시적 부재를 구분하고 우선 키의 false를 보존한다 (2.700333ms)
✔ AIO 본문은 있지만 검증 가능한 인용 URL이 없으면 인용 확인 불가로 보존한다 (1.142875ms)
✔ worker abort는 client 내부 재시도나 backoff를 만들지 않고 즉시 전파한다 (2.648375ms)
✔ 공식 data.result 봉투를 풀고 AIO 요청을 명시하여 하나의 SERP로 반환한다 (0.565708ms)
✔ 공식 code=400 파라미터 오류는 재시도하지 않는다 (0.345583ms)
✔ TalorData 공개 API는 Google organic과 AIO 수집 표면만 노출한다 (4.61125ms)
✔ billing gate는 허용된 collection만 provider handler로 전달한다 (89.186167ms)
✔ billing gate는 past_due collection과 report.snapshot을 provider/generator 호출 없이 terminal-success skip한다 (2.790667ms)
✔ billing gate는 손상된 날짜와 알 수 없는 subscription status를 fail-closed skip한다 (1.421875ms)
✔ production worker는 collection과 snapshot·PDF·email report jobs를 모두 등록한다 (2.529791ms)
✔ production relay는 password reset outbox를 같은 이름의 worker job으로 전달한다 (0.198667ms)
✔ 두 runtime이 경쟁해도 handler는 한 번만 실행되고 workspace audit과 succeeded가 남는다 (5000.858709ms)
✔ shutdown은 새 claim을 중단하고 grace 안에 끝난 handler는 성공시키며 다음 job은 queued로 둔다 (2637.022708ms)
✔ grace를 넘긴 handler는 abort되어 retryable로 복구되고 다음 runtime이 성공시킨다 (1602.203291ms)
✔ 등록되지 않은 job type은 실행하지 않고 즉시 DLQ로 보낸다 (1368.386458ms)
✔ privacy execution scope는 blocking job의 handler를 건너뛰고 queue terminal finalization까지 lock 안에 둔다 (1170.572708ms)
✔ handler context는 고정 workspace의 audit, providerCalls, clock과 lease를 연결한다 (1385.3675ms)
✔ heartbeat가 lease fence를 잃으면 handler signal을 abort하고 stale 완료를 기록하지 않는다 (991.917125ms)
✔ retryable 결과는 지수 backoff를 적용하고 maxAttempts에서는 dead가 된다 (755.178917ms)
✔ shutdown은 여러 inflight를 grace 동안 함께 완료하고 미claim 작업을 남긴다 (730.495042ms)
✔ crashed worker의 만료 lease를 다음 runtime이 회수해 성공시킨다 (644.870708ms)
✔ 실제 runtime은 TalorData 429를 known retryable로 보존하고 다음 attempt에서 성공한다 (702.370375ms)
✔ scheduler는 DB의 active site/query/binding만 canonical payload로 outbox에 멱등 예약한다 (4818.140792ms)
✔ report scheduler는 KST cycleMonday와 active site로 snapshot outbox를 지연 재실행에도 한 건만 예약한다 (66.416167ms)
✔ scheduler는 active 또는 아직 만료되지 않은 cancel_at_period_end workspace만 예약한다 (74.973042ms)
✔ scheduler는 blocking/erased/control 누락 workspace와 erased 전환 뒤 신규 작업을 예약하지 않는다 (365.596333ms)
✔ report scheduler는 후보 조회 직후 blocking 전환도 workspace별 insert fence에서 차단한다 (55.407208ms)
ℹ tests 743
ℹ suites 4
ℹ pass 742
ℹ fail 0
ℹ cancelled 0
ℹ skipped 1
ℹ todo 0
ℹ duration_ms 86380.461584

endedAt=2026-08-12T15:18:48.060Z
exitCode=0
signal=null
