✖ release gate는 CI에서 호출 가능한 단일 npm entrypoint로 고정된다 (42.955792ms)
✖ release gate runner는 필수 검증 단계와 evidence 산출물을 선언한다 (0.279ms)
✖ route/forbidden-surface와 3파트너 9사이트 harness는 직접 실행 가능한 npm entrypoint다 (0.551333ms)
✖ GitHub Actions workflow는 Node 24, PostgreSQL 16, Chromium을 release gate에 공급한다 (0.137708ms)
ℹ tests 4
ℹ suites 0
ℹ pass 0
ℹ fail 4
ℹ cancelled 0
ℹ skipped 0
ℹ todo 0
ℹ duration_ms 1139.60525

✖ failing tests:

test at scripts/ci/release-gate.contract.test.ts:2:1261
✖ release gate는 CI에서 호출 가능한 단일 npm entrypoint로 고정된다 (42.955792ms)
  AssertionError [ERR_ASSERTION]: Expected values to be strictly equal:
  + actual - expected
  
  + undefined
  - 'node scripts/ci/run-release-gate.mjs'
  
      at TestContext.<anonymous> (/Users/user01/Music/SEMForge-worktrees/phase-5-ci/semforge/scripts/ci/release-gate.contract.test.ts:18:10)
      at Test.runInAsyncScope (node:async_hooks:213:14)
      at Test.run (node:internal/test_runner/test:1095:25)
      at Test.start (node:internal/test_runner/test:992:17)
      at startSubtestAfterBootstrap (node:internal/test_runner/harness:358:17) {
    generatedMessage: true,
    code: 'ERR_ASSERTION',
    actual: undefined,
    expected: 'node scripts/ci/run-release-gate.mjs',
    operator: 'strictEqual',
    diff: 'simple'
  }

test at scripts/ci/release-gate.contract.test.ts:2:1724
✖ release gate runner는 필수 검증 단계와 evidence 산출물을 선언한다 (0.279ms)
  Error: ENOENT: no such file or directory, open '/Users/user01/Music/SEMForge-worktrees/phase-5-ci/semforge/scripts/ci/run-release-gate.mjs'
      at Object.readFileSync (node:fs:435:20)
      at read (/Users/user01/Music/SEMForge-worktrees/phase-5-ci/semforge/scripts/ci/release-gate.contract.test.ts:12:13)
      at TestContext.<anonymous> (/Users/user01/Music/SEMForge-worktrees/phase-5-ci/semforge/scripts/ci/release-gate.contract.test.ts:23:18)
      at Test.runInAsyncScope (node:async_hooks:213:14)
      at Test.run (node:internal/test_runner/test:1095:25)
      at Test.processPendingSubtests (node:internal/test_runner/test:777:18)
      at Test.postRun (node:internal/test_runner/test:1224:19)
      at Test.run (node:internal/test_runner/test:1152:12)
      at async startSubtestAfterBootstrap (node:internal/test_runner/harness:358:3) {
    errno: -2,
    code: 'ENOENT',
    syscall: 'open',
    path: '/Users/user01/Music/SEMForge-worktrees/phase-5-ci/semforge/scripts/ci/run-release-gate.mjs'
  }

test at scripts/ci/release-gate.contract.test.ts:2:2324
✖ route/forbidden-surface와 3파트너 9사이트 harness는 직접 실행 가능한 npm entrypoint다 (0.551333ms)
  AssertionError [ERR_ASSERTION]: Expected values to be strictly equal:
  + actual - expected
  
  + undefined
  - 'node scripts/ci/route-manifest.mjs'
  
      at TestContext.<anonymous> (/Users/user01/Music/SEMForge-worktrees/phase-5-ci/semforge/scripts/ci/release-gate.contract.test.ts:48:10)
      at Test.runInAsyncScope (node:async_hooks:213:14)
      at Test.run (node:internal/test_runner/test:1095:25)
      at Test.processPendingSubtests (node:internal/test_runner/test:777:18)
      at Test.postRun (node:internal/test_runner/test:1224:19)
      at Test.run (node:internal/test_runner/test:1152:12)
      at async Test.processPendingSubtests (node:internal/test_runner/test:777:7) {
    generatedMessage: true,
    code: 'ERR_ASSERTION',
    actual: undefined,
    expected: 'node scripts/ci/route-manifest.mjs',
    operator: 'strictEqual',
    diff: 'simple'
  }

test at scripts/ci/release-gate.contract.test.ts:2:3320
✖ GitHub Actions workflow는 Node 24, PostgreSQL 16, Chromium을 release gate에 공급한다 (0.137708ms)
  Error: ENOENT: no such file or directory, open '/Users/user01/Music/SEMForge-worktrees/phase-5-ci/semforge/.github/workflows/release-gate.yml'
      at Object.readFileSync (node:fs:435:20)
      at read (/Users/user01/Music/SEMForge-worktrees/phase-5-ci/semforge/scripts/ci/release-gate.contract.test.ts:12:13)
      at TestContext.<anonymous> (/Users/user01/Music/SEMForge-worktrees/phase-5-ci/semforge/scripts/ci/release-gate.contract.test.ts:57:20)
      at Test.runInAsyncScope (node:async_hooks:213:14)
      at Test.run (node:internal/test_runner/test:1095:25)
      at Test.processPendingSubtests (node:internal/test_runner/test:777:18)
      at Test.postRun (node:internal/test_runner/test:1224:19)
      at Test.run (node:internal/test_runner/test:1152:12)
      at async Test.processPendingSubtests (node:internal/test_runner/test:777:7) {
    errno: -2,
    code: 'ENOENT',
    syscall: 'open',
    path: '/Users/user01/Music/SEMForge-worktrees/phase-5-ci/semforge/.github/workflows/release-gate.yml'
  }
