
> semforge@0.1.0 verify
> npm run lint && npm run typecheck && npm run test


> semforge@0.1.0 lint
> eslint


> semforge@0.1.0 typecheck
> tsc --noEmit


> semforge@0.1.0 test
> tsx --test "src/**/*.test.ts" "src/**/*.test.tsx" "scripts/**/*.test.ts"

▶ invite CLI argument parsing
  ✔ normalizes the required email and workspace name (2.219416ms)
  ✔ rejects missing, malformed, duplicate, and unsupported arguments (0.397416ms)
✔ invite CLI argument parsing (3.275709ms)
▶ invite CLI execution
  ✔ calls the auth service before printing its raw token exactly once (1.227541ms)
  ✔ returns a nonzero code without leaking database errors or printing a token (0.320416ms)
  ✔ rejects a malformed service token without writing any stdout (0.203958ms)
  ✔ rejects an invite that expires more than seven days after verification (0.190334ms)
  ✔ requests only the operator database role in the production wiring (0.327042ms)
  ✔ hard-fails without OPERATOR_DATABASE_URL (1.930875ms)
  ✔ rejects an existing-workspace invite before calling the service (0.184583ms)
✔ invite CLI execution (4.7145ms)
✔ 공개 홈은 주간 검색 가시성 제품과 초대 전용 베타를 설명한다 (121.983291ms)
✔ 로그인 페이지는 데모 계정 없이 인증 폼을 제공한다 (11.565375ms)
✔ 앱 개요는 수집 전 상태와 설정 순서를 정직하게 안내한다 (12.765208ms)
✔ 사이트와 리포트 화면은 승인된 v1 API 경계만 사용한다 (20.702208ms)
✔ BrandMark는 독립 SEMForge 이름과 주간 가시성 메시지만 제공한다 (8.065ms)
✔ AppShell은 허용된 핵심 앱 탐색과 모바일 탐색을 접근 가능하게 렌더링한다 (7.416625ms)
✔ StatusPanel은 loading, error, empty, partial 상태를 숫자 조작 없이 구분한다 (1.502292ms)
✔ ProductLimitSummary는 유료 베타의 실제 한도를 고정해 설명한다 (0.848125ms)
✔ AuthForm은 인증 종류별 실제 API 경계를 form에 노출한다 (13.317625ms)
✔ 인증 payload는 식별자 공백만 정리하고 비밀번호 원문은 보존한다 (74.031959ms)
✔ API envelope 분류는 빈 데이터와 일부 데이터를 구분한다 (1.337709ms)
✔ DataEndpointBoundary는 실제 v1 endpoint를 로딩 상태에 표시한다 (0.755375ms)
✔ API 경계는 성공 상태의 비 JSON 응답을 빈 데이터로 오인하지 않는다 (2.358ms)
✔ WorkspaceSettingsForm은 워크스페이스 설정 API와 브랜드 입력을 연결한다 (0.932959ms)
✔ Node 24와 TypeScript·TSX 테스트 파일을 모두 실행하는 기본 계약을 고정한다 (1.515208ms)
✔ 삭제된 레거시 기능을 가리키는 실행 스크립트가 없다 (1.037ms)
✔ 삭제된 레거시 UI 전용 런타임 패키지가 없다 (0.109541ms)
✔ 핵심 웹·PostgreSQL·PDF 자산 의존성은 유지한다 (0.090084ms)
✔ 발견된 App Router 페이지는 제품 페이지 허용 목록 안에만 존재한다 (24.4395ms)
✔ 발견된 Route Handler는 v1 제품 API와 health 허용 목록 안에만 존재한다 (3.488917ms)
✔ 제품 소스에는 레거시 기능 경로와 SQLite·복제 제품 흔적이 없다 (10.188833ms)
✔ 공개 자산과 제품 문서에는 clone 자산·구 URL redirect·SQLite 흔적이 없다 (1.463792ms)
✔ fresh migration과 두 번째 migration 실행이 모두 성공한다 (2839.529625ms)
✔ workspace당 네 번째 site를 거부한다 (31.072458ms)
✔ site당 active rank와 aio query를 각각 20개까지만 허용한다 (85.40575ms)
✔ web role은 transaction-local workspace 밖의 row를 볼 수 없다 (7.736208ms)
✔ web, worker, billing role은 BYPASSRLS가 아니며 web 정책은 명시적으로 role에 한정된다 (3.075208ms)
✔ billing role은 fingerprint 결제수단과 append-only ledger만 변경한다 (26.069541ms)
✔ DB도 GSC token과 Toss billing key의 평문 저장을 거부한다 (1.377125ms)
✔ auth role은 pre-tenant 인증 트랜잭션에 필요한 최소 권한과 RLS 정책만 가진다 (51.031042ms)
✔ auth role은 초대 intent에서 신규 workspace·owner membership·session을 원자 생성한다 (43.444167ms)
✔ auth 수락 트랜잭션 중간 실패는 account와 workspace 생성을 전부 rollback한다 (8.87ms)
✔ invite provisioning 제약은 잘못된 상태·역할·해시와 pending 중복을 거부한다 (8.119875ms)
✔ auth role은 만료된 invite intent를 잠그거나 수락하지 못한다 (5.384125ms)
✔ operator는 만료 intent만 supersede하고 경쟁 재발급에서 pending 하나만 남긴다 (34.246583ms)
✔ operator role은 NOLOGIN 권한 그룹이며 invites SELECT/INSERT 권한만 가진다 (33.963583ms)
✔ operator는 7일 초대를 발급하지만 인증·사이트·결제 데이터에는 접근하지 못한다 (30.38775ms)
✔ auth runtime은 AUTH_DATABASE_URL만 사용하고 migration owner URL을 재사용하지 않는다 (2.374583ms)
✔ 공개 상태 enum은 제품 계약과 정확히 일치한다 (1.791584ms)
✔ 모든 tenant domain table은 non-null workspace_id를 가진다 (8.215541ms)
✔ tracked_queries는 workspace와 site를 함께 참조한다 (0.22975ms)
✔ auth_action_throttles는 workspace 없이 action과 SHA-256 hash만 저장한다 (0.149709ms)
✔ invites는 생성 시점부터 최대 7일까지만 유효하다 (0.252792ms)
✔ invites는 신규 workspace intent와 수락한 owner membership을 명시적으로 연결한다 (16.776792ms)
✔ auth guard는 공개 resolveRequestId로 안전한 ID만 재사용한다 (85.418375ms)
✔ 성공 응답은 고정 envelope와 안전한 요청 ID를 반환한다 (11.765459ms)
✔ typed ApiError는 상태 코드와 오류 envelope로 변환된다 (0.721ms)
✔ RATE_LIMITED 오류는 정수 Retry-After와 canonical 응답 헤더를 반환한다 (3.070875ms)
✔ JSON 본문 파서는 application/json이 아닌 요청을 415로 거부한다 (2.986375ms)
✔ 상태 변경 요청은 cross-origin Origin을 handler 실행 전에 거부한다 (0.409291ms)
✔ 안전하지 않은 요청 ID는 UUID로 교체하고 handler와 응답에 동일하게 전달한다 (0.355333ms)
✔ 성공 응답의 Set-Cookie는 보존하고 임의 x-request-id는 덮어쓴다 (0.313208ms)
✔ 예상하지 못한 오류는 메시지와 비밀값을 숨긴 500 envelope로 변환한다 (0.39025ms)
✔ INTERNAL ApiError의 사용자 지정 메시지도 외부에 노출하지 않는다 (1.31475ms)
✔ apiSuccess는 JSON 본문을 허용하지 않는 성공 status를 런타임에도 거부한다 (0.709458ms)
▶ 깨진 JSON은 400, 스키마 불일치는 422와 필드 오류를 반환한다
  ✔ malformed JSON (2.304125ms)
  ✔ schema mismatch (1.647792ms)
✔ 깨진 JSON은 400, 스키마 불일치는 422와 필드 오류를 반환한다 (9.732084ms)
✔ 정상 JSON은 Zod 변환 결과를 handler에 전달한다 (6.207334ms)
✔ Zod 필드 오류는 Object prototype과 같은 이름도 누락하지 않는다 (0.707125ms)
✔ 비동기 Zod refine 실패도 500이 아닌 422로 변환한다 (3.5295ms)
▶ Origin이 없거나 opaque/null이면 상태 변경 요청을 거부한다
  ✔ missing (0.265291ms)
  ✔ opaque (0.187458ms)
  ✔ malformed (0.1465ms)
✔ Origin이 없거나 opaque/null이면 상태 변경 요청을 거부한다 (0.82925ms)
✔ 위조된 forwarded host/proto로 canonical origin을 바꿀 수 없다 (0.188417ms)
✔ Host가 canonical URL host와 다르면 상태 변경 요청을 거부한다 (0.147083ms)
✔ APP_PUBLIC_URL이 설정되면 Host-derived Request URL로 신뢰 origin을 오염시킬 수 없다 (0.182458ms)
▶ production 상태 변경 요청은 HTTPS trusted origin이 없으면 fail closed한다
  ✔ missing APP_PUBLIC_URL (0.144625ms)
  ✔ HTTP APP_PUBLIC_URL (0.127083ms)
  ✔ explicit HTTPS trusted origin (0.158667ms)
✔ production 상태 변경 요청은 HTTPS trusted origin이 없으면 fail closed한다 (0.597042ms)
▶ 읽기 요청과 명시적 외부 webhook 정책은 Origin 검증을 생략한다
  ✔ GET (0.1125ms)
  ✔ external webhook POST (0.119667ms)
✔ 읽기 요청과 명시적 외부 webhook 정책은 Origin 검증을 생략한다 (0.34075ms)
▶ Origin 정책 오타와 none을 사용한 상태 변경 요청은 fail closed한다
  ✔ runtime typo (0.130375ms)
  ✔ none on POST (0.114833ms)
✔ Origin 정책 오타와 none을 사용한 상태 변경 요청은 fail closed한다 (0.350334ms)
✔ API 헬퍼 로드 후 zod 필드 오류가 한국어 우선 정책을 따른다 (3.552292ms)
✔ 암호문은 현재 key id를 포함하고 같은 keyring에서 round-trip 된다 (73.061375ms)
✔ 이전 key id의 암호문은 회전 후 previous key map으로 복호화된다 (258.245333ms)
✔ 변조·알 수 없는 key id·평문은 안전하게 null을 반환한다 (112.842916ms)
✔ AAD가 다른 workspace나 record로 바뀌면 암호문 이동을 거부한다 (89.077042ms)
✔ 환경 keyring wrapper도 key id와 previous key map을 사용한다 (326.053167ms)
✔ production은 database, public URL, current encryption key를 모두 요구한다 (17.147083ms)
✔ test mode는 외부 키 없이 명시적으로 실행할 수 있다 (0.287333ms)
✔ AUTH_TRUST_PROXY_HEADERS는 명시적인 true/false만 허용한다 (0.493583ms)
✔ previous key map은 유효한 JSON object와 32-byte secret만 허용한다 (0.328583ms)
✔ production public URL은 https만 허용한다 (0.1385ms)
✔ 로컬 앱 브라우저가 사용하는 loopback 호스트를 개발 리소스 원본으로 허용한다 (1.01225ms)
✔ 세션 쿠키 옵션은 30일 TTL·HttpOnly·SameSite=Lax·Path=/를 고정한다 (2.140875ms)
✔ Set-Cookie 헤더는 production에서만 Secure를 포함한다 (59.96525ms)
✔ 삭제 옵션과 헤더는 즉시 만료되며 production Secure 정책을 유지한다 (0.285625ms)
✔ Request Cookie 헤더에서 정확한 세션 쿠키만 읽는다 (0.897042ms)
✔ 중복·빈 값·손상된 세션 쿠키는 거부한다 (0.143833ms)
✔ Next 16의 async cookies() 결과도 프레임워크 타입 의존 없이 읽는다 (0.171541ms)
▶ owner와 admin은 허용된 역할 guard를 통과한다
  ✔ owner (124.690083ms)
  ✔ admin (0.326791ms)
✔ owner와 admin은 허용된 역할 guard를 통과한다 (126.368625ms)
✔ 허용 역할에 없는 member는 FORBIDDEN이다 (1.543959ms)
▶ 누락되거나 만료·폐기된 session은 UNAUTHENTICATED이다
  ✔ missing cookie (0.374417ms)
  ✔ revoked session (0.264625ms)
✔ 누락되거나 만료·폐기된 session은 UNAUTHENTICATED이다 (0.914084ms)
▶ CSRF 검증은 cross-origin과 Host mismatch를 service 실행 전에 거부한다
  ✔ cross-origin (1.047ms)
  ✔ host mismatch (0.147959ms)
✔ CSRF 검증은 cross-origin과 Host mismatch를 service 실행 전에 거부한다 (1.635917ms)
✔ guard 결과는 raw token과 session/PII를 제거하고 안전한 requestId를 만든다 (2.031084ms)
✔ login은 same-origin JSON만 받고 raw session token을 쿠키에만 기록한다 (190.563125ms)
✔ login throttleKey는 피해자 이메일만으로 고정되지 않고 클라이언트 신호를 해시한다 (3.78475ms)
✔ login throttleKey는 trusted proxy opt-in 없이는 spoofed forwarded IP를 무시한다 (3.904208ms)
✔ login은 cross-origin 요청을 service 실행 전에 거부한다 (0.530625ms)
▶ login은 JSON 형식과 schema 오류를 표준 envelope로 반환한다
  ✔ application/json이 아니면 415 (0.484875ms)
  ✔ 입력 schema가 맞지 않으면 422 (0.877ms)
  ✔ server-only 필드는 public body에서 422 (2.863042ms)
✔ login은 JSON 형식과 schema 오류를 표준 envelope로 반환한다 (4.808875ms)
✔ invite 수락도 session token을 body에서 제거하고 cookie로만 반환한다 (1.104041ms)
✔ invite 수락 body의 server-only currentSessionToken은 거부한다 (0.5085ms)
✔ logout은 현재 cookie를 revoke하고 삭제 cookie를 반환한다 (0.451167ms)
✔ session GET은 Origin 없이 동작하고 인증되지 않은 요청에 401을 반환한다 (0.285375ms)
✔ forgot password는 존재 여부와 무관한 202 응답만 반환한다 (0.428458ms)
✔ reset password 성공은 기존 session cookie를 삭제한다 (0.35825ms)
✔ RATE_LIMITED service 오류는 generic 429와 Retry-After로 변환된다 (0.909042ms)
▶ AuthServiceError는 route별 안전한 public 오류로 변환된다
  ✔ invalid credentials (0.443417ms)
  ✔ invalid invite (0.3135ms)
  ✔ invalid new password (0.74975ms)
  ✔ invalid password reset (1.055625ms)
  ✔ configuration error (1.005666ms)
✔ AuthServiceError는 route별 안전한 public 오류로 변환된다 (4.099666ms)
✔ 비밀번호 해시는 파라미터와 salt를 포함한 단일 versioned 문자열이다 (196.753875ms)
✔ 같은 비밀번호도 무작위 salt 때문에 서로 다른 해시를 만든다 (361.805875ms)
✔ 알 수 없는 버전·파라미터·비정규 인코딩은 검증하지 않는다 (52.742167ms)
✔ 새 workspace 초대 수락은 사용자·membership·session·초대 소비를 원자 생성한다 (2304.257167ms)
✔ invite preflight은 유효한 token과 일치 email만 ready로 공개하고 나머지는 invalid로 합친다 (977.179916ms)
✔ 유효한 pending invite와 email 또는 workspace slug가 겹치면 재발급을 거부한다 (599.431875ms)
✔ operator store는 직접 호출에서도 email·workspace name·slug 계약을 검증한다 (530.556375ms)
✔ 만료된 pending invite는 DB clock으로 supersede한 뒤 재발급하고 이전 token을 거부한다 (536.653ms)
✔ 동시에 같은 초대를 수락해도 한 요청만 성공하고 session도 하나만 남는다 (518.927291ms)
✔ workspace slug 충돌로 수락 CAS가 실패하면 먼저 만든 user도 rollback되어 orphan이 남지 않는다 (554.553875ms)
✔ 기존 사용자는 password hash를 CAS 재확인하고 새 workspace owner가 되어도 기존 password를 보존한다 (539.591125ms)
✔ 초대 수락 session 교체는 다른 사용자의 cookie hash를 revoke하지 않는다 (582.646041ms)
✔ session rotation은 새 hash 생성과 현재 session revoke를 한 transaction으로 처리한다 (519.100625ms)
✔ session rotation은 다른 사용자나 workspace의 current token을 revoke하지 않는다 (535.337292ms)
✔ password reset은 token을 한 번만 소비하고 password 변경과 모든 session revoke를 원자 처리한다 (509.388875ms)
✔ password reset 생성은 reset token row와 이메일 outbox를 같은 auth transaction에 예약한다 (558.359834ms)
✔ 동시 password reset은 한 요청만 password를 변경하고 다른 요청은 invalid로 끝난다 (512.481416ms)
✔ auth throttle은 hash 식별자만 원자 집계하고 5회 이후 15분 동안 차단한다 (533.899584ms)
✔ 초대 토큰은 7일 만료 SHA-256 해시로만 저장하고 raw token은 호출자에게 한 번 반환한다 (28.248208ms)
✔ 신규 사용자는 강한 비밀번호로 초대를 원자 수락하고 raw session token만 받는다 (122.858708ms)
✔ 기존 사용자는 현재 비밀번호를 검증하되 해시를 덮어쓰지 않는다 (130.099542ms)
✔ 초대 preflight 실패와 기존 사용자 비밀번호 실패는 같은 오류로 응답한다 (121.471709ms)
✔ 로그인은 throttle 통과 후 워크스페이스를 검증하고 기존 cookie session을 원자 회전한다 (136.6475ms)
✔ 존재하지 않는 계정과 잘못된 비밀번호는 같은 로그인 오류를 반환한다 (188.941458ms)
✔ login throttle이 차단하면 계정 조회 전에 retry-after 오류를 반환한다 (0.391583ms)
✔ 세션 조회와 로그아웃은 raw cookie를 저장소에 넘기지 않고 폐기는 멱등적이다 (0.244958ms)
✔ 비밀번호 재설정 요청은 30분 해시 토큰과 outbox delivery를 원자 저장 경계에 전달한다 (0.798083ms)
✔ 비밀번호 재설정 요청은 계정 존재·throttle은 숨기되 outbox 영속화 실패는 성공으로 숨기지 않는다 (0.721542ms)
✔ 비밀번호 재설정은 새 해시와 토큰 해시를 원자 소비 경계에 전달한다 (131.769ms)
✔ 만료·재사용 재설정 토큰과 약한 비밀번호는 안전한 공개 오류로 변환한다 (60.861167ms)
✔ 기본 불투명 토큰은 32 random bytes의 base64url 문자열이다 (3.017208ms)
✔ 요청한 안전한 byte 길이로 토큰을 만들 수 있다 (0.727625ms)
✔ 토큰 저장용 해시는 결정적인 SHA-256 lower hex이다 (0.237417ms)
✔ 코어 스키마와 같은 SubscriptionStatus 목록을 고정한다 (32.1715ms)
✔ 결제 성공 전에 active로 건너뛰지 못하는 상태 머신을 적용한다 (0.538292ms)
✔ 청구기간과 시도 번호로 안정적인 orderId와 idempotency key를 만든다 (6.389666ms)
✔ +1/+3/+5일 재시도와 7일 grace 계약을 절대 시각으로 계산한다 (0.134958ms)
✔ past_due grace 중에는 과거 리포트 read만 허용하고 생성·수정을 차단한다 (0.192708ms)
✔ billing key를 workspace/record AAD에 묶은 AES-GCM envelope로만 보관한다 (113.818875ms)
✔ 기간 말 취소는 일할 환불이 없으며 법정 예외를 명시한다 (0.120958ms)
✔ 빌링 callback POST는 CSRF·owner/admin RequireAuth 경계와 필수 멱등키를 지난다 (78.092916ms)
✔ 멱등키가 없는 인증·재결제·취소 POST를 서비스 호출 전에 거부한다 (0.793541ms)
✔ 본문 workspaceId를 받지 않아 auth principal의 tenant를 바꿀 수 없다 (0.445708ms)
✔ 웹훅은 세션 auth를 요구하지 않고 공식 transmission id로 dedupe한다 (0.804083ms)
✔ 취소 API는 효력 발생일과 무일할환불·법정예외 정책을 응답한다 (6.040833ms)
✔ 빌링 인증 직후 49,000원 첫 결제가 성공해야만 active가 된다 (97.652625ms)
✔ 승인 응답 후 로컬 commit이 한 번 실패하면 orderId Query API로 대사한다 (89.813667ms)
✔ 타임아웃 후에는 재청구하지 않고 Query API의 DONE으로 회복한다 (141.710625ms)
✔ 명시적 결제 실패는 past_due와 7일 grace를 남긴다 (95.130083ms)
✔ 같은 callback replay는 같은 멱등키를 쓰고 중복 청구하지 않는다 (95.286417ms)
✔ 결제수단 교체는 past_due의 미납 기간을 즉시 다음 시도로 재청구한다 (65.748416ms)
✔ 웹훅 replay와 역순 이벤트는 모두 Query API 현재 상태로 수렴한다 (132.754708ms)
✔ 취소는 현재 결제기간 끝으로 예약하고 일할환불을 만들지 않는다 (235.175459ms)
✔ 빌링키 발급에 공식 v1 서버 API, Basic auth, 필수 Idempotency-Key를 사용한다 (41.459834ms)
✔ 자동결제 승인은 49,000원·고정 주문번호·멱등키를 전달한다 (0.594542ms)
✔ 빈 Idempotency-Key를 외부 호출 전에 거부한다 (0.467833ms)
✔ 타임아웃은 성공 여부가 모호한 재조회 대상 오류로 구분한다 (0.29175ms)
✔ Query API로 orderId의 권위 있는 결제 상태를 읽는다 (0.318167ms)
✔ 로그에 Basic auth·authKey·billingKey·customerKey·paymentKey를 노출하지 않는다 (2.581292ms)
✔ Blog Search는 API HUB URL과 서버 인증 헤더를 사용하고 상위 항목을 정규화한다 (72.33625ms)
✔ Search Trend는 최근 12개월과 선택 필터를 공식 POST 본문으로 전달한다 (4.597667ms)
✔ API HUB 자격 증명이 없으면 호출하지 않고 typed unavailable 오류를 던진다 (0.481459ms)
✔ API HUB 공급자 오류 본문은 예외 메시지에 노출하지 않는다 (0.419208ms)
✔ RelKwdStat는 timestamp.method.path HMAC 서명과 공식 인증 헤더를 사용한다 (108.486416ms)
✔ 월간 검색수의 <10과 소수 광고 지표를 손실 없이 정규화한다 (2.526375ms)
✔ count helper는 exact와 qualifier 합계를 범위로 반환한다 (0.39025ms)
✔ seed는 최대 5개이며 검증 실패 시 공급자를 호출하지 않는다 (0.49175ms)
✔ 429는 inline retry 없이 typed rate-limit 오류로 반환한다 (0.524875ms)
✔ Search Ads 자격 증명이 없으면 typed unavailable 오류를 반환한다 (0.167875ms)
✔ 사이트 도메인은 URL 또는 bare IDNA domain을 canonical ASCII host로 정규화한다 (9.483917ms)
✔ 사이트 도메인은 경로, 자격 증명, 포트, IP와 내부용 host를 거부한다 (4.581084ms)
✔ 공개 IP 판정은 private, loopback, link-local, documentation 대역을 차단한다 (0.981459ms)
✔ 등록 안전성 검사는 DNS 결과가 없거나 하나라도 비공개 주소이면 거부한다 (0.538458ms)
✔ POST /api/v1/sites는 Idempotency-Key를 요구하고 생성 결과를 envelope로 반환한다 (1741.691583ms)
✔ GET /api/v1/sites는 cursor 페이지를 workspace 내부로만 반환한다 (2.055416ms)
✔ PATCH /api/v1/sites/[siteId]와 /tracking/[trackingId]는 다른 workspace IDOR를 NOT_FOUND로 막는다 (22.958584ms)
✔ createSite는 canonical domain, idempotency, outbox, cursor list를 실제 PostgreSQL에 반영한다 (1775.4605ms)
✔ createSite는 duplicate, site 3개 제한, DNS SSRF, RLS/IDOR를 차단한다 (29.412167ms)
✔ disableSite와 reactivateSite는 workspace 경계와 outbox idempotency를 지킨다 (24.985375ms)
✔ createTrackedQuery는 normalized duplicate, rank20/aio20 제한, 고정 수집 설정과 outbox를 보장한다 (185.16875ms)
✔ 공식 POST/form 요청 계약과 Bearer 인증을 사용한다 (94.079208ms)
✔ Google과 Bing에 공급자별 공식 위치 파라미터를 전달한다 (2.110333ms)
✔ 일시적인 Collection failed 응답 뒤 성공하면 재시도 결과를 반환한다 (7.462417ms)
✔ 인증 실패는 재시도하지 않고 즉시 토큰 오류로 반환한다 (1.723042ms)
✔ 수집 엔진 실패가 계속되면 횟수와 원인을 포함한 안전한 오류를 반환한다 (2.77825ms)
✔ 검색 광고와 쇼핑 광고 응답 변형을 공급자 중립 형태로 정규화한다 (1.092ms)
✔ 숫자형 쇼핑 가격도 정보 손실 없이 문자열로 보존한다 (0.534833ms)
✔ 중복 광고는 제거하되 상단과 하단 배치는 별개로 보존한다 (0.724375ms)
ℹ tests 225
ℹ suites 2
ℹ pass 225
ℹ fail 0
ℹ cancelled 0
ℹ skipped 0
ℹ todo 0
ℹ duration_ms 13036.239708
